Archive member included to satisfy reference by file (symbol)

/usr/lib/gcc/arm-none-eabi/9.2.1/thumb/v7-m/nofp/libgcc.a(_arm_mulsf3.o)
                              build/zoul/remote-revb/obj/power-mgmt.o (__aeabi_fmul)
/usr/lib/gcc/arm-none-eabi/9.2.1/thumb/v7-m/nofp/libgcc.a(_arm_addsubsf3.o)
                              build/zoul/remote-revb/obj/power-mgmt.o (__aeabi_fsub)
/usr/lib/gcc/arm-none-eabi/9.2.1/thumb/v7-m/nofp/libgcc.a(_arm_muldivsf3.o)
                              build/zoul/remote-revb/obj/power-mgmt.o (__aeabi_fdiv)
/usr/lib/gcc/arm-none-eabi/9.2.1/thumb/v7-m/nofp/libgcc.a(_arm_fixunssfsi.o)
                              build/zoul/remote-revb/obj/power-mgmt.o (__aeabi_f2uiz)
/usr/lib/gcc/arm-none-eabi/9.2.1/thumb/v7-m/nofp/libgcc.a(_aeabi_ldivmod.o)
                              build/zoul/remote-revb/obj/spi-legacy.o (__aeabi_ldivmod)
/usr/lib/gcc/arm-none-eabi/9.2.1/thumb/v7-m/nofp/libgcc.a(_aeabi_uldivmod.o)
                              build/zoul/remote-revb/obj/spi-legacy.o (__aeabi_uldivmod)
/usr/lib/gcc/arm-none-eabi/9.2.1/thumb/v7-m/nofp/libgcc.a(_udivmoddi4.o)
                              /usr/lib/gcc/arm-none-eabi/9.2.1/thumb/v7-m/nofp/libgcc.a(_aeabi_ldivmod.o) (__udivmoddi4)
/usr/lib/gcc/arm-none-eabi/9.2.1/thumb/v7-m/nofp/libgcc.a(_dvmd_tls.o)
                              /usr/lib/gcc/arm-none-eabi/9.2.1/thumb/v7-m/nofp/libgcc.a(_aeabi_ldivmod.o) (__aeabi_ldiv0)
/usr/lib/gcc/arm-none-eabi/9.2.1/../../../arm-none-eabi/lib/thumb/v7-m/nofp/libc.a(lib_a-malloc.o)
                              build/zoul/remote-revb/obj/syscall.o (malloc)
/usr/lib/gcc/arm-none-eabi/9.2.1/../../../arm-none-eabi/lib/thumb/v7-m/nofp/libc.a(lib_a-mallocr.o)
                              /usr/lib/gcc/arm-none-eabi/9.2.1/../../../arm-none-eabi/lib/thumb/v7-m/nofp/libc.a(lib_a-malloc.o) (_malloc_r)
/usr/lib/gcc/arm-none-eabi/9.2.1/../../../arm-none-eabi/lib/thumb/v7-m/nofp/libc.a(lib_a-memcmp.o)
                              build/zoul/remote-revb/obj/linkaddr.o (memcmp)
/usr/lib/gcc/arm-none-eabi/9.2.1/../../../arm-none-eabi/lib/thumb/v7-m/nofp/libc.a(lib_a-memcpy.o)
                              build/zoul/remote-revb/obj/ecc-algorithm.o (memcpy)
/usr/lib/gcc/arm-none-eabi/9.2.1/../../../arm-none-eabi/lib/thumb/v7-m/nofp/libc.a(lib_a-memmove.o)
                              build/zoul/remote-revb/obj/uip-icmp6.o (memmove)
/usr/lib/gcc/arm-none-eabi/9.2.1/../../../arm-none-eabi/lib/thumb/v7-m/nofp/libc.a(lib_a-memset.o)
                              build/zoul/remote-revb/obj/udma.o (memset)
/usr/lib/gcc/arm-none-eabi/9.2.1/../../../arm-none-eabi/lib/thumb/v7-m/nofp/libc.a(lib_a-mlock.o)
                              /usr/lib/gcc/arm-none-eabi/9.2.1/../../../arm-none-eabi/lib/thumb/v7-m/nofp/libc.a(lib_a-mallocr.o) (__malloc_lock)
/usr/lib/gcc/arm-none-eabi/9.2.1/../../../arm-none-eabi/lib/thumb/v7-m/nofp/libc.a(lib_a-reent.o)
                              build/zoul/remote-revb/obj/syscalls.o (errno)
/usr/lib/gcc/arm-none-eabi/9.2.1/../../../arm-none-eabi/lib/thumb/v7-m/nofp/libc.a(lib_a-sbrkr.o)
                              /usr/lib/gcc/arm-none-eabi/9.2.1/../../../arm-none-eabi/lib/thumb/v7-m/nofp/libc.a(lib_a-mallocr.o) (_sbrk_r)
/usr/lib/gcc/arm-none-eabi/9.2.1/../../../arm-none-eabi/lib/thumb/v7-m/nofp/libc.a(lib_a-strcat.o)
                              build/zoul/remote-revb/obj/loraphy.o (strcat)
/usr/lib/gcc/arm-none-eabi/9.2.1/../../../arm-none-eabi/lib/thumb/v7-m/nofp/libc.a(lib_a-strcmp.o)
                              build/zoul/remote-revb/obj/cfs-coffee.o (strcmp)
/usr/lib/gcc/arm-none-eabi/9.2.1/../../../arm-none-eabi/lib/thumb/v7-m/nofp/libc.a(lib_a-strcpy.o)
                              /usr/lib/gcc/arm-none-eabi/9.2.1/../../../arm-none-eabi/lib/thumb/v7-m/nofp/libc.a(lib_a-strcat.o) (strcpy)
/usr/lib/gcc/arm-none-eabi/9.2.1/../../../arm-none-eabi/lib/thumb/v7-m/nofp/libc.a(lib_a-strlen-stub.o)
                              build/zoul/remote-revb/obj/at-master.o (strlen)
/usr/lib/gcc/arm-none-eabi/9.2.1/../../../arm-none-eabi/lib/thumb/v7-m/nofp/libc.a(lib_a-strncmp.o)
                              build/zoul/remote-revb/obj/at-master.o (strncmp)
/usr/lib/gcc/arm-none-eabi/9.2.1/../../../arm-none-eabi/lib/thumb/v7-m/nofp/libc.a(lib_a-strncpy.o)
                              build/zoul/remote-revb/obj/cfs-coffee.o (strncpy)
/usr/lib/gcc/arm-none-eabi/9.2.1/../../../arm-none-eabi/lib/thumb/v7-m/nofp/libc.a(lib_a-strstr.o)
                              build/zoul/remote-revb/obj/at-master.o (strstr)
/usr/lib/gcc/arm-none-eabi/9.2.1/../../../arm-none-eabi/lib/thumb/v7-m/nofp/libc.a(lib_a-strtol.o)
                              build/zoul/remote-revb/obj/loraphy.o (strtol)
/usr/lib/gcc/arm-none-eabi/9.2.1/../../../arm-none-eabi/lib/thumb/v7-m/nofp/libc.a(lib_a-ctype_.o)
                              /usr/lib/gcc/arm-none-eabi/9.2.1/../../../arm-none-eabi/lib/thumb/v7-m/nofp/libc.a(lib_a-strtol.o) (_ctype_)
[...]
Memory Configuration

Name             Origin             Length             Attributes
FLASH_FW         0x0000000000202000 0x000000000007dfd4 xr
FLASH_CCA        0x000000000027ffd4 0x000000000000002c xr
NRSRAM           0x0000000020000000 0x0000000000004000 xrw
FRSRAM           0x0000000020004000 0x0000000000004000 xrw
*default*        0x0000000000000000 0xffffffffffffffff

Linker script and memory map

LOAD build/zoul/remote-revb/obj/startup-gcc.o
LOAD build/zoul/remote-revb/obj/platform.o
LOAD build/zoul/remote-revb/obj/leds-arch.o
LOAD build/zoul/remote-revb/obj/leds.o
LOAD build/zoul/remote-revb/obj/cc1200-zoul-arch.o
LOAD build/zoul/remote-revb/obj/adc-zoul.o
LOAD build/zoul/remote-revb/obj/board-buttons.o
LOAD build/zoul/remote-revb/obj/zoul-sensors.o
LOAD build/zoul/remote-revb/obj/board.o
LOAD build/zoul/remote-revb/obj/antenna-sw.o
LOAD build/zoul/remote-revb/obj/mmc-arch.o
LOAD build/zoul/remote-revb/obj/rtcc.o
LOAD build/zoul/remote-revb/obj/power-mgmt.o
LOAD build/zoul/remote-revb/obj/soc.o
LOAD build/zoul/remote-revb/obj/clock.o
LOAD build/zoul/remote-revb/obj/rtimer-arch.o
LOAD build/zoul/remote-revb/obj/uart.o
LOAD build/zoul/remote-revb/obj/watchdog.o
LOAD build/zoul/remote-revb/obj/nvic.o
LOAD build/zoul/remote-revb/obj/sys-ctrl.o
LOAD build/zoul/remote-revb/obj/gpio.o
LOAD build/zoul/remote-revb/obj/ioc.o
LOAD build/zoul/remote-revb/obj/spi-legacy.o
LOAD build/zoul/remote-revb/obj/adc.o
LOAD build/zoul/remote-revb/obj/spi-arch.o
LOAD build/zoul/remote-revb/obj/crypto.o
LOAD build/zoul/remote-revb/obj/aes.o
LOAD build/zoul/remote-revb/obj/ecb.o
LOAD build/zoul/remote-revb/obj/cbc.o
LOAD build/zoul/remote-revb/obj/ctr.o
LOAD build/zoul/remote-revb/obj/cbc-mac.o
LOAD build/zoul/remote-revb/obj/gcm.o
LOAD build/zoul/remote-revb/obj/ccm.o
LOAD build/zoul/remote-revb/obj/sha256.o
LOAD build/zoul/remote-revb/obj/gpio-hal-arch.o
LOAD build/zoul/remote-revb/obj/cc2538-aes-128.o
LOAD build/zoul/remote-revb/obj/cc2538-ccm-star.o
LOAD build/zoul/remote-revb/obj/cc2538-rf.o
LOAD build/zoul/remote-revb/obj/udma.o
LOAD build/zoul/remote-revb/obj/lpm.o
LOAD build/zoul/remote-revb/obj/int-master.o
LOAD build/zoul/remote-revb/obj/pka.o
LOAD build/zoul/remote-revb/obj/bignum-driver.o
LOAD build/zoul/remote-revb/obj/ecc-driver.o
LOAD build/zoul/remote-revb/obj/ecc-algorithm.o
LOAD build/zoul/remote-revb/obj/ecc-curve.o
LOAD build/zoul/remote-revb/obj/dbg.o
LOAD build/zoul/remote-revb/obj/ieee-addr.o
LOAD build/zoul/remote-revb/obj/slip-arch.o
LOAD build/zoul/remote-revb/obj/slip.o
LOAD build/zoul/remote-revb/obj/i2c.o
LOAD build/zoul/remote-revb/obj/cc2538-temp-sensor.o
LOAD build/zoul/remote-revb/obj/vdd3-sensor.o
LOAD build/zoul/remote-revb/obj/cfs-coffee.o
LOAD build/zoul/remote-revb/obj/cfs-coffee-arch.o
LOAD build/zoul/remote-revb/obj/pwm.o
LOAD build/zoul/remote-revb/obj/usb-core.o
LOAD build/zoul/remote-revb/obj/cdc-acm.o
LOAD build/zoul/remote-revb/obj/usb-arch.o
LOAD build/zoul/remote-revb/obj/usb-serial.o
LOAD build/zoul/remote-revb/obj/cdc-acm-descriptors.o
LOAD build/zoul/remote-revb/obj/at-master.o
LOAD build/zoul/remote-revb/obj/random.o
LOAD build/zoul/remote-revb/obj/contiki-main.o
LOAD build/zoul/remote-revb/obj/stimer.o
LOAD build/zoul/remote-revb/obj/autostart.o
LOAD build/zoul/remote-revb/obj/energest.o
LOAD build/zoul/remote-revb/obj/etimer.o
LOAD build/zoul/remote-revb/obj/log.o
LOAD build/zoul/remote-revb/obj/atomic.o
LOAD build/zoul/remote-revb/obj/mutex.o
LOAD build/zoul/remote-revb/obj/ctimer.o
LOAD build/zoul/remote-revb/obj/compower.o
LOAD build/zoul/remote-revb/obj/process.o
LOAD build/zoul/remote-revb/obj/rtimer.o
LOAD build/zoul/remote-revb/obj/node-id.o
LOAD build/zoul/remote-revb/obj/timer.o
LOAD build/zoul/remote-revb/obj/stack-check.o
LOAD build/zoul/remote-revb/obj/dbl-circ-list.o
LOAD build/zoul/remote-revb/obj/crc16.o
LOAD build/zoul/remote-revb/obj/ifft.o
LOAD build/zoul/remote-revb/obj/ringbuf.o
LOAD build/zoul/remote-revb/obj/ccm-star.o
LOAD build/zoul/remote-revb/obj/dbl-list.o
LOAD build/zoul/remote-revb/obj/ringbufindex.o
LOAD build/zoul/remote-revb/obj/sensors.o
LOAD build/zoul/remote-revb/obj/list.o
LOAD build/zoul/remote-revb/obj/circular-list.o
LOAD build/zoul/remote-revb/obj/aes-128.o
LOAD build/zoul/remote-revb/obj/trickle-timer.o
LOAD build/zoul/remote-revb/obj/memb.o
LOAD build/zoul/remote-revb/obj/heapmem.o
LOAD build/zoul/remote-revb/obj/hexconv.o
LOAD build/zoul/remote-revb/obj/assert.o
LOAD build/zoul/remote-revb/obj/button-hal.o
LOAD build/zoul/remote-revb/obj/serial-line.o
LOAD build/zoul/remote-revb/obj/spi.o
LOAD build/zoul/remote-revb/obj/nullradio.o
LOAD build/zoul/remote-revb/obj/gpio-hal.o
LOAD build/zoul/remote-revb/obj/queuebuf.o
LOAD build/zoul/remote-revb/obj/nbr-table.o
LOAD build/zoul/remote-revb/obj/packetbuf.o
LOAD build/zoul/remote-revb/obj/netstack.o
LOAD build/zoul/remote-revb/obj/linkaddr.o
LOAD build/zoul/remote-revb/obj/net-debug.o
LOAD build/zoul/remote-revb/obj/link-stats.o
LOAD build/zoul/remote-revb/obj/mac-sequence.o
LOAD build/zoul/remote-revb/obj/mac.o
LOAD build/zoul/remote-revb/obj/frame802154e-ie.o
LOAD build/zoul/remote-revb/obj/framer-802154.o
LOAD build/zoul/remote-revb/obj/nullframer.o
LOAD build/zoul/remote-revb/obj/frame802154.o
LOAD build/zoul/remote-revb/obj/ff.o
LOAD build/zoul/remote-revb/obj/syscall.o
LOAD build/zoul/remote-revb/obj/unicode.o
LOAD build/zoul/remote-revb/obj/diskio.o
LOAD build/zoul/remote-revb/obj/syscalls.o
LOAD build/zoul/remote-revb/obj/strformat.o
LOAD build/zoul/remote-revb/obj/printf.o
LOAD build/zoul/remote-revb/obj/sprintf.o
LOAD build/zoul/remote-revb/obj/snprintf.o
LOAD build/zoul/remote-revb/obj/puts.o
LOAD build/zoul/remote-revb/obj/putchar.o
LOAD build/zoul/remote-revb/obj/cc1200-868-fsk-1-2kbps.o
LOAD build/zoul/remote-revb/obj/cc1200-802154g-863-870-fsk-50kbps.o
LOAD build/zoul/remote-revb/obj/cc1200.o
LOAD build/zoul/remote-revb/obj/cc1200-868-4gfsk-1000kbps.o
LOAD build/zoul/remote-revb/obj/rgb-led.o
LOAD build/zoul/remote-revb/obj/csma-security.o
LOAD build/zoul/remote-revb/obj/anti-replay.o
LOAD build/zoul/remote-revb/obj/csma.o
LOAD build/zoul/remote-revb/obj/csma-output.o
LOAD build/zoul/remote-revb/obj/ccm-star-packetbuf.o
LOAD build/zoul/remote-revb/obj/uipbuf.o
LOAD build/zoul/remote-revb/obj/uip-icmp6.o
LOAD build/zoul/remote-revb/obj/uip-sr.o
LOAD build/zoul/remote-revb/obj/uip-ds6.o
LOAD build/zoul/remote-revb/obj/uip-packetqueue.o
LOAD build/zoul/remote-revb/obj/tcp-socket.o
LOAD build/zoul/remote-revb/obj/ip64-addr.o
LOAD build/zoul/remote-revb/obj/uip-udp-packet.o
LOAD build/zoul/remote-revb/obj/uip-ds6-route.o
LOAD build/zoul/remote-revb/obj/psock.o
LOAD build/zoul/remote-revb/obj/tcpip.o
LOAD build/zoul/remote-revb/obj/uip6.o
LOAD build/zoul/remote-revb/obj/uip-ds6-nbr.o
LOAD build/zoul/remote-revb/obj/uip-nameserver.o
LOAD build/zoul/remote-revb/obj/uip-nd6.o
LOAD build/zoul/remote-revb/obj/udp-socket.o
LOAD build/zoul/remote-revb/obj/simple-udp.o
LOAD build/zoul/remote-revb/obj/sicslowpan.o
LOAD build/zoul/remote-revb/obj/uiplib.o
LOAD build/zoul/remote-revb/obj/rpl-nbr-policy.o
LOAD build/zoul/remote-revb/obj/rpl-of0.o
LOAD build/zoul/remote-revb/obj/rpl-neighbor.o
LOAD build/zoul/remote-revb/obj/rpl-dag.o
LOAD build/zoul/remote-revb/obj/rpl-timers.o
LOAD build/zoul/remote-revb/obj/rpl-ext-header.o
LOAD build/zoul/remote-revb/obj/rpl.o
LOAD build/zoul/remote-revb/obj/rpl-mrhof.o
LOAD build/zoul/remote-revb/obj/rpl-icmp6.o
LOAD build/zoul/remote-revb/obj/rpl-dag-root.o
LOAD lorarpl.o
LOAD build/zoul/remote-revb/obj/loraphy.o
LOAD build/zoul/remote-revb/obj/loramac.o
LOAD build/zoul/remote-revb/obj/mybuffer.o
START GROUP
LOAD /usr/lib/gcc/arm-none-eabi/9.2.1/../../../arm-none-eabi/lib/thumb/v7-m/nofp/libm.a
END GROUP
START GROUP
LOAD /usr/lib/gcc/arm-none-eabi/9.2.1/thumb/v7-m/nofp/libgcc.a
LOAD /usr/lib/gcc/arm-none-eabi/9.2.1/../../../arm-none-eabi/lib/thumb/v7-m/nofp/libc.a
END GROUP

.text           0x0000000000202000     0xbafa
                0x0000000000202000                _text = .
 *(SORT_BY_ALIGNMENT(.vectors))
 .vectors       0x0000000000202000      0x28c build/zoul/remote-revb/obj/startup-gcc.o
                0x0000000000202000                vectors
 *(SORT_BY_ALIGNMENT(.text*))
 .text.reset_handler
                0x000000000020228c       0x40 build/zoul/remote-revb/obj/startup-gcc.o
                0x000000000020228c                reset_handler
 .text.platform_init_stage_two
                0x00000000002022cc       0x4c build/zoul/remote-revb/obj/platform.o
                0x00000000002022cc                platform_init_stage_two
 .text.platform_init_stage_three
                0x0000000000202318       0x8c build/zoul/remote-revb/obj/platform.o
                0x0000000000202318                platform_init_stage_three
 .text.leds_on  0x00000000002023a4       0x50 build/zoul/remote-revb/obj/leds.o
                0x00000000002023a4                leds_on
 .text.leds_off
                0x00000000002023f4       0x48 build/zoul/remote-revb/obj/leds.o
                0x00000000002023f4                leds_off
 .text.leds_init
                0x000000000020243c       0x48 build/zoul/remote-revb/obj/leds.o
                0x000000000020243c                leds_init
 .text.antenna_sw_config
                0x0000000000202484       0x30 build/zoul/remote-revb/obj/antenna-sw.o
                0x0000000000202484                antenna_sw_config
 .text.soc_get_rev
                0x00000000002024b4       0x18 build/zoul/remote-revb/obj/soc.o
                0x00000000002024b4                soc_get_rev
 .text.soc_print_info
                0x00000000002024cc       0x10 build/zoul/remote-revb/obj/soc.o
                0x00000000002024cc                soc_print_info
 .text.update_ticks
                0x00000000002024dc       0x54 build/zoul/remote-revb/obj/clock.o
 .text.clock_init
                0x0000000000202530       0x4c build/zoul/remote-revb/obj/clock.o
                0x0000000000202530                clock_init
 .text.clock_time
                0x000000000020257c       0x14 build/zoul/remote-revb/obj/clock.o
                0x000000000020257c                clock_time
 .text.clock_seconds
                0x0000000000202590       0x14 build/zoul/remote-revb/obj/clock.o
                0x0000000000202590                clock_seconds
 .text.clock_delay_usec
                0x00000000002025a4       0x1c build/zoul/remote-revb/obj/clock.o
                0x00000000002025a4                clock_delay_usec
 .text.clock_adjust
                0x00000000002025c0       0x20 build/zoul/remote-revb/obj/clock.o
                0x00000000002025c0                clock_adjust
 .text.rtimer_arch_next_trigger
                0x00000000002025e0        0xc build/zoul/remote-revb/obj/rtimer-arch.o
                0x00000000002025e0                rtimer_arch_next_trigger
 .text.rtimer_arch_now
                0x00000000002025ec       0x24 build/zoul/remote-revb/obj/rtimer-arch.o
                0x00000000002025ec                rtimer_arch_now
 .text.rtimer_arch_schedule
                0x0000000000202610       0x58 build/zoul/remote-revb/obj/rtimer-arch.o
                0x0000000000202610                rtimer_arch_schedule
 .text.rtimer_isr
                0x0000000000202668       0x34 build/zoul/remote-revb/obj/rtimer-arch.o
                0x0000000000202668                rtimer_isr
 .text.permit_pm1
                0x000000000020269c       0x24 build/zoul/remote-revb/obj/uart.o
 .text.uart_isr
                0x00000000002026c0       0x60 build/zoul/remote-revb/obj/uart.o
 .text.uart_init
                0x0000000000202720      0x198 build/zoul/remote-revb/obj/uart.o
                0x0000000000202720                uart_init
 .text.uart_set_input
                0x00000000002028b8       0x10 build/zoul/remote-revb/obj/uart.o
                0x00000000002028b8                uart_set_input
 .text.uart_write_byte
                0x00000000002028c8       0x1c build/zoul/remote-revb/obj/uart.o
                0x00000000002028c8                uart_write_byte
 .text.watchdog_init
                0x00000000002028e4        0xc build/zoul/remote-revb/obj/watchdog.o
                0x00000000002028e4                watchdog_init
 .text.watchdog_start
                0x00000000002028f0        0xc build/zoul/remote-revb/obj/watchdog.o
                0x00000000002028f0                watchdog_start
 .text.watchdog_periodic
                0x00000000002028fc       0x10 build/zoul/remote-revb/obj/watchdog.o
                0x00000000002028fc                watchdog_periodic
 .text.nvic_init
                0x000000000020290c       0x10 build/zoul/remote-revb/obj/nvic.o
                0x000000000020290c                nvic_init
 .text.sys_ctrl_init
                0x000000000020291c       0x74 build/zoul/remote-revb/obj/sys-ctrl.o
                0x000000000020291c                sys_ctrl_init
 .text.gpio_port_isr
                0x0000000000202990       0x48 build/zoul/remote-revb/obj/gpio.o
 .text.ioc_init
                0x00000000002029d8       0x1c build/zoul/remote-revb/obj/ioc.o
                0x00000000002029d8                ioc_init
 .text.ioc_set_over
                0x00000000002029f4       0x14 build/zoul/remote-revb/obj/ioc.o
                0x00000000002029f4                ioc_set_over
 .text.ioc_set_sel
                0x0000000000202a08       0x14 build/zoul/remote-revb/obj/ioc.o
                0x0000000000202a08                ioc_set_sel
 .text.adc_get  0x0000000000202a1c       0x70 build/zoul/remote-revb/obj/adc.o
                0x0000000000202a1c                adc_get
 .text.permit_pm1
                0x0000000000202a8c       0x10 build/zoul/remote-revb/obj/crypto.o
 .text.crypto_isr
                0x0000000000202a9c       0x30 build/zoul/remote-revb/obj/crypto.o
                0x0000000000202a9c                crypto_isr
 .text.crypto_enable
                0x0000000000202acc       0x20 build/zoul/remote-revb/obj/crypto.o
                0x0000000000202acc                crypto_enable
 .text.crypto_init
                0x0000000000202aec       0x3c build/zoul/remote-revb/obj/crypto.o
                0x0000000000202aec                crypto_init
 .text.crypto_disable
                0x0000000000202b28       0x20 build/zoul/remote-revb/obj/crypto.o
                0x0000000000202b28                crypto_disable
 .text.gpio_hal_arch_no_port_pin_cfg_set
                0x0000000000202b48       0xc8 build/zoul/remote-revb/obj/gpio-hal-arch.o
                0x0000000000202b48                gpio_hal_arch_no_port_pin_cfg_set
 .text.off      0x0000000000202c10       0x40 build/zoul/remote-revb/obj/cc2538-rf.o
 .text.receiving_packet
                0x0000000000202c50       0x18 build/zoul/remote-revb/obj/cc2538-rf.o
 .text.pending_packet
                0x0000000000202c68       0x10 build/zoul/remote-revb/obj/cc2538-rf.o
 .text.on       0x0000000000202c78       0x28 build/zoul/remote-revb/obj/cc2538-rf.o
 .text.set_channel
                0x0000000000202ca0       0x38 build/zoul/remote-revb/obj/cc2538-rf.o
 .text.get_value
                0x0000000000202cd8      0x17c build/zoul/remote-revb/obj/cc2538-rf.o
 .text.channel_clear
                0x0000000000202e54       0x3c build/zoul/remote-revb/obj/cc2538-rf.o
 .text.set_object
                0x0000000000202e90       0x30 build/zoul/remote-revb/obj/cc2538-rf.o
 .text.read     0x0000000000202ec0       0xdc build/zoul/remote-revb/obj/cc2538-rf.o
 .text.prepare  0x0000000000202f9c       0x68 build/zoul/remote-revb/obj/cc2538-rf.o
 .text.get_object
                0x0000000000203004      0x130 build/zoul/remote-revb/obj/cc2538-rf.o
 .text.transmit
                0x0000000000203134       0xa4 build/zoul/remote-revb/obj/cc2538-rf.o
 .text.set_poll_mode
                0x00000000002031d8       0xa0 build/zoul/remote-revb/obj/cc2538-rf.o
 .text.init     0x0000000000203278       0xe8 build/zoul/remote-revb/obj/cc2538-rf.o
 .text.process_thread_cc2538_rf_process
                0x0000000000203360       0x90 build/zoul/remote-revb/obj/cc2538-rf.o
 .text.set_value
                0x00000000002033f0      0x18c build/zoul/remote-revb/obj/cc2538-rf.o
 .text.cc2538_rf_rx_tx_isr
                0x000000000020357c       0x24 build/zoul/remote-revb/obj/cc2538-rf.o
                0x000000000020357c                cc2538_rf_rx_tx_isr
 .text.cc2538_rf_err_isr
                0x00000000002035a0       0x28 build/zoul/remote-revb/obj/cc2538-rf.o
                0x00000000002035a0                cc2538_rf_err_isr
 .text.udma_init
                0x00000000002035c8       0x34 build/zoul/remote-revb/obj/udma.o
                0x00000000002035c8                udma_init
 .text.udma_set_channel_src
                0x00000000002035fc       0x10 build/zoul/remote-revb/obj/udma.o
                0x00000000002035fc                udma_set_channel_src
 .text.udma_set_channel_dst
                0x000000000020360c       0x14 build/zoul/remote-revb/obj/udma.o
                0x000000000020360c                udma_set_channel_dst
 .text.udma_set_channel_control_word
                0x0000000000203620       0x14 build/zoul/remote-revb/obj/udma.o
                0x0000000000203620                udma_set_channel_control_word
 .text.udma_channel_enable
                0x0000000000203634       0x18 build/zoul/remote-revb/obj/udma.o
                0x0000000000203634                udma_channel_enable
 .text.udma_channel_mask_set
                0x000000000020364c       0x18 build/zoul/remote-revb/obj/udma.o
                0x000000000020364c                udma_channel_mask_set
 .text.udma_channel_sw_request
                0x0000000000203664       0x18 build/zoul/remote-revb/obj/udma.o
                0x0000000000203664                udma_channel_sw_request
 .text.udma_channel_get_mode
                0x000000000020367c       0x1c build/zoul/remote-revb/obj/udma.o
                0x000000000020367c                udma_channel_get_mode
 .text.udma_isr
                0x0000000000203698       0x10 build/zoul/remote-revb/obj/udma.o
                0x0000000000203698                udma_isr
 .text.udma_err_isr
                0x00000000002036a8        0xc build/zoul/remote-revb/obj/udma.o
                0x00000000002036a8                udma_err_isr
 .text.select_32_mhz_xosc
                0x00000000002036b4       0x2c build/zoul/remote-revb/obj/lpm.o
 .text.lpm_exit
                0x00000000002036e0       0x34 build/zoul/remote-revb/obj/lpm.o
                0x00000000002036e0                lpm_exit
 .text.lpm_enter
                0x0000000000203714       0xb4 build/zoul/remote-revb/obj/lpm.o
                0x0000000000203714                lpm_enter
 .text.lpm_register_peripheral
                0x00000000002037c8       0x24 build/zoul/remote-revb/obj/lpm.o
                0x00000000002037c8                lpm_register_peripheral
 .text.lpm_init
                0x00000000002037ec       0x24 build/zoul/remote-revb/obj/lpm.o
                0x00000000002037ec                lpm_init
 .text.pka_isr  0x0000000000203810       0x30 build/zoul/remote-revb/obj/pka.o
                0x0000000000203810                pka_isr
 .text.ieee_addr_cpy_to
                0x0000000000203840       0x60 build/zoul/remote-revb/obj/ieee-addr.o
                0x0000000000203840                ieee_addr_cpy_to
 .text.random_rand
                0x00000000002038a0       0x24 build/zoul/remote-revb/obj/random.o
                0x00000000002038a0                random_rand
 .text.random_init
                0x00000000002038c4       0x78 build/zoul/remote-revb/obj/random.o
                0x00000000002038c4                random_init
 .text.startup.main
                0x000000000020393c      0x1e8 build/zoul/remote-revb/obj/contiki-main.o
                0x000000000020393c                main
 .text.update_time
                0x0000000000203b24       0x40 build/zoul/remote-revb/obj/etimer.o
 .text.etimer_request_poll
                0x0000000000203b64        0xc build/zoul/remote-revb/obj/etimer.o
                0x0000000000203b64                etimer_request_poll
 .text.process_thread_etimer_process
                0x0000000000203b70       0xac build/zoul/remote-revb/obj/etimer.o
 .text.add_timer
                0x0000000000203c1c       0x40 build/zoul/remote-revb/obj/etimer.o
 .text.etimer_pending
                0x0000000000203c5c       0x10 build/zoul/remote-revb/obj/etimer.o
                0x0000000000203c5c                etimer_pending
 .text.etimer_stop
                0x0000000000203c6c       0x34 build/zoul/remote-revb/obj/etimer.o
                0x0000000000203c6c                etimer_stop
 .text.log_6addr
                0x0000000000203ca0       0x20 build/zoul/remote-revb/obj/log.o
                0x0000000000203ca0                log_6addr
 .text.log_lladdr
                0x0000000000203cc0       0x40 build/zoul/remote-revb/obj/log.o
                0x0000000000203cc0                log_lladdr
 .text.process_thread_ctimer_process
                0x0000000000203d00       0x7c build/zoul/remote-revb/obj/ctimer.o
 .text.ctimer_init
                0x0000000000203d7c       0x28 build/zoul/remote-revb/obj/ctimer.o
                0x0000000000203d7c                ctimer_init
 .text.ctimer_set_with_process
                0x0000000000203da4       0x44 build/zoul/remote-revb/obj/ctimer.o
                0x0000000000203da4                ctimer_set_with_process
 .text.ctimer_set
                0x0000000000203de8       0x14 build/zoul/remote-revb/obj/ctimer.o
                0x0000000000203de8                ctimer_set
 .text.ctimer_reset
                0x0000000000203dfc       0x38 build/zoul/remote-revb/obj/ctimer.o
                0x0000000000203dfc                ctimer_reset
 .text.ctimer_stop
                0x0000000000203e34       0x2c build/zoul/remote-revb/obj/ctimer.o
                0x0000000000203e34                ctimer_stop
 .text.ctimer_expired
                0x0000000000203e60       0x34 build/zoul/remote-revb/obj/ctimer.o
                0x0000000000203e60                ctimer_expired
 .text.call_process.part.0
                0x0000000000203e94       0x38 build/zoul/remote-revb/obj/process.o
 .text.exit_process
                0x0000000000203ecc       0x80 build/zoul/remote-revb/obj/process.o
 .text.do_poll  0x0000000000203f4c       0x30 build/zoul/remote-revb/obj/process.o
 .text.process_alloc_event
                0x0000000000203f7c       0x10 build/zoul/remote-revb/obj/process.o
                0x0000000000203f7c                process_alloc_event
 .text.process_init
                0x0000000000203f8c       0x30 build/zoul/remote-revb/obj/process.o
                0x0000000000203f8c                process_init
 .text.process_run
                0x0000000000203fbc       0x84 build/zoul/remote-revb/obj/process.o
                0x0000000000203fbc                process_run
 .text.process_nevents
                0x0000000000204040       0x14 build/zoul/remote-revb/obj/process.o
                0x0000000000204040                process_nevents
 .text.process_post
                0x0000000000204054       0x3c build/zoul/remote-revb/obj/process.o
                0x0000000000204054                process_post
 .text.process_post_synch
                0x0000000000204090       0x14 build/zoul/remote-revb/obj/process.o
                0x0000000000204090                process_post_synch
 .text.process_start
                0x00000000002040a4       0x30 build/zoul/remote-revb/obj/process.o
                0x00000000002040a4                process_start
 .text.process_poll
                0x00000000002040d4       0x18 build/zoul/remote-revb/obj/process.o
                0x00000000002040d4                process_poll
 .text.rtimer_run_next
                0x00000000002040ec       0x28 build/zoul/remote-revb/obj/rtimer.o
                0x00000000002040ec                rtimer_run_next
 .text.node_id_init
                0x0000000000204114       0x18 build/zoul/remote-revb/obj/node-id.o
                0x0000000000204114                node_id_init
 .text.stack_check_init
                0x000000000020412c       0x24 build/zoul/remote-revb/obj/stack-check.o
                0x000000000020412c                stack_check_init
 .text.stack_check_get_usage
                0x0000000000204150       0x40 build/zoul/remote-revb/obj/stack-check.o
                0x0000000000204150                stack_check_get_usage
 .text.process_thread_stack_check_process
                0x0000000000204190       0xa8 build/zoul/remote-revb/obj/stack-check.o
 .text.process_thread_sensors_process
                0x0000000000204238       0xd4 build/zoul/remote-revb/obj/sensors.o
 .text.duration_exceeded_callback
                0x000000000020430c       0x34 build/zoul/remote-revb/obj/button-hal.o
 .text.process_thread_button_hal_process
                0x0000000000204340       0x78 build/zoul/remote-revb/obj/button-hal.o
 .text.press_release_handler
                0x00000000002043b8       0x18 build/zoul/remote-revb/obj/button-hal.o
 .text.debounce_handler
                0x00000000002043d0       0x64 build/zoul/remote-revb/obj/button-hal.o
 .text.button_hal_init
                0x0000000000204434      0x104 build/zoul/remote-revb/obj/button-hal.o
                0x0000000000204434                button_hal_init
 .text.process_thread_serial_line_process
                0x0000000000204538       0x9c build/zoul/remote-revb/obj/serial-line.o
 .text.serial_line_input_byte
                0x00000000002045d4       0x48 build/zoul/remote-revb/obj/serial-line.o
                0x00000000002045d4                serial_line_input_byte
 .text.serial_line_init
                0x000000000020461c       0x24 build/zoul/remote-revb/obj/serial-line.o
                0x000000000020461c                serial_line_init
 .text.gpio_hal_register_handler
                0x0000000000204640        0xc build/zoul/remote-revb/obj/gpio-hal.o
                0x0000000000204640                gpio_hal_register_handler
 .text.gpio_hal_event_handler
                0x000000000020464c       0x24 build/zoul/remote-revb/obj/gpio-hal.o
                0x000000000020464c                gpio_hal_event_handler
 .text.gpio_hal_init
                0x0000000000204670        0xc build/zoul/remote-revb/obj/gpio-hal.o
                0x0000000000204670                gpio_hal_init
 .text.queuebuf_init
                0x000000000020467c       0x1c build/zoul/remote-revb/obj/queuebuf.o
                0x000000000020467c                queuebuf_init
 .text.queuebuf_numfree
                0x0000000000204698        0xc build/zoul/remote-revb/obj/queuebuf.o
                0x0000000000204698                queuebuf_numfree
 .text.queuebuf_new_from_packetbuf
                0x00000000002046a4       0x44 build/zoul/remote-revb/obj/queuebuf.o
                0x00000000002046a4                queuebuf_new_from_packetbuf
 .text.queuebuf_free
                0x00000000002046e8       0x2c build/zoul/remote-revb/obj/queuebuf.o
                0x00000000002046e8                queuebuf_free
 .text.queuebuf_to_packetbuf
                0x0000000000204714       0x30 build/zoul/remote-revb/obj/queuebuf.o
                0x0000000000204714                queuebuf_to_packetbuf
 .text.index_from_key
                0x0000000000204744       0x20 build/zoul/remote-revb/obj/nbr-table.o
 .text.index_from_lladdr
                0x0000000000204764       0x40 build/zoul/remote-revb/obj/nbr-table.o
 .text.nbr_get_bit.constprop.0
                0x00000000002047a4       0x24 build/zoul/remote-revb/obj/nbr-table.o
 .text.remove_key
                0x00000000002047c8       0x88 build/zoul/remote-revb/obj/nbr-table.o
 .text.nbr_table_is_registered
                0x0000000000204850       0x20 build/zoul/remote-revb/obj/nbr-table.o
                0x0000000000204850                nbr_table_is_registered
 .text.nbr_table_register
                0x0000000000204870       0x30 build/zoul/remote-revb/obj/nbr-table.o
                0x0000000000204870                nbr_table_register
 .text.nbr_table_next
                0x00000000002048a0       0x48 build/zoul/remote-revb/obj/nbr-table.o
                0x00000000002048a0                nbr_table_next
 .text.nbr_table_head
                0x00000000002048e8       0x38 build/zoul/remote-revb/obj/nbr-table.o
                0x00000000002048e8                nbr_table_head
 .text.entry_is_allowed.isra.0
                0x0000000000204920       0x70 build/zoul/remote-revb/obj/nbr-table.o
 .text.nbr_table_add_lladdr
                0x0000000000204990       0xb4 build/zoul/remote-revb/obj/nbr-table.o
                0x0000000000204990                nbr_table_add_lladdr
 .text.nbr_table_remove
                0x0000000000204a44       0x2c build/zoul/remote-revb/obj/nbr-table.o
                0x0000000000204a44                nbr_table_remove
 .text.nbr_table_lock
                0x0000000000204a70       0x10 build/zoul/remote-revb/obj/nbr-table.o
                0x0000000000204a70                nbr_table_lock
 .text.nbr_table_unlock
                0x0000000000204a80       0x10 build/zoul/remote-revb/obj/nbr-table.o
                0x0000000000204a80                nbr_table_unlock
 .text.nbr_table_get_lladdr
                0x0000000000204a90       0x24 build/zoul/remote-revb/obj/nbr-table.o
                0x0000000000204a90                nbr_table_get_lladdr
 .text.packetbuf_hdrreduce
                0x0000000000204ab4       0x28 build/zoul/remote-revb/obj/packetbuf.o
                0x0000000000204ab4                packetbuf_hdrreduce
 .text.packetbuf_set_datalen
                0x0000000000204adc        0xc build/zoul/remote-revb/obj/packetbuf.o
                0x0000000000204adc                packetbuf_set_datalen
 .text.packetbuf_hdrptr
                0x0000000000204ae8        0x8 build/zoul/remote-revb/obj/packetbuf.o
                0x0000000000204ae8                packetbuf_hdrptr
 .text.packetbuf_datalen
                0x0000000000204af0        0xc build/zoul/remote-revb/obj/packetbuf.o
                0x0000000000204af0                packetbuf_datalen
 .text.packetbuf_hdrlen
                0x0000000000204afc       0x18 build/zoul/remote-revb/obj/packetbuf.o
                0x0000000000204afc                packetbuf_hdrlen
 .text.packetbuf_dataptr
                0x0000000000204b14       0x10 build/zoul/remote-revb/obj/packetbuf.o
                0x0000000000204b14                packetbuf_dataptr
 .text.packetbuf_copyto
                0x0000000000204b24       0x44 build/zoul/remote-revb/obj/packetbuf.o
                0x0000000000204b24                packetbuf_copyto
 .text.packetbuf_totlen
                0x0000000000204b68       0x14 build/zoul/remote-revb/obj/packetbuf.o
                0x0000000000204b68                packetbuf_totlen
 .text.packetbuf_hdralloc
                0x0000000000204b7c       0x40 build/zoul/remote-revb/obj/packetbuf.o
                0x0000000000204b7c                packetbuf_hdralloc
 .text.packetbuf_attr_clear
                0x0000000000204bbc       0x34 build/zoul/remote-revb/obj/packetbuf.o
                0x0000000000204bbc                packetbuf_attr_clear
 .text.packetbuf_clear
                0x0000000000204bf0       0x20 build/zoul/remote-revb/obj/packetbuf.o
                0x0000000000204bf0                packetbuf_clear
 .text.packetbuf_copyfrom
                0x0000000000204c10       0x2c build/zoul/remote-revb/obj/packetbuf.o
                0x0000000000204c10                packetbuf_copyfrom
 .text.packetbuf_attr_copyto
                0x0000000000204c3c       0x24 build/zoul/remote-revb/obj/packetbuf.o
                0x0000000000204c3c                packetbuf_attr_copyto
 .text.packetbuf_attr_copyfrom
                0x0000000000204c60       0x24 build/zoul/remote-revb/obj/packetbuf.o
                0x0000000000204c60                packetbuf_attr_copyfrom
 .text.packetbuf_set_attr
                0x0000000000204c84       0x10 build/zoul/remote-revb/obj/packetbuf.o
                0x0000000000204c84                packetbuf_set_attr
 .text.packetbuf_attr
                0x0000000000204c94        0xc build/zoul/remote-revb/obj/packetbuf.o
                0x0000000000204c94                packetbuf_attr
 .text.packetbuf_set_addr
                0x0000000000204ca0       0x18 build/zoul/remote-revb/obj/packetbuf.o
                0x0000000000204ca0                packetbuf_set_addr
 .text.packetbuf_addr
                0x0000000000204cb8       0x10 build/zoul/remote-revb/obj/packetbuf.o
                0x0000000000204cb8                packetbuf_addr
 .text.packetbuf_holds_broadcast
                0x0000000000204cc8       0x10 build/zoul/remote-revb/obj/packetbuf.o
                0x0000000000204cc8                packetbuf_holds_broadcast
 .text.netstack_process_ip_callback
                0x0000000000204cd8       0x40 build/zoul/remote-revb/obj/netstack.o
                0x0000000000204cd8                netstack_process_ip_callback
 .text.netstack_init
                0x0000000000204d18       0x24 build/zoul/remote-revb/obj/netstack.o
                0x0000000000204d18                netstack_init
 .text.linkaddr_set_node_addr
                0x0000000000204d3c        0xc build/zoul/remote-revb/obj/linkaddr.o
                0x0000000000204d3c                linkaddr_set_node_addr
 .text.periodic
                0x0000000000204d48       0x30 build/zoul/remote-revb/obj/link-stats.o
 .text.link_stats_from_lladdr
                0x0000000000204d78        0xc build/zoul/remote-revb/obj/link-stats.o
                0x0000000000204d78                link_stats_from_lladdr
 .text.link_stats_packet_sent
                0x0000000000204d84       0x78 build/zoul/remote-revb/obj/link-stats.o
                0x0000000000204d84                link_stats_packet_sent
 .text.link_stats_input_callback
                0x0000000000204dfc       0x4c build/zoul/remote-revb/obj/link-stats.o
                0x0000000000204dfc                link_stats_input_callback
 .text.link_stats_reset
                0x0000000000204e48       0x28 build/zoul/remote-revb/obj/link-stats.o
                0x0000000000204e48                link_stats_reset
 .text.link_stats_init
                0x0000000000204e70       0x28 build/zoul/remote-revb/obj/link-stats.o
                0x0000000000204e70                link_stats_init
 .text.mac_sequence_is_duplicate
                0x0000000000204e98       0x50 build/zoul/remote-revb/obj/mac-sequence.o
                0x0000000000204e98                mac_sequence_is_duplicate
 .text.mac_sequence_register_seqno
                0x0000000000204ee8       0x60 build/zoul/remote-revb/obj/mac-sequence.o
                0x0000000000204ee8                mac_sequence_register_seqno
 .text.create_frame
                0x0000000000204f48       0xd0 build/zoul/remote-revb/obj/framer-802154.o
 .text.frame802154_get_pan_id
                0x0000000000205018        0xc build/zoul/remote-revb/obj/frame802154.o
                0x0000000000205018                frame802154_get_pan_id
 .text.frame802154_parse
                0x0000000000205024      0x130 build/zoul/remote-revb/obj/frame802154.o
                0x0000000000205024                frame802154_parse
 .text.fill_space
                0x0000000000205154       0x34 build/zoul/remote-revb/obj/strformat.o
 .text.format_str_v
                0x0000000000205188      0x770 build/zoul/remote-revb/obj/strformat.o
                0x0000000000205188                format_str_v
 .text.printf   0x00000000002058f8       0x20 build/zoul/remote-revb/obj/printf.o
                0x00000000002058f8                printf
 .text.sprintf  0x0000000000205918       0x30 build/zoul/remote-revb/obj/sprintf.o
                0x0000000000205918                sprintf
 .text.vsnprintf
                0x0000000000205948       0x28 build/zoul/remote-revb/obj/snprintf.o
                0x0000000000205948                vsnprintf
 .text.csma_security_create_frame
                0x0000000000205970       0x18 build/zoul/remote-revb/obj/csma-security.o
                0x0000000000205970                csma_security_create_frame
 .text.csma_security_parse_frame
                0x0000000000205988        0xc build/zoul/remote-revb/obj/csma-security.o
                0x0000000000205988                csma_security_parse_frame
 .text.on       0x0000000000205994        0xc build/zoul/remote-revb/obj/csma.o
 .text.off      0x00000000002059a0        0xc build/zoul/remote-revb/obj/csma.o
 .text.max_payload
                0x00000000002059ac       0x3c build/zoul/remote-revb/obj/csma.o
 .text.init     0x00000000002059e8       0x20 build/zoul/remote-revb/obj/csma.o
 .text.input_packet
                0x0000000000205a08       0x5c build/zoul/remote-revb/obj/csma.o
 .text.schedule_transmission
                0x0000000000205a64       0x38 build/zoul/remote-revb/obj/csma-output.o
 .text.tx_done  0x0000000000205a9c       0x7c build/zoul/remote-revb/obj/csma-output.o
 .text.transmit_from_queue
                0x0000000000205b18      0x198 build/zoul/remote-revb/obj/csma-output.o
 .text.csma_output_packet
                0x0000000000205cb0      0x144 build/zoul/remote-revb/obj/csma-output.o
                0x0000000000205cb0                csma_output_packet
 .text.csma_output_init
                0x0000000000205df4       0x24 build/zoul/remote-revb/obj/csma-output.o
                0x0000000000205df4                csma_output_init
 .text.uipbuf_add_ext_hdr
                0x0000000000205e18       0x30 build/zoul/remote-revb/obj/uipbuf.o
                0x0000000000205e18                uipbuf_add_ext_hdr
 .text.uipbuf_set_len
                0x0000000000205e48       0x14 build/zoul/remote-revb/obj/uipbuf.o
                0x0000000000205e48                uipbuf_set_len
 .text.uipbuf_get_attr
                0x0000000000205e5c       0x14 build/zoul/remote-revb/obj/uipbuf.o
                0x0000000000205e5c                uipbuf_get_attr
 .text.uipbuf_clear_attr
                0x0000000000205e70       0x14 build/zoul/remote-revb/obj/uipbuf.o
                0x0000000000205e70                uipbuf_clear_attr
 .text.uipbuf_clear
                0x0000000000205e84       0x20 build/zoul/remote-revb/obj/uipbuf.o
                0x0000000000205e84                uipbuf_clear
 .text.uipbuf_init
                0x0000000000205ea4       0x20 build/zoul/remote-revb/obj/uipbuf.o
                0x0000000000205ea4                uipbuf_init
 .text.echo_reply_input
                0x0000000000205ec4       0x6c build/zoul/remote-revb/obj/uip-icmp6.o
 .text.echo_request_input
                0x0000000000205f30       0x9c build/zoul/remote-revb/obj/uip-icmp6.o
 .text.uip_icmp6_input
                0x0000000000205fcc       0x38 build/zoul/remote-revb/obj/uip-icmp6.o
                0x0000000000205fcc                uip_icmp6_input
 .text.uip_icmp6_register_input_handler
                0x0000000000206004        0xc build/zoul/remote-revb/obj/uip-icmp6.o
                0x0000000000206004                uip_icmp6_register_input_handler
 .text.uip_icmp6_error_output
                0x0000000000206010      0x13c build/zoul/remote-revb/obj/uip-icmp6.o
                0x0000000000206010                uip_icmp6_error_output
 .text.uip_icmp6_send
                0x000000000020614c       0x80 build/zoul/remote-revb/obj/uip-icmp6.o
                0x000000000020614c                uip_icmp6_send
 .text.uip_icmp6_init
                0x00000000002061cc       0x1c build/zoul/remote-revb/obj/uip-icmp6.o
                0x00000000002061cc                uip_icmp6_init
 .text.node_matches_address.part.0
                0x00000000002061e8       0x28 build/zoul/remote-revb/obj/uip-sr.o
 .text.uip_sr_get_node
                0x0000000000206210       0x38 build/zoul/remote-revb/obj/uip-sr.o
                0x0000000000206210                uip_sr_get_node
 .text.uip_sr_is_addr_reachable
                0x0000000000206248       0x44 build/zoul/remote-revb/obj/uip-sr.o
                0x0000000000206248                uip_sr_is_addr_reachable
 .text.uip_sr_update_node
                0x000000000020628c       0xa4 build/zoul/remote-revb/obj/uip-sr.o
                0x000000000020628c                uip_sr_update_node
 .text.uip_sr_init
                0x0000000000206330       0x24 build/zoul/remote-revb/obj/uip-sr.o
                0x0000000000206330                uip_sr_init
 .text.uip_sr_periodic
                0x0000000000206354       0x78 build/zoul/remote-revb/obj/uip-sr.o
                0x0000000000206354                uip_sr_periodic
 .text.uip_sr_free_all
                0x00000000002063cc       0x48 build/zoul/remote-revb/obj/uip-sr.o
                0x00000000002063cc                uip_sr_free_all
 .text.uip_ds6_default_prefix
                0x0000000000206414        0x8 build/zoul/remote-revb/obj/uip-ds6.o
                0x0000000000206414                uip_ds6_default_prefix
 .text.uip_ds6_prefix_add
                0x000000000020641c       0x60 build/zoul/remote-revb/obj/uip-ds6.o
                0x000000000020641c                uip_ds6_prefix_add
 .text.uip_ds6_is_addr_onlink
                0x000000000020647c       0x40 build/zoul/remote-revb/obj/uip-ds6.o
                0x000000000020647c                uip_ds6_is_addr_onlink
 .text.uip_ds6_addr_lookup
                0x00000000002064bc       0x2c build/zoul/remote-revb/obj/uip-ds6.o
                0x00000000002064bc                uip_ds6_addr_lookup
 .text.uip_ds6_get_link_local
                0x00000000002064e8       0x3c build/zoul/remote-revb/obj/uip-ds6.o
                0x00000000002064e8                uip_ds6_get_link_local
 .text.uip_ds6_maddr_add
                0x0000000000206524       0x4c build/zoul/remote-revb/obj/uip-ds6.o
                0x0000000000206524                uip_ds6_maddr_add
 .text.uip_ds6_addr_add
                0x0000000000206570       0x98 build/zoul/remote-revb/obj/uip-ds6.o
                0x0000000000206570                uip_ds6_addr_add
 .text.uip_ds6_maddr_lookup
                0x0000000000206608       0x2c build/zoul/remote-revb/obj/uip-ds6.o
                0x0000000000206608                uip_ds6_maddr_lookup
 .text.uip_ds6_addr_rm
                0x0000000000206634       0x44 build/zoul/remote-revb/obj/uip-ds6.o
                0x0000000000206634                uip_ds6_addr_rm
 .text.uip_ds6_periodic
                0x0000000000206678       0x48 build/zoul/remote-revb/obj/uip-ds6.o
                0x0000000000206678                uip_ds6_periodic
 .text.uip_ds6_select_src
                0x00000000002066c0       0x90 build/zoul/remote-revb/obj/uip-ds6.o
                0x00000000002066c0                uip_ds6_select_src
 .text.uip_ds6_compute_reachable_time
                0x0000000000206750       0x2c build/zoul/remote-revb/obj/uip-ds6.o
                0x0000000000206750                uip_ds6_compute_reachable_time
 .text.uip_ds6_init
                0x000000000020677c      0x11c build/zoul/remote-revb/obj/uip-ds6.o
                0x000000000020677c                uip_ds6_init
 .text.uip_ds6_route_init
                0x0000000000206898       0x1c build/zoul/remote-revb/obj/uip-ds6-route.o
                0x0000000000206898                uip_ds6_route_init
 .text.uip_ds6_defrt_rm
                0x00000000002068b4       0x38 build/zoul/remote-revb/obj/uip-ds6-route.o
                0x00000000002068b4                uip_ds6_defrt_rm
 .text.uip_ds6_defrt_lookup
                0x00000000002068ec       0x34 build/zoul/remote-revb/obj/uip-ds6-route.o
                0x00000000002068ec                uip_ds6_defrt_lookup
 .text.uip_ds6_defrt_add
                0x0000000000206920       0x60 build/zoul/remote-revb/obj/uip-ds6-route.o
                0x0000000000206920                uip_ds6_defrt_add
 .text.uip_ds6_defrt_choose
                0x0000000000206980       0x30 build/zoul/remote-revb/obj/uip-ds6-route.o
                0x0000000000206980                uip_ds6_defrt_choose
 .text.uip_ds6_defrt_periodic
                0x00000000002069b0       0x3c build/zoul/remote-revb/obj/uip-ds6-route.o
                0x00000000002069b0                uip_ds6_defrt_periodic
 .text.tcpip_output
                0x00000000002069ec       0x2c build/zoul/remote-revb/obj/tcpip.o
                0x00000000002069ec                tcpip_output
 .text.tcpip_input
                0x0000000000206a18       0x24 build/zoul/remote-revb/obj/tcpip.o
                0x0000000000206a18                tcpip_input
 .text.tcpip_ipv6_output
                0x0000000000206a3c       0xec build/zoul/remote-revb/obj/tcpip.o
                0x0000000000206a3c                tcpip_ipv6_output
 .text.packet_input
                0x0000000000206b28       0x20 build/zoul/remote-revb/obj/tcpip.o
 .text.process_thread_tcpip_process
                0x0000000000206b48       0xbc build/zoul/remote-revb/obj/tcpip.o
 .text.tcpip_uipcall
                0x0000000000206c04       0x2c build/zoul/remote-revb/obj/tcpip.o
                0x0000000000206c04                tcpip_uipcall
 .text.upper_layer_chksum
                0x0000000000206c30       0x54 build/zoul/remote-revb/obj/uip6.o
 .text.ext_hdr_options_process
                0x0000000000206c84       0x78 build/zoul/remote-revb/obj/uip6.o
 .text.uip_update_ttl
                0x0000000000206cfc       0x24 build/zoul/remote-revb/obj/uip6.o
 .text.uip_init
                0x0000000000206d20       0x44 build/zoul/remote-revb/obj/uip6.o
                0x0000000000206d20                uip_init
 .text.uip_remove_ext_hdr
                0x0000000000206d64       0x6c build/zoul/remote-revb/obj/uip6.o
                0x0000000000206d64                uip_remove_ext_hdr
 .text.uip_process
                0x0000000000206dd0      0x40c build/zoul/remote-revb/obj/uip6.o
                0x0000000000206dd0                uip_process
 .text.uip_htonl
                0x00000000002071dc       0x1c build/zoul/remote-revb/obj/uip6.o
                0x00000000002071dc                uip_htonl
 .text.uip_ds6_nbr_rm
                0x00000000002071f8       0x24 build/zoul/remote-revb/obj/uip-ds6-nbr.o
                0x00000000002071f8                uip_ds6_nbr_rm
 .text.uip_ds6_neighbors_init
                0x000000000020721c       0x1c build/zoul/remote-revb/obj/uip-ds6-nbr.o
                0x000000000020721c                uip_ds6_neighbors_init
 .text.uip_ds6_nbr_add
                0x0000000000207238       0x40 build/zoul/remote-revb/obj/uip-ds6-nbr.o
                0x0000000000207238                uip_ds6_nbr_add
 .text.uip_ds6_nbr_get_ll
                0x0000000000207278        0xc build/zoul/remote-revb/obj/uip-ds6-nbr.o
                0x0000000000207278                uip_ds6_nbr_get_ll
 .text.uip_ds6_nbr_head
                0x0000000000207284        0xc build/zoul/remote-revb/obj/uip-ds6-nbr.o
                0x0000000000207284                uip_ds6_nbr_head
 .text.uip_ds6_nbr_next
                0x0000000000207290        0xc build/zoul/remote-revb/obj/uip-ds6-nbr.o
                0x0000000000207290                uip_ds6_nbr_next
 .text.uip_ds6_nbr_ll_lookup
                0x000000000020729c        0xc build/zoul/remote-revb/obj/uip-ds6-nbr.o
                0x000000000020729c                uip_ds6_nbr_ll_lookup
 .text.ns_input
                0x00000000002072a8      0x27c build/zoul/remote-revb/obj/uip-nd6.o
 .text.uip_nd6_init
                0x0000000000207524        0xc build/zoul/remote-revb/obj/uip-nd6.o
                0x0000000000207524                uip_nd6_init
 .text.clear_fragments
                0x0000000000207530       0x38 build/zoul/remote-revb/obj/sicslowpan.o
 .text.sicslowpan_init
                0x0000000000207568       0x18 build/zoul/remote-revb/obj/sicslowpan.o
                0x0000000000207568                sicslowpan_init
 .text.set_packet_attrs
                0x0000000000207580       0x58 build/zoul/remote-revb/obj/sicslowpan.o
 .text.compress_addr_64
                0x00000000002075d8       0x90 build/zoul/remote-revb/obj/sicslowpan.o
 .text.addr_context_lookup_by_prefix
                0x0000000000207668       0x24 build/zoul/remote-revb/obj/sicslowpan.o
 .text.send_packet
                0x000000000020768c       0x24 build/zoul/remote-revb/obj/sicslowpan.o
 .text.fragment_copy_payload_and_send
                0x00000000002076b0       0x6c build/zoul/remote-revb/obj/sicslowpan.o
 .text.output   0x000000000020771c      0x744 build/zoul/remote-revb/obj/sicslowpan.o
 .text.packet_sent
                0x0000000000207e60       0x5c build/zoul/remote-revb/obj/sicslowpan.o
 .text.store_fragment
                0x0000000000207ebc       0x5c build/zoul/remote-revb/obj/sicslowpan.o
 .text.uncompress_addr
                0x0000000000207f18       0x70 build/zoul/remote-revb/obj/sicslowpan.o
 .text.add_fragment
                0x0000000000207f88      0x14c build/zoul/remote-revb/obj/sicslowpan.o
 .text.input    0x00000000002080d4      0x810 build/zoul/remote-revb/obj/sicslowpan.o
 .text.uiplib_ipaddr_snprint
                0x00000000002088e4       0xfc build/zoul/remote-revb/obj/uiplib.o
                0x00000000002088e4                uiplib_ipaddr_snprint
 .text.get_rank
                0x00000000002089e0       0x20 build/zoul/remote-revb/obj/rpl-nbr-policy.o
 .text.remove_neighbor
                0x0000000000208a00       0x3c build/zoul/remote-revb/obj/rpl-neighbor.o
 .text.rpl_neighbor_get_from_lladdr
                0x0000000000208a3c       0x10 build/zoul/remote-revb/obj/rpl-neighbor.o
                0x0000000000208a3c                rpl_neighbor_get_from_lladdr
 .text.rpl_neighbor_rank_via_nbr
                0x0000000000208a4c       0x18 build/zoul/remote-revb/obj/rpl-neighbor.o
                0x0000000000208a4c                rpl_neighbor_rank_via_nbr
 .text.rpl_neighbor_get_lladdr
                0x0000000000208a64       0x10 build/zoul/remote-revb/obj/rpl-neighbor.o
                0x0000000000208a64                rpl_neighbor_get_lladdr
 .text.best_parent
                0x0000000000208a74       0x84 build/zoul/remote-revb/obj/rpl-neighbor.o
 .text.rpl_neighbor_set_preferred_parent
                0x0000000000208af8       0x48 build/zoul/remote-revb/obj/rpl-neighbor.o
                0x0000000000208af8                rpl_neighbor_set_preferred_parent
 .text.rpl_neighbor_remove_all
                0x0000000000208b40       0x30 build/zoul/remote-revb/obj/rpl-neighbor.o
                0x0000000000208b40                rpl_neighbor_remove_all
 .text.rpl_neighbor_get_from_ipaddr
                0x0000000000208b70       0x1c build/zoul/remote-revb/obj/rpl-neighbor.o
                0x0000000000208b70                rpl_neighbor_get_from_ipaddr
 .text.rpl_neighbor_select_best
                0x0000000000208b8c       0x54 build/zoul/remote-revb/obj/rpl-neighbor.o
                0x0000000000208b8c                rpl_neighbor_select_best
 .text.rpl_neighbor_init
                0x0000000000208be0       0x14 build/zoul/remote-revb/obj/rpl-neighbor.o
                0x0000000000208be0                rpl_neighbor_init
 .text.init_dag
                0x0000000000208bf4       0x74 build/zoul/remote-revb/obj/rpl-dag.o
 .text.process_dio_init_dag
                0x0000000000208c68       0x88 build/zoul/remote-revb/obj/rpl-dag.o
 .text.rpl_dag_get_root_ipaddr
                0x0000000000208cf0       0x30 build/zoul/remote-revb/obj/rpl-dag.o
                0x0000000000208cf0                rpl_dag_get_root_ipaddr
 .text.rpl_dag_leave
                0x0000000000208d20       0x50 build/zoul/remote-revb/obj/rpl-dag.o
                0x0000000000208d20                rpl_dag_leave
 .text.rpl_dag_poison_and_leave
                0x0000000000208d70       0x10 build/zoul/remote-revb/obj/rpl-dag.o
                0x0000000000208d70                rpl_dag_poison_and_leave
 .text.rpl_dag_periodic
                0x0000000000208d80       0x44 build/zoul/remote-revb/obj/rpl-dag.o
                0x0000000000208d80                rpl_dag_periodic
 .text.rpl_is_addr_in_our_dag
                0x0000000000208dc4       0x24 build/zoul/remote-revb/obj/rpl-dag.o
                0x0000000000208dc4                rpl_is_addr_in_our_dag
 .text.rpl_local_repair
                0x0000000000208de8       0x34 build/zoul/remote-revb/obj/rpl-dag.o
                0x0000000000208de8                rpl_local_repair
 .text.rpl_global_repair
                0x0000000000208e1c       0x38 build/zoul/remote-revb/obj/rpl-dag.o
                0x0000000000208e1c                rpl_global_repair
 .text.rpl_dag_ready_to_advertise
                0x0000000000208e54       0x24 build/zoul/remote-revb/obj/rpl-dag.o
                0x0000000000208e54                rpl_dag_ready_to_advertise
 .text.rpl_dag_update_state
                0x0000000000208e78      0x12c build/zoul/remote-revb/obj/rpl-dag.o
                0x0000000000208e78                rpl_dag_update_state
 .text.rpl_process_dio
                0x0000000000208fa4      0x170 build/zoul/remote-revb/obj/rpl-dag.o
                0x0000000000208fa4                rpl_process_dio
 .text.rpl_process_dis
                0x0000000000209114       0x2c build/zoul/remote-revb/obj/rpl-dag.o
                0x0000000000209114                rpl_process_dis
 .text.rpl_process_dao
                0x0000000000209140       0x4c build/zoul/remote-revb/obj/rpl-dag.o
                0x0000000000209140                rpl_process_dao
 .text.rpl_process_dao_ack
                0x000000000020918c       0x50 build/zoul/remote-revb/obj/rpl-dag.o
                0x000000000020918c                rpl_process_dao_ack
 .text.rpl_dag_init_root
                0x00000000002091dc       0xa0 build/zoul/remote-revb/obj/rpl-dag.o
                0x00000000002091dc                rpl_dag_init_root
 .text.rpl_dag_init
                0x000000000020927c       0x10 build/zoul/remote-revb/obj/rpl-dag.o
                0x000000000020927c                rpl_dag_init
 .text.new_dio_interval
                0x000000000020928c       0x54 build/zoul/remote-revb/obj/rpl-timers.o
 .text.schedule_dao_retransmission
                0x00000000002092e0       0x30 build/zoul/remote-revb/obj/rpl-timers.o
 .text.handle_unicast_dio_timer
                0x0000000000209310       0x1c build/zoul/remote-revb/obj/rpl-timers.o
 .text.send_new_dao
                0x000000000020932c       0x34 build/zoul/remote-revb/obj/rpl-timers.o
 .text.resend_dao
                0x0000000000209360       0x38 build/zoul/remote-revb/obj/rpl-timers.o
 .text.handle_dao_ack_timer
                0x0000000000209398       0x14 build/zoul/remote-revb/obj/rpl-timers.o
 .text.handle_leaving_timer
                0x00000000002093ac       0x10 build/zoul/remote-revb/obj/rpl-timers.o
 .text.handle_dio_timer
                0x00000000002093bc       0x70 build/zoul/remote-revb/obj/rpl-timers.o
 .text.rpl_timers_schedule_periodic_dis
                0x000000000020942c       0x38 build/zoul/remote-revb/obj/rpl-timers.o
                0x000000000020942c                rpl_timers_schedule_periodic_dis
 .text.handle_dis_timer
                0x0000000000209464       0x34 build/zoul/remote-revb/obj/rpl-timers.o
 .text.handle_periodic_timer
                0x0000000000209498       0x48 build/zoul/remote-revb/obj/rpl-timers.o
 .text.rpl_timers_dio_reset
                0x00000000002094e0       0x34 build/zoul/remote-revb/obj/rpl-timers.o
                0x00000000002094e0                rpl_timers_dio_reset
 .text.rpl_timers_schedule_unicast_dio
                0x0000000000209514       0x28 build/zoul/remote-revb/obj/rpl-timers.o
                0x0000000000209514                rpl_timers_schedule_unicast_dio
 .text.rpl_timers_schedule_dao
                0x000000000020953c       0x34 build/zoul/remote-revb/obj/rpl-timers.o
                0x000000000020953c                rpl_timers_schedule_dao
 .text.rpl_timers_schedule_dao_ack
                0x0000000000209570       0x48 build/zoul/remote-revb/obj/rpl-timers.o
                0x0000000000209570                rpl_timers_schedule_dao_ack
 .text.rpl_timers_notify_dao_ack
                0x00000000002095b8       0x50 build/zoul/remote-revb/obj/rpl-timers.o
                0x00000000002095b8                rpl_timers_notify_dao_ack
 .text.get_probing_target
                0x0000000000209608       0xb0 build/zoul/remote-revb/obj/rpl-timers.o
                0x0000000000209608                get_probing_target
 .text.rpl_schedule_probing
                0x00000000002096b8       0x28 build/zoul/remote-revb/obj/rpl-timers.o
                0x00000000002096b8                rpl_schedule_probing
 .text.rpl_schedule_probing_now
                0x00000000002096e0       0x2c build/zoul/remote-revb/obj/rpl-timers.o
                0x00000000002096e0                rpl_schedule_probing_now
 .text.rpl_timers_unschedule_leaving
                0x000000000020970c       0x24 build/zoul/remote-revb/obj/rpl-timers.o
                0x000000000020970c                rpl_timers_unschedule_leaving
 .text.rpl_timers_schedule_leaving
                0x0000000000209730       0x30 build/zoul/remote-revb/obj/rpl-timers.o
                0x0000000000209730                rpl_timers_schedule_leaving
 .text.rpl_timers_init
                0x0000000000209760       0x20 build/zoul/remote-revb/obj/rpl-timers.o
                0x0000000000209760                rpl_timers_init
 .text.rpl_timers_stop_dag_timers
                0x0000000000209780       0x44 build/zoul/remote-revb/obj/rpl-timers.o
                0x0000000000209780                rpl_timers_stop_dag_timers
 .text.rpl_timers_unschedule_state_update
                0x00000000002097c4       0x14 build/zoul/remote-revb/obj/rpl-timers.o
                0x00000000002097c4                rpl_timers_unschedule_state_update
 .text.rpl_timers_schedule_state_update
                0x00000000002097d8       0x1c build/zoul/remote-revb/obj/rpl-timers.o
                0x00000000002097d8                rpl_timers_schedule_state_update
 .text.update_hbh_header
                0x00000000002097f4       0x54 build/zoul/remote-revb/obj/rpl-ext-header.o
 .text.rpl_ext_header_srh_get_next_hop
                0x0000000000209848       0x84 build/zoul/remote-revb/obj/rpl-ext-header.o
                0x0000000000209848                rpl_ext_header_srh_get_next_hop
 .text.rpl_ext_header_srh_update
                0x00000000002098cc       0xb4 build/zoul/remote-revb/obj/rpl-ext-header.o
                0x00000000002098cc                rpl_ext_header_srh_update
 .text.rpl_ext_header_hbh_update
                0x0000000000209980       0x84 build/zoul/remote-revb/obj/rpl-ext-header.o
                0x0000000000209980                rpl_ext_header_hbh_update
 .text.rpl_ext_header_remove
                0x0000000000209a04       0xb0 build/zoul/remote-revb/obj/rpl-ext-header.o
                0x0000000000209a04                rpl_ext_header_remove
 .text.rpl_ext_header_update
                0x0000000000209ab4      0x23c build/zoul/remote-revb/obj/rpl-ext-header.o
                0x0000000000209ab4                rpl_ext_header_update
 .text.rpl_has_joined
                0x0000000000209cf0       0x18 build/zoul/remote-revb/obj/rpl.o
                0x0000000000209cf0                rpl_has_joined
 .text.rpl_is_reachable
                0x0000000000209d08       0x18 build/zoul/remote-revb/obj/rpl.o
                0x0000000000209d08                rpl_is_reachable
 .text.rpl_get_leaf_only
                0x0000000000209d20        0xc build/zoul/remote-revb/obj/rpl.o
                0x0000000000209d20                rpl_get_leaf_only
 .text.set_ip_from_prefix
                0x0000000000209d2c       0x2c build/zoul/remote-revb/obj/rpl.o
 .text.init     0x0000000000209d58       0x40 build/zoul/remote-revb/obj/rpl.o
 .text.rpl_link_callback
                0x0000000000209d98       0x2c build/zoul/remote-revb/obj/rpl.o
                0x0000000000209d98                rpl_link_callback
 .text.get_sr_node_ipaddr
                0x0000000000209dc4       0x2c build/zoul/remote-revb/obj/rpl.o
 .text.rpl_get_global_address
                0x0000000000209df0       0x68 build/zoul/remote-revb/obj/rpl.o
                0x0000000000209df0                rpl_get_global_address
 .text.rpl_reset_prefix
                0x0000000000209e58       0x28 build/zoul/remote-revb/obj/rpl.o
                0x0000000000209e58                rpl_reset_prefix
 .text.rpl_set_prefix_from_addr
                0x0000000000209e80       0x68 build/zoul/remote-revb/obj/rpl.o
                0x0000000000209e80                rpl_set_prefix_from_addr
 .text.update_metric_container
                0x0000000000209ee8        0xc build/zoul/remote-revb/obj/rpl-mrhof.o
 .text.within_hysteresis
                0x0000000000209ef4       0x3c build/zoul/remote-revb/obj/rpl-mrhof.o
 .text.rank_via_nbr
                0x0000000000209f30       0x30 build/zoul/remote-revb/obj/rpl-mrhof.o
 .text.best_parent
                0x0000000000209f60       0x68 build/zoul/remote-revb/obj/rpl-mrhof.o
 .text.dao_ack_input
                0x0000000000209fc8       0x38 build/zoul/remote-revb/obj/rpl-icmp6.o
 .text.dao_input
                0x000000000020a000       0xfc build/zoul/remote-revb/obj/rpl-icmp6.o
 .text.dio_input
                0x000000000020a0fc      0x210 build/zoul/remote-revb/obj/rpl-icmp6.o
 .text.dis_input
                0x000000000020a30c       0x2c build/zoul/remote-revb/obj/rpl-icmp6.o
 .text.rpl_icmp6_dis_output
                0x000000000020a338       0x38 build/zoul/remote-revb/obj/rpl-icmp6.o
                0x000000000020a338                rpl_icmp6_dis_output
 .text.rpl_icmp6_dio_output
                0x000000000020a370      0x1c8 build/zoul/remote-revb/obj/rpl-icmp6.o
                0x000000000020a370                rpl_icmp6_dio_output
 .text.rpl_icmp6_dao_output
                0x000000000020a538       0xc4 build/zoul/remote-revb/obj/rpl-icmp6.o
                0x000000000020a538                rpl_icmp6_dao_output
 .text.rpl_icmp6_dao_ack_output
                0x000000000020a5fc       0x40 build/zoul/remote-revb/obj/rpl-icmp6.o
                0x000000000020a5fc                rpl_icmp6_dao_ack_output
 .text.rpl_icmp6_init
                0x000000000020a63c       0x30 build/zoul/remote-revb/obj/rpl-icmp6.o
                0x000000000020a63c                rpl_icmp6_init
 .text.rpl_dag_root_set_prefix
                0x000000000020a66c       0x68 build/zoul/remote-revb/obj/rpl-dag-root.o
                0x000000000020a66c                rpl_dag_root_set_prefix
 .text.rpl_dag_root_start
                0x000000000020a6d4       0x68 build/zoul/remote-revb/obj/rpl-dag-root.o
                0x000000000020a6d4                rpl_dag_root_start
 .text.rpl_dag_root_is_root
                0x000000000020a73c       0x18 build/zoul/remote-revb/obj/rpl-dag-root.o
                0x000000000020a73c                rpl_dag_root_is_root
 .text.print_uart_frame
                0x000000000020a754       0x50 build/zoul/remote-revb/obj/loraphy.o
                0x000000000020a754                print_uart_frame
 .text.to_frame
                0x000000000020a7a4       0xb4 build/zoul/remote-revb/obj/loraphy.o
                0x000000000020a7a4                to_frame
 .text.write_uart
                0x000000000020a858       0x4c build/zoul/remote-revb/obj/loraphy.o
                0x000000000020a858                write_uart
 .text.phy_register_listener
                0x000000000020a8a4        0xc build/zoul/remote-revb/obj/loraphy.o
                0x000000000020a8a4                phy_register_listener
 .text.process  0x000000000020a8b0      0x1bc build/zoul/remote-revb/obj/loraphy.o
                0x000000000020a8b0                process
 .text.process_command
                0x000000000020aa6c       0xd4 build/zoul/remote-revb/obj/loraphy.o
                0x000000000020aa6c                process_command
 .text.uart_rx  0x000000000020ab40       0x5c build/zoul/remote-revb/obj/loraphy.o
                0x000000000020ab40                uart_rx
 .text.phy_init
                0x000000000020ab9c       0x9c build/zoul/remote-revb/obj/loraphy.o
                0x000000000020ab9c                phy_init
 .text.phy_rx   0x000000000020ac38       0x40 build/zoul/remote-revb/obj/loraphy.o
                0x000000000020ac38                phy_rx
 .text.printLoraAddr
                0x000000000020ac78       0x10 build/zoul/remote-revb/obj/loramac.o
                0x000000000020ac78                printLoraAddr
 .text.printLoraFrame
                0x000000000020ac88       0x38 build/zoul/remote-revb/obj/loramac.o
                0x000000000020ac88                printLoraFrame
 .text.checkDest
                0x000000000020acc0       0x20 build/zoul/remote-revb/obj/loramac.o
                0x000000000020acc0                checkDest
 .text.isForRoot
                0x000000000020ace0       0x20 build/zoul/remote-revb/obj/loramac.o
                0x000000000020ace0                isForRoot
 .text.isForChild
                0x000000000020ad00       0x20 build/zoul/remote-revb/obj/loramac.o
                0x000000000020ad00                isForChild
 .text.process_frame
                0x000000000020ad20      0x18c build/zoul/remote-revb/obj/loramac.o
                0x000000000020ad20                process_frame
 .text.lora_rx  0x000000000020aeac       0x58 build/zoul/remote-revb/obj/loramac.o
                0x000000000020aeac                lora_rx
 .text.mac_process
                0x000000000020af04      0x184 build/zoul/remote-revb/obj/loramac.o
                0x000000000020af04                mac_process
 .text.query_timeout
                0x000000000020b088       0x58 build/zoul/remote-revb/obj/loramac.o
                0x000000000020b088                query_timeout
 .text.send_next
                0x000000000020b0e0       0x30 build/zoul/remote-revb/obj/loramac.o
                0x000000000020b0e0                send_next
 .text.retransmit_timeout
                0x000000000020b110       0x70 build/zoul/remote-revb/obj/loramac.o
                0x000000000020b110                retransmit_timeout
 .text.mac_init
                0x000000000020b180      0x188 build/zoul/remote-revb/obj/loramac.o
                0x000000000020b180                mac_init
 .text          0x000000000020b308       0x30 /usr/lib/gcc/arm-none-eabi/9.2.1/thumb/v7-m/nofp/libgcc.a(_aeabi_uldivmod.o)
                0x000000000020b308                __aeabi_uldivmod
 .text          0x000000000020b338      0x2c4 /usr/lib/gcc/arm-none-eabi/9.2.1/thumb/v7-m/nofp/libgcc.a(_udivmoddi4.o)
                0x000000000020b338                __udivmoddi4
 .text          0x000000000020b5fc        0x4 /usr/lib/gcc/arm-none-eabi/9.2.1/thumb/v7-m/nofp/libgcc.a(_dvmd_tls.o)
                0x000000000020b5fc                __aeabi_ldiv0
                0x000000000020b5fc                __aeabi_idiv0
 .text          0x000000000020b600       0x60 /usr/lib/gcc/arm-none-eabi/9.2.1/../../../arm-none-eabi/lib/thumb/v7-m/nofp/libc.a(lib_a-memcmp.o)
                0x000000000020b600                memcmp
 .text          0x000000000020b660       0xec /usr/lib/gcc/arm-none-eabi/9.2.1/../../../arm-none-eabi/lib/thumb/v7-m/nofp/libc.a(lib_a-memcpy.o)
                0x000000000020b660                memcpy
 .text          0x000000000020b74c       0xcc /usr/lib/gcc/arm-none-eabi/9.2.1/../../../arm-none-eabi/lib/thumb/v7-m/nofp/libc.a(lib_a-memmove.o)
                0x000000000020b74c                memmove
 .text          0x000000000020b818       0xa0 /usr/lib/gcc/arm-none-eabi/9.2.1/../../../arm-none-eabi/lib/thumb/v7-m/nofp/libc.a(lib_a-memset.o)
                0x000000000020b818                memset
 .text          0x000000000020b8b8       0x40 /usr/lib/gcc/arm-none-eabi/9.2.1/../../../arm-none-eabi/lib/thumb/v7-m/nofp/libc.a(lib_a-strcat.o)
                0x000000000020b8b8                strcat
 .text          0x000000000020b8f8       0xbc /usr/lib/gcc/arm-none-eabi/9.2.1/../../../arm-none-eabi/lib/thumb/v7-m/nofp/libc.a(lib_a-strcpy.o)
                0x000000000020b8f8                strcpy
 .text          0x000000000020b9b4       0x5c /usr/lib/gcc/arm-none-eabi/9.2.1/../../../arm-none-eabi/lib/thumb/v7-m/nofp/libc.a(lib_a-strlen-stub.o)
                0x000000000020b9b4                strlen
 .text          0x000000000020ba10      0x458 /usr/lib/gcc/arm-none-eabi/9.2.1/../../../arm-none-eabi/lib/thumb/v7-m/nofp/libc.a(lib_a-strstr.o)
                0x000000000020bce8                strstr
 .text          0x000000000020be68      0x164 /usr/lib/gcc/arm-none-eabi/9.2.1/../../../arm-none-eabi/lib/thumb/v7-m/nofp/libc.a(lib_a-strtol.o)
                0x000000000020bfa0                _strtol_r
                0x000000000020bfa4                strtol_l
                0x000000000020bfb8                strtol
 .text          0x000000000020bfcc        0xc /usr/lib/gcc/arm-none-eabi/9.2.1/../../../arm-none-eabi/lib/thumb/v7-m/nofp/libc.a(lib_a-errno.o)
                0x000000000020bfcc                __errno
 .text          0x000000000020bfd8       0xc8 /usr/lib/gcc/arm-none-eabi/9.2.1/../../../arm-none-eabi/lib/thumb/v7-m/nofp/libc.a(lib_a-strchr.o)
                0x000000000020bfd8                strchr
 .text          0x000000000020c0a0       0x40 /usr/lib/gcc/arm-none-eabi/9.2.1/../../../arm-none-eabi/lib/thumb/v7-m/nofp/libc.a(lib_a-strnlen.o)
                0x000000000020c0a0                strnlen
 .text.default_handler
                0x000000000020c0e0        0x2 build/zoul/remote-revb/obj/startup-gcc.o
                0x000000000020c0e0                default_handler
 .text.nmi_handler
                0x000000000020c0e2        0x6 build/zoul/remote-revb/obj/startup-gcc.o
                0x000000000020c0e2                nmi_handler
 .text.fade     0x000000000020c0e8       0x58 build/zoul/remote-revb/obj/platform.o
 .text.platform_init_stage_one
                0x000000000020c140       0x14 build/zoul/remote-revb/obj/platform.o
                0x000000000020c140                platform_init_stage_one
 .text.platform_idle
                0x000000000020c154        0x4 build/zoul/remote-revb/obj/platform.o
                0x000000000020c154                platform_idle
 .text.board_init
                0x000000000020c158        0x4 build/zoul/remote-revb/obj/board.o
                0x000000000020c158                board_init
 .text.soc_init
                0x000000000020c15c       0x22 build/zoul/remote-revb/obj/soc.o
                0x000000000020c15c                soc_init
 .text.clock_isr
                0x000000000020c17e        0x4 build/zoul/remote-revb/obj/clock.o
                0x000000000020c17e                clock_isr
 .text.rtimer_arch_init
                0x000000000020c182        0x2 build/zoul/remote-revb/obj/rtimer-arch.o
                0x000000000020c182                rtimer_arch_init
 .text.uart0_isr
                0x000000000020c184        0x6 build/zoul/remote-revb/obj/uart.o
                0x000000000020c184                uart0_isr
 .text.uart1_isr
                0x000000000020c18a        0x6 build/zoul/remote-revb/obj/uart.o
                0x000000000020c18a                uart1_isr
 .text.gpio_port_a_isr
                0x000000000020c190        0x6 build/zoul/remote-revb/obj/gpio.o
                0x000000000020c190                gpio_port_a_isr
 .text.gpio_port_b_isr
                0x000000000020c196        0x6 build/zoul/remote-revb/obj/gpio.o
                0x000000000020c196                gpio_port_b_isr
 .text.gpio_port_c_isr
                0x000000000020c19c        0x6 build/zoul/remote-revb/obj/gpio.o
                0x000000000020c19c                gpio_port_c_isr
 .text.gpio_port_d_isr
                0x000000000020c1a2        0x6 build/zoul/remote-revb/obj/gpio.o
                0x000000000020c1a2                gpio_port_d_isr
 .text.send     0x000000000020c1a8       0x12 build/zoul/remote-revb/obj/cc2538-rf.o
 .text.int_master_read_and_disable
                0x000000000020c1ba        0x8 build/zoul/remote-revb/obj/int-master.o
                0x000000000020c1ba                int_master_read_and_disable
 .text.int_master_status_set
                0x000000000020c1c2        0x6 build/zoul/remote-revb/obj/int-master.o
                0x000000000020c1c2                int_master_status_set
 .text.dbg_putchar
                0x000000000020c1c8       0x10 build/zoul/remote-revb/obj/dbg.o
                0x000000000020c1c8                dbg_putchar
 .text.dbg_send_bytes
                0x000000000020c1d8       0x22 build/zoul/remote-revb/obj/dbg.o
                0x000000000020c1d8                dbg_send_bytes
 .text.configure
                0x000000000020c1fa        0x4 build/zoul/remote-revb/obj/cc2538-temp-sensor.o
 .text.status   0x000000000020c1fe        0x4 build/zoul/remote-revb/obj/cc2538-temp-sensor.o
 .text.value    0x000000000020c202       0x34 build/zoul/remote-revb/obj/cc2538-temp-sensor.o
 .text.configure
                0x000000000020c236        0x4 build/zoul/remote-revb/obj/vdd3-sensor.o
 .text.status   0x000000000020c23a        0x4 build/zoul/remote-revb/obj/vdd3-sensor.o
 .text.value    0x000000000020c23e       0x2a build/zoul/remote-revb/obj/vdd3-sensor.o
 .text.stimer_set
                0x000000000020c268        0xe build/zoul/remote-revb/obj/stimer.o
                0x000000000020c268                stimer_set
 .text.stimer_expired
                0x000000000020c276       0x1e build/zoul/remote-revb/obj/stimer.o
                0x000000000020c276                stimer_expired
 .text.autostart_start
                0x000000000020c294       0x14 build/zoul/remote-revb/obj/autostart.o
                0x000000000020c294                autostart_start
 .text.energest_init
                0x000000000020c2a8        0x2 build/zoul/remote-revb/obj/energest.o
                0x000000000020c2a8                energest_init
 .text.etimer_set
                0x000000000020c2aa       0x12 build/zoul/remote-revb/obj/etimer.o
                0x000000000020c2aa                etimer_set
 .text.etimer_reset
                0x000000000020c2bc       0x12 build/zoul/remote-revb/obj/etimer.o
                0x000000000020c2bc                etimer_reset
 .text.etimer_expired
                0x000000000020c2ce        0xa build/zoul/remote-revb/obj/etimer.o
                0x000000000020c2ce                etimer_expired
 .text.call_process
                0x000000000020c2d8        0xc build/zoul/remote-revb/obj/process.o
 .text.rtimer_init
                0x000000000020c2e4        0x4 build/zoul/remote-revb/obj/rtimer.o
                0x000000000020c2e4                rtimer_init
 .text.timer_set
                0x000000000020c2e8        0xe build/zoul/remote-revb/obj/timer.o
                0x000000000020c2e8                timer_set
 .text.timer_expired
                0x000000000020c2f6       0x1c build/zoul/remote-revb/obj/timer.o
                0x000000000020c2f6                timer_expired
 .text.timer_reset
                0x000000000020c312       0x14 build/zoul/remote-revb/obj/timer.o
                0x000000000020c312                timer_reset
 .text.ringbuf_init
                0x000000000020c326        0xe build/zoul/remote-revb/obj/ringbuf.o
                0x000000000020c326                ringbuf_init
 .text.ringbuf_put
                0x000000000020c334       0x26 build/zoul/remote-revb/obj/ringbuf.o
                0x000000000020c334                ringbuf_put
 .text.ringbuf_get
                0x000000000020c35a       0x20 build/zoul/remote-revb/obj/ringbuf.o
                0x000000000020c35a                ringbuf_get
 .text.list_init
                0x000000000020c37a        0x6 build/zoul/remote-revb/obj/list.o
                0x000000000020c37a                list_init
 .text.list_head
                0x000000000020c380        0x4 build/zoul/remote-revb/obj/list.o
                0x000000000020c380                list_head
 .text.list_tail
                0x000000000020c384       0x10 build/zoul/remote-revb/obj/list.o
                0x000000000020c384                list_tail
 .text.list_remove
                0x000000000020c394       0x26 build/zoul/remote-revb/obj/list.o
                0x000000000020c394                list_remove
 .text.list_add
                0x000000000020c3ba       0x1a build/zoul/remote-revb/obj/list.o
                0x000000000020c3ba                list_add
 .text.list_push
                0x000000000020c3d4        0xe build/zoul/remote-revb/obj/list.o
                0x000000000020c3d4                list_push
 .text.list_length
                0x000000000020c3e2        0xe build/zoul/remote-revb/obj/list.o
                0x000000000020c3e2                list_length
 .text.list_item_next
                0x000000000020c3f0        0x6 build/zoul/remote-revb/obj/list.o
                0x000000000020c3f0                list_item_next
 .text.memb_init
                0x000000000020c3f6       0x20 build/zoul/remote-revb/obj/memb.o
                0x000000000020c3f6                memb_init
 .text.memb_alloc
                0x000000000020c416       0x28 build/zoul/remote-revb/obj/memb.o
                0x000000000020c416                memb_alloc
 .text.memb_free
                0x000000000020c43e       0x2c build/zoul/remote-revb/obj/memb.o
                0x000000000020c43e                memb_free
 .text.memb_inmemb
                0x000000000020c46a       0x1c build/zoul/remote-revb/obj/memb.o
                0x000000000020c46a                memb_inmemb
 .text.memb_numfree
                0x000000000020c486       0x1c build/zoul/remote-revb/obj/memb.o
                0x000000000020c486                memb_numfree
 .text.button_hal_get_state
                0x000000000020c4a2       0x28 build/zoul/remote-revb/obj/button-hal.o
                0x000000000020c4a2                button_hal_get_state
 .text.queuebuf_update_attr_from_packetbuf
                0x000000000020c4ca        0xc build/zoul/remote-revb/obj/queuebuf.o
                0x000000000020c4ca                queuebuf_update_attr_from_packetbuf
 .text.item_from_index
                0x000000000020c4d6       0x14 build/zoul/remote-revb/obj/nbr-table.o
 .text.index_from_item
                0x000000000020c4ea       0x16 build/zoul/remote-revb/obj/nbr-table.o
 .text.nbr_set_bit
                0x000000000020c500       0x3a build/zoul/remote-revb/obj/nbr-table.o
 .text.nbr_table_get_from_lladdr
                0x000000000020c53a       0x26 build/zoul/remote-revb/obj/nbr-table.o
                0x000000000020c53a                nbr_table_get_from_lladdr
 .text.linkaddr_copy
                0x000000000020c560        0x6 build/zoul/remote-revb/obj/linkaddr.o
                0x000000000020c560                linkaddr_copy
 .text.linkaddr_cmp
                0x000000000020c566       0x10 build/zoul/remote-revb/obj/linkaddr.o
                0x000000000020c566                linkaddr_cmp
 .text.link_stats_is_fresh
                0x000000000020c576       0x24 build/zoul/remote-revb/obj/link-stats.o
                0x000000000020c576                link_stats_is_fresh
 .text.guess_etx_from_rssi
                0x000000000020c59a       0x3e build/zoul/remote-revb/obj/link-stats.o
                0x000000000020c59a                guess_etx_from_rssi
 .text.mac_call_sent_callback
                0x000000000020c5d8       0x16 build/zoul/remote-revb/obj/mac.o
                0x000000000020c5d8                mac_call_sent_callback
 .text.parse    0x000000000020c5ee       0x94 build/zoul/remote-revb/obj/framer-802154.o
 .text.framer_802154_setup_params.part.0
                0x000000000020c682       0x7c build/zoul/remote-revb/obj/framer-802154.o
 .text.create   0x000000000020c6fe        0x6 build/zoul/remote-revb/obj/framer-802154.o
 .text.hdr_length
                0x000000000020c704        0x6 build/zoul/remote-revb/obj/framer-802154.o
 .text.frame802154_has_panid
                0x000000000020c70a       0xb6 build/zoul/remote-revb/obj/frame802154.o
                0x000000000020c70a                frame802154_has_panid
 .text.field_len
                0x000000000020c7c0       0x84 build/zoul/remote-revb/obj/frame802154.o
 .text.frame802154_is_broadcast_addr
                0x000000000020c844       0x1e build/zoul/remote-revb/obj/frame802154.o
                0x000000000020c844                frame802154_is_broadcast_addr
 .text.frame802154_hdrlen
                0x000000000020c862       0x32 build/zoul/remote-revb/obj/frame802154.o
                0x000000000020c862                frame802154_hdrlen
 .text.frame802154_create_fcf
                0x000000000020c894       0x5e build/zoul/remote-revb/obj/frame802154.o
                0x000000000020c894                frame802154_create_fcf
 .text.frame802154_create
                0x000000000020c8f2       0x8c build/zoul/remote-revb/obj/frame802154.o
                0x000000000020c8f2                frame802154_create
 .text.frame802154_parse_fcf
                0x000000000020c97e       0x66 build/zoul/remote-revb/obj/frame802154.o
                0x000000000020c97e                frame802154_parse_fcf
 .text.write_str
                0x000000000020c9e4       0x10 build/zoul/remote-revb/obj/printf.o
 .text.buffer_str
                0x000000000020c9f4       0x16 build/zoul/remote-revb/obj/sprintf.o
 .text.buffer_str
                0x000000000020ca0a       0x28 build/zoul/remote-revb/obj/snprintf.o
 .text.snprintf
                0x000000000020ca32       0x1a build/zoul/remote-revb/obj/snprintf.o
                0x000000000020ca32                snprintf
 .text.putchar  0x000000000020ca4c        0xc build/zoul/remote-revb/obj/putchar.o
                0x000000000020ca4c                putchar
 .text.send_packet
                0x000000000020ca58        0x4 build/zoul/remote-revb/obj/csma.o
 .text.uipbuf_set_len_field
                0x000000000020ca5c        0x6 build/zoul/remote-revb/obj/uipbuf.o
                0x000000000020ca5c                uipbuf_set_len_field
 .text.uipbuf_get_len_field
                0x000000000020ca62        0xc build/zoul/remote-revb/obj/uipbuf.o
                0x000000000020ca62                uipbuf_get_len_field
 .text.uipbuf_get_next_header
                0x000000000020ca6e       0x48 build/zoul/remote-revb/obj/uipbuf.o
                0x000000000020ca6e                uipbuf_get_next_header
 .text.uipbuf_get_last_header
                0x000000000020cab6       0x2c build/zoul/remote-revb/obj/uipbuf.o
                0x000000000020cab6                uipbuf_get_last_header
 .text.uipbuf_search_header
                0x000000000020cae2       0x40 build/zoul/remote-revb/obj/uipbuf.o
                0x000000000020cae2                uipbuf_search_header
 .text.uip_sr_expire_parent
                0x000000000020cb22       0x28 build/zoul/remote-revb/obj/uip-sr.o
                0x000000000020cb22                uip_sr_expire_parent
 .text.uip_ds6_list_loop
                0x000000000020cb4a       0x4e build/zoul/remote-revb/obj/uip-ds6.o
                0x000000000020cb4a                uip_ds6_list_loop
 .text.uip_ds6_maddr_rm
                0x000000000020cb98        0x8 build/zoul/remote-revb/obj/uip-ds6.o
                0x000000000020cb98                uip_ds6_maddr_rm
 .text.uip_ds6_set_addr_iid
                0x000000000020cba0       0x16 build/zoul/remote-revb/obj/uip-ds6.o
                0x000000000020cba0                uip_ds6_set_addr_iid
 .text.uip_ds6_set_lladdr_from_iid
                0x000000000020cbb6       0x16 build/zoul/remote-revb/obj/uip-ds6.o
                0x000000000020cbb6                uip_ds6_set_lladdr_from_iid
 .text.get_match_length
                0x000000000020cbcc       0x36 build/zoul/remote-revb/obj/uip-ds6.o
                0x000000000020cbcc                get_match_length
 .text.uip_ds6_route_nexthop
                0x000000000020cc02        0x4 build/zoul/remote-revb/obj/uip-ds6-route.o
                0x000000000020cc02                uip_ds6_route_nexthop
 .text.uip_ds6_route_lookup
                0x000000000020cc06        0x4 build/zoul/remote-revb/obj/uip-ds6-route.o
                0x000000000020cc06                uip_ds6_route_lookup
 .text.uip_ds6_route_rm
                0x000000000020cc0a        0x2 build/zoul/remote-revb/obj/uip-ds6-route.o
                0x000000000020cc0a                uip_ds6_route_rm
 .text.chksum   0x000000000020cc0c       0x52 build/zoul/remote-revb/obj/uip6.o
 .text.uip_icmp6chksum
                0x000000000020cc5e        0x6 build/zoul/remote-revb/obj/uip6.o
                0x000000000020cc5e                uip_icmp6chksum
 .text.uip_udpchksum
                0x000000000020cc64        0x6 build/zoul/remote-revb/obj/uip6.o
                0x000000000020cc64                uip_udpchksum
 .text.uip_ds6_nbr_lookup
                0x000000000020cc6a       0x2c build/zoul/remote-revb/obj/uip-ds6-nbr.o
                0x000000000020cc6a                uip_ds6_nbr_lookup
 .text.uip_ds6_nbr_update_ll
                0x000000000020cc96       0x5e build/zoul/remote-revb/obj/uip-ds6-nbr.o
                0x000000000020cc96                uip_ds6_nbr_update_ll
 .text.uip_ds6_nbr_ipaddr_from_lladdr
                0x000000000020ccf4        0x4 build/zoul/remote-revb/obj/uip-ds6-nbr.o
                0x000000000020ccf4                uip_ds6_nbr_ipaddr_from_lladdr
 .text.uip_ds6_nbr_lladdr_from_ipaddr
                0x000000000020ccf8       0x12 build/zoul/remote-revb/obj/uip-ds6-nbr.o
                0x000000000020ccf8                uip_ds6_nbr_lladdr_from_ipaddr
 .text.uip_ds6_link_callback
                0x000000000020cd0a        0x2 build/zoul/remote-revb/obj/uip-ds6-nbr.o
                0x000000000020cd0a                uip_ds6_link_callback
 .text.rpl_nbr_gc_get_worst
                0x000000000020cd0c       0x1e build/zoul/remote-revb/obj/rpl-nbr-policy.o
                0x000000000020cd0c                rpl_nbr_gc_get_worst
 .text.rpl_neighbor_get_ipaddr
                0x000000000020cd2a        0xe build/zoul/remote-revb/obj/rpl-neighbor.o
                0x000000000020cd2a                rpl_neighbor_get_ipaddr
 .text.rpl_neighbor_get_link_stats
                0x000000000020cd38        0xe build/zoul/remote-revb/obj/rpl-neighbor.o
                0x000000000020cd38                rpl_neighbor_get_link_stats
 .text.rpl_neighbor_is_fresh
                0x000000000020cd46        0xe build/zoul/remote-revb/obj/rpl-neighbor.o
                0x000000000020cd46                rpl_neighbor_is_fresh
 .text.rpl_process_hbh
                0x000000000020cd54       0x1c build/zoul/remote-revb/obj/rpl-dag.o
                0x000000000020cd54                rpl_process_hbh
 .text.handle_state_update
                0x000000000020cd70        0x4 build/zoul/remote-revb/obj/rpl-timers.o
 .text.get_probing_delay
                0x000000000020cd74       0x1a build/zoul/remote-revb/obj/rpl-timers.o
                0x000000000020cd74                get_probing_delay
 .text.handle_probing_timer
                0x000000000020cd8e       0x24 build/zoul/remote-revb/obj/rpl-timers.o
 .text.neighbor_state_changed
                0x000000000020cdb2        0x2 build/zoul/remote-revb/obj/rpl.o
 .text.drop_route
                0x000000000020cdb4        0x2 build/zoul/remote-revb/obj/rpl.o
 .text.rpl_lollipop_greater_than
                0x000000000020cdb6       0x34 build/zoul/remote-revb/obj/rpl.o
                0x000000000020cdb6                rpl_lollipop_greater_than
 .text.reset    0x000000000020cdea        0x2 build/zoul/remote-revb/obj/rpl-mrhof.o
 .text.nbr_link_metric
                0x000000000020cdec       0x12 build/zoul/remote-revb/obj/rpl-mrhof.o
 .text.nbr_path_cost
                0x000000000020cdfe       0x28 build/zoul/remote-revb/obj/rpl-mrhof.o
 .text.nbr_has_usable_link
                0x000000000020ce26       0x12 build/zoul/remote-revb/obj/rpl-mrhof.o
 .text.nbr_is_acceptable_parent
                0x000000000020ce38       0x1e build/zoul/remote-revb/obj/rpl-mrhof.o
 .text.get32    0x000000000020ce56       0x18 build/zoul/remote-revb/obj/rpl-icmp6.o
 .text.set32    0x000000000020ce6e       0x12 build/zoul/remote-revb/obj/rpl-icmp6.o
 .text.get16    0x000000000020ce80        0xc build/zoul/remote-revb/obj/rpl-icmp6.o
 .text.set16    0x000000000020ce8c        0xa build/zoul/remote-revb/obj/rpl-icmp6.o
 .text.rpl_icmp6_update_nbr_table
                0x000000000020ce96       0x2e build/zoul/remote-revb/obj/rpl-icmp6.o
                0x000000000020ce96                rpl_icmp6_update_nbr_table
 .text.process_thread_lorarpl_process
                0x000000000020cec4       0x14 lorarpl.o
 .text.parse    0x000000000020ced8       0xca build/zoul/remote-revb/obj/loraphy.o
                0x000000000020ced8                parse
 .text.phy_tx   0x000000000020cfa2       0x3c build/zoul/remote-revb/obj/loraphy.o
                0x000000000020cfa2                phy_tx
 .text.phy_timeout
                0x000000000020cfde       0x40 build/zoul/remote-revb/obj/loraphy.o
                0x000000000020cfde                phy_timeout
 .text.queue_init
                0x000000000020d01e       0x10 build/zoul/remote-revb/obj/mybuffer.o
                0x000000000020d01e                queue_init
 .text.queue_append
                0x000000000020d02e       0x3c build/zoul/remote-revb/obj/mybuffer.o
                0x000000000020d02e                queue_append
 .text.queue_pop
                0x000000000020d06a       0x3c build/zoul/remote-revb/obj/mybuffer.o
                0x000000000020d06a                queue_pop
 *(SORT_BY_ALIGNMENT(.rodata*))
 *fill*         0x000000000020d0a6        0x2 00000000
 .rodata.uart_regs
                0x000000000020d0a8       0x58 build/zoul/remote-revb/obj/uart.o
 .rodata.cc2538_rf_driver
                0x000000000020d100       0x38 build/zoul/remote-revb/obj/cc2538-rf.o
                0x000000000020d100                cc2538_rf_driver
 .rodata.output_power
                0x000000000020d138       0x70 build/zoul/remote-revb/obj/cc2538-rf.o
 .rodata.cc2538_temp_sensor
                0x000000000020d1a8       0x10 build/zoul/remote-revb/obj/cc2538-temp-sensor.o
                0x000000000020d1a8                cc2538_temp_sensor
 .rodata.vdd3_sensor
                0x000000000020d1b8       0x10 build/zoul/remote-revb/obj/vdd3-sensor.o
                0x000000000020d1b8                vdd3_sensor
 .rodata.framer_802154
                0x000000000020d1c8        0xc build/zoul/remote-revb/obj/framer-802154.o
                0x000000000020d1c8                framer_802154
 .rodata.csma_driver
                0x000000000020d1d4       0x1c build/zoul/remote-revb/obj/csma.o
                0x000000000020d1d4                csma_driver
 .rodata.sicslowpan_driver
                0x000000000020d1f0       0x10 build/zoul/remote-revb/obj/sicslowpan.o
                0x000000000020d1f0                sicslowpan_driver
 .rodata.rpl_lite_driver
                0x000000000020d200       0x54 build/zoul/remote-revb/obj/rpl.o
                0x000000000020d200                rpl_lite_driver
 .rodata.autostart_processes
                0x000000000020d254        0x8 lorarpl.o
                0x000000000020d254                autostart_processes
 .rodata        0x000000000020d25c      0x101 /usr/lib/gcc/arm-none-eabi/9.2.1/../../../arm-none-eabi/lib/thumb/v7-m/nofp/libc.a(lib_a-ctype_.o)
                0x000000000020d25c                _ctype_
 *fill*         0x000000000020d35d        0x1 00000000
 .rodata.linkaddr_null
                0x000000000020d35e        0x8 build/zoul/remote-revb/obj/linkaddr.o
                0x000000000020d35e                linkaddr_null
 .rodata.platform_init_stage_three.str1.1
                0x000000000020d366       0x3e build/zoul/remote-revb/obj/platform.o
                                         0x42 (size before relaxing)
 .rodata.leds_arch_leds
                0x000000000020d3a4        0x6 build/zoul/remote-revb/obj/leds-arch.o
                0x000000000020d3a4                leds_arch_leds
 .rodata.str1.1
                0x000000000020d3aa        0xc build/zoul/remote-revb/obj/board-buttons.o
 .rodata.str1.1
                0x000000000020d3b6       0x11 build/zoul/remote-revb/obj/cc2538-rf.o
 .rodata.str1.1
                0x000000000020d3c7       0x14 build/zoul/remote-revb/obj/cc2538-temp-sensor.o
 .rodata.str1.1
                0x000000000020d3db        0x5 build/zoul/remote-revb/obj/vdd3-sensor.o
 .rodata.main.str1.1
                0x000000000020d3e0       0xc6 build/zoul/remote-revb/obj/contiki-main.o
                                         0xf1 (size before relaxing)
 .rodata.str1.1
                0x000000000020d4a6        0xc build/zoul/remote-revb/obj/etimer.o
 .rodata.log_6addr.str1.1
                0x000000000020d4b2        0xc build/zoul/remote-revb/obj/log.o
                                          0x3 (size before relaxing)
 .rodata.log_lladdr.str1.1
                0x000000000020d4b2       0x16 build/zoul/remote-revb/obj/log.o
 .rodata.str1.1
                0x000000000020d4c8        0xf build/zoul/remote-revb/obj/ctimer.o
 .rodata.process_thread_stack_check_process.str1.1
                0x000000000020d4d7       0x4f build/zoul/remote-revb/obj/stack-check.o
                                         0x5e (size before relaxing)
 .rodata.str1.1
                0x000000000020d526        0xc build/zoul/remote-revb/obj/stack-check.o
 .rodata.str1.1
                0x000000000020d532        0x8 build/zoul/remote-revb/obj/sensors.o
 .rodata.str1.1
                0x000000000020d53a       0x13 build/zoul/remote-revb/obj/button-hal.o
 .rodata.str1.1
                0x000000000020d54d        0xe build/zoul/remote-revb/obj/serial-line.o
 .rodata.format_str_v.str1.1
                0x000000000020d55b       0x35 build/zoul/remote-revb/obj/strformat.o
                                         0x37 (size before relaxing)
 .rodata.buffer.5483
                0x000000000020d590       0x10 build/zoul/remote-revb/obj/strformat.o
 .rodata.buffer.5492
                0x000000000020d5a0       0x10 build/zoul/remote-revb/obj/strformat.o
 .rodata.str1.1
                0x000000000020d5b0        0x5 build/zoul/remote-revb/obj/csma.o
 .rodata.str1.1
                0x000000000020d5b5        0xd build/zoul/remote-revb/obj/tcpip.o
 .rodata.str1.1
                0x000000000020d5c2        0xb build/zoul/remote-revb/obj/sicslowpan.o
 .rodata.CSWTCH.460
                0x000000000020d5cd        0x4 build/zoul/remote-revb/obj/sicslowpan.o
 .rodata.llprefix
                0x000000000020d5d1        0x2 build/zoul/remote-revb/obj/sicslowpan.o