Archive member included to satisfy reference by file (symbol)

/usr/lib/gcc/arm-none-eabi/9.2.1/thumb/v7-m/nofp/libgcc.a(_arm_mulsf3.o)
                              build/zoul/remote-revb/obj/power-mgmt.o (__aeabi_fmul)
/usr/lib/gcc/arm-none-eabi/9.2.1/thumb/v7-m/nofp/libgcc.a(_arm_addsubsf3.o)
                              build/zoul/remote-revb/obj/power-mgmt.o (__aeabi_fsub)
/usr/lib/gcc/arm-none-eabi/9.2.1/thumb/v7-m/nofp/libgcc.a(_arm_muldivsf3.o)
                              build/zoul/remote-revb/obj/power-mgmt.o (__aeabi_fdiv)
/usr/lib/gcc/arm-none-eabi/9.2.1/thumb/v7-m/nofp/libgcc.a(_arm_fixunssfsi.o)
                              build/zoul/remote-revb/obj/power-mgmt.o (__aeabi_f2uiz)
/usr/lib/gcc/arm-none-eabi/9.2.1/thumb/v7-m/nofp/libgcc.a(_aeabi_ldivmod.o)
                              build/zoul/remote-revb/obj/spi-legacy.o (__aeabi_ldivmod)
/usr/lib/gcc/arm-none-eabi/9.2.1/thumb/v7-m/nofp/libgcc.a(_aeabi_uldivmod.o)
                              build/zoul/remote-revb/obj/spi-legacy.o (__aeabi_uldivmod)
/usr/lib/gcc/arm-none-eabi/9.2.1/thumb/v7-m/nofp/libgcc.a(_udivmoddi4.o)
                              /usr/lib/gcc/arm-none-eabi/9.2.1/thumb/v7-m/nofp/libgcc.a(_aeabi_ldivmod.o) (__udivmoddi4)
/usr/lib/gcc/arm-none-eabi/9.2.1/thumb/v7-m/nofp/libgcc.a(_dvmd_tls.o)
                              /usr/lib/gcc/arm-none-eabi/9.2.1/thumb/v7-m/nofp/libgcc.a(_aeabi_ldivmod.o) (__aeabi_ldiv0)
/usr/lib/gcc/arm-none-eabi/9.2.1/../../../arm-none-eabi/lib/thumb/v7-m/nofp/libc.a(lib_a-malloc.o)
                              build/zoul/remote-revb/obj/syscall.o (malloc)
/usr/lib/gcc/arm-none-eabi/9.2.1/../../../arm-none-eabi/lib/thumb/v7-m/nofp/libc.a(lib_a-mallocr.o)
                              /usr/lib/gcc/arm-none-eabi/9.2.1/../../../arm-none-eabi/lib/thumb/v7-m/nofp/libc.a(lib_a-malloc.o) (_malloc_r)
/usr/lib/gcc/arm-none-eabi/9.2.1/../../../arm-none-eabi/lib/thumb/v7-m/nofp/libc.a(lib_a-memcmp.o)
                              build/zoul/remote-revb/obj/linkaddr.o (memcmp)
/usr/lib/gcc/arm-none-eabi/9.2.1/../../../arm-none-eabi/lib/thumb/v7-m/nofp/libc.a(lib_a-memcpy.o)
                              build/zoul/remote-revb/obj/ecc-algorithm.o (memcpy)
/usr/lib/gcc/arm-none-eabi/9.2.1/../../../arm-none-eabi/lib/thumb/v7-m/nofp/libc.a(lib_a-memmove.o)
                              build/zoul/remote-revb/obj/uip-icmp6.o (memmove)
/usr/lib/gcc/arm-none-eabi/9.2.1/../../../arm-none-eabi/lib/thumb/v7-m/nofp/libc.a(lib_a-memset.o)
                              build/zoul/remote-revb/obj/udma.o (memset)
/usr/lib/gcc/arm-none-eabi/9.2.1/../../../arm-none-eabi/lib/thumb/v7-m/nofp/libc.a(lib_a-mlock.o)
                              /usr/lib/gcc/arm-none-eabi/9.2.1/../../../arm-none-eabi/lib/thumb/v7-m/nofp/libc.a(lib_a-mallocr.o) (__malloc_lock)
/usr/lib/gcc/arm-none-eabi/9.2.1/../../../arm-none-eabi/lib/thumb/v7-m/nofp/libc.a(lib_a-reent.o)
                              build/zoul/remote-revb/obj/syscalls.o (errno)
/usr/lib/gcc/arm-none-eabi/9.2.1/../../../arm-none-eabi/lib/thumb/v7-m/nofp/libc.a(lib_a-sbrkr.o)
                              /usr/lib/gcc/arm-none-eabi/9.2.1/../../../arm-none-eabi/lib/thumb/v7-m/nofp/libc.a(lib_a-mallocr.o) (_sbrk_r)
/usr/lib/gcc/arm-none-eabi/9.2.1/../../../arm-none-eabi/lib/thumb/v7-m/nofp/libc.a(lib_a-strcat.o)
                              build/zoul/remote-revb/obj/rn2483radio.o (strcat)
/usr/lib/gcc/arm-none-eabi/9.2.1/../../../arm-none-eabi/lib/thumb/v7-m/nofp/libc.a(lib_a-strcmp.o)
                              build/zoul/remote-revb/obj/cfs-coffee.o (strcmp)
/usr/lib/gcc/arm-none-eabi/9.2.1/../../../arm-none-eabi/lib/thumb/v7-m/nofp/libc.a(lib_a-strcpy.o)
                              /usr/lib/gcc/arm-none-eabi/9.2.1/../../../arm-none-eabi/lib/thumb/v7-m/nofp/libc.a(lib_a-strcat.o) (strcpy)
/usr/lib/gcc/arm-none-eabi/9.2.1/../../../arm-none-eabi/lib/thumb/v7-m/nofp/libc.a(lib_a-strlen-stub.o)
                              build/zoul/remote-revb/obj/loramac.o (strlen)
/usr/lib/gcc/arm-none-eabi/9.2.1/../../../arm-none-eabi/lib/thumb/v7-m/nofp/libc.a(lib_a-strncmp.o)
                              build/zoul/remote-revb/obj/sensors.o (strncmp)
/usr/lib/gcc/arm-none-eabi/9.2.1/../../../arm-none-eabi/lib/thumb/v7-m/nofp/libc.a(lib_a-strncpy.o)
                              build/zoul/remote-revb/obj/cfs-coffee.o (strncpy)
/usr/lib/gcc/arm-none-eabi/9.2.1/../../../arm-none-eabi/lib/thumb/v7-m/nofp/libc.a(lib_a-strstr.o)
                              build/zoul/remote-revb/obj/rn2483radio.o (strstr)
/usr/lib/gcc/arm-none-eabi/9.2.1/../../../arm-none-eabi/lib/thumb/v7-m/nofp/libc.a(lib_a-strtol.o)
                              build/zoul/remote-revb/obj/interface.o (strtol)
/usr/lib/gcc/arm-none-eabi/9.2.1/../../../arm-none-eabi/lib/thumb/v7-m/nofp/libc.a(lib_a-ctype_.o)
                              /usr/lib/gcc/arm-none-eabi/9.2.1/../../../arm-none-eabi/lib/thumb/v7-m/nofp/libc.a(lib_a-strtol.o) (_ctype_)
[...]
Memory Configuration

Name             Origin             Length             Attributes
FLASH_FW         0x0000000000202000 0x000000000007dfd4 xr
FLASH_CCA        0x000000000027ffd4 0x000000000000002c xr
NRSRAM           0x0000000020000000 0x0000000000004000 xrw
FRSRAM           0x0000000020004000 0x0000000000004000 xrw
*default*        0x0000000000000000 0xffffffffffffffff

Linker script and memory map

LOAD build/zoul/remote-revb/obj/startup-gcc.o
LOAD build/zoul/remote-revb/obj/platform.o
LOAD build/zoul/remote-revb/obj/leds-arch.o
LOAD build/zoul/remote-revb/obj/leds.o
LOAD build/zoul/remote-revb/obj/cc1200-zoul-arch.o
LOAD build/zoul/remote-revb/obj/adc-zoul.o
LOAD build/zoul/remote-revb/obj/board-buttons.o
LOAD build/zoul/remote-revb/obj/zoul-sensors.o
LOAD build/zoul/remote-revb/obj/board.o
LOAD build/zoul/remote-revb/obj/antenna-sw.o
LOAD build/zoul/remote-revb/obj/mmc-arch.o
LOAD build/zoul/remote-revb/obj/rtcc.o
LOAD build/zoul/remote-revb/obj/power-mgmt.o
LOAD build/zoul/remote-revb/obj/soc.o
LOAD build/zoul/remote-revb/obj/clock.o
LOAD build/zoul/remote-revb/obj/rtimer-arch.o
LOAD build/zoul/remote-revb/obj/uart.o
LOAD build/zoul/remote-revb/obj/watchdog.o
LOAD build/zoul/remote-revb/obj/nvic.o
LOAD build/zoul/remote-revb/obj/sys-ctrl.o
LOAD build/zoul/remote-revb/obj/gpio.o
LOAD build/zoul/remote-revb/obj/ioc.o
LOAD build/zoul/remote-revb/obj/spi-legacy.o
LOAD build/zoul/remote-revb/obj/adc.o
LOAD build/zoul/remote-revb/obj/spi-arch.o
LOAD build/zoul/remote-revb/obj/crypto.o
LOAD build/zoul/remote-revb/obj/aes.o
LOAD build/zoul/remote-revb/obj/ecb.o
LOAD build/zoul/remote-revb/obj/cbc.o
LOAD build/zoul/remote-revb/obj/ctr.o
LOAD build/zoul/remote-revb/obj/cbc-mac.o
LOAD build/zoul/remote-revb/obj/gcm.o
LOAD build/zoul/remote-revb/obj/ccm.o
LOAD build/zoul/remote-revb/obj/sha256.o
LOAD build/zoul/remote-revb/obj/gpio-hal-arch.o
LOAD build/zoul/remote-revb/obj/cc2538-aes-128.o
LOAD build/zoul/remote-revb/obj/cc2538-ccm-star.o
LOAD build/zoul/remote-revb/obj/cc2538-rf.o
LOAD build/zoul/remote-revb/obj/udma.o
LOAD build/zoul/remote-revb/obj/lpm.o
LOAD build/zoul/remote-revb/obj/int-master.o
LOAD build/zoul/remote-revb/obj/pka.o
LOAD build/zoul/remote-revb/obj/bignum-driver.o
LOAD build/zoul/remote-revb/obj/ecc-driver.o
LOAD build/zoul/remote-revb/obj/ecc-algorithm.o
LOAD build/zoul/remote-revb/obj/ecc-curve.o
LOAD build/zoul/remote-revb/obj/dbg.o
LOAD build/zoul/remote-revb/obj/ieee-addr.o
LOAD build/zoul/remote-revb/obj/slip-arch.o
LOAD build/zoul/remote-revb/obj/slip.o
LOAD build/zoul/remote-revb/obj/i2c.o
LOAD build/zoul/remote-revb/obj/cc2538-temp-sensor.o
LOAD build/zoul/remote-revb/obj/vdd3-sensor.o
LOAD build/zoul/remote-revb/obj/cfs-coffee.o
LOAD build/zoul/remote-revb/obj/cfs-coffee-arch.o
LOAD build/zoul/remote-revb/obj/pwm.o
LOAD build/zoul/remote-revb/obj/usb-core.o
LOAD build/zoul/remote-revb/obj/cdc-acm.o
LOAD build/zoul/remote-revb/obj/usb-arch.o
LOAD build/zoul/remote-revb/obj/usb-serial.o
LOAD build/zoul/remote-revb/obj/cdc-acm-descriptors.o
LOAD build/zoul/remote-revb/obj/interface.o
LOAD build/zoul/remote-revb/obj/loramac.o
LOAD build/zoul/remote-revb/obj/rn2483radio.o
LOAD build/zoul/remote-revb/obj/contiki-main.o
LOAD build/zoul/remote-revb/obj/stimer.o
LOAD build/zoul/remote-revb/obj/autostart.o
LOAD build/zoul/remote-revb/obj/energest.o
LOAD build/zoul/remote-revb/obj/etimer.o
LOAD build/zoul/remote-revb/obj/log.o
LOAD build/zoul/remote-revb/obj/atomic.o
LOAD build/zoul/remote-revb/obj/mutex.o
LOAD build/zoul/remote-revb/obj/ctimer.o
LOAD build/zoul/remote-revb/obj/compower.o
LOAD build/zoul/remote-revb/obj/process.o
LOAD build/zoul/remote-revb/obj/rtimer.o
LOAD build/zoul/remote-revb/obj/node-id.o
LOAD build/zoul/remote-revb/obj/timer.o
LOAD build/zoul/remote-revb/obj/stack-check.o
LOAD build/zoul/remote-revb/obj/dbl-circ-list.o
LOAD build/zoul/remote-revb/obj/crc16.o
LOAD build/zoul/remote-revb/obj/ifft.o
LOAD build/zoul/remote-revb/obj/ringbuf.o
LOAD build/zoul/remote-revb/obj/ccm-star.o
LOAD build/zoul/remote-revb/obj/dbl-list.o
LOAD build/zoul/remote-revb/obj/ringbufindex.o
LOAD build/zoul/remote-revb/obj/sensors.o
LOAD build/zoul/remote-revb/obj/list.o
LOAD build/zoul/remote-revb/obj/circular-list.o
LOAD build/zoul/remote-revb/obj/aes-128.o
LOAD build/zoul/remote-revb/obj/trickle-timer.o
LOAD build/zoul/remote-revb/obj/memb.o
LOAD build/zoul/remote-revb/obj/heapmem.o
LOAD build/zoul/remote-revb/obj/random.o
LOAD build/zoul/remote-revb/obj/hexconv.o
LOAD build/zoul/remote-revb/obj/assert.o
LOAD build/zoul/remote-revb/obj/button-hal.o
LOAD build/zoul/remote-revb/obj/serial-line.o
LOAD build/zoul/remote-revb/obj/spi.o
LOAD build/zoul/remote-revb/obj/nullradio.o
LOAD build/zoul/remote-revb/obj/gpio-hal.o
LOAD build/zoul/remote-revb/obj/queuebuf.o
LOAD build/zoul/remote-revb/obj/nbr-table.o
LOAD build/zoul/remote-revb/obj/packetbuf.o
LOAD build/zoul/remote-revb/obj/netstack.o
LOAD build/zoul/remote-revb/obj/linkaddr.o
LOAD build/zoul/remote-revb/obj/net-debug.o
LOAD build/zoul/remote-revb/obj/link-stats.o
LOAD build/zoul/remote-revb/obj/mac-sequence.o
LOAD build/zoul/remote-revb/obj/mac.o
LOAD build/zoul/remote-revb/obj/frame802154e-ie.o
LOAD build/zoul/remote-revb/obj/framer-802154.o
LOAD build/zoul/remote-revb/obj/nullframer.o
LOAD build/zoul/remote-revb/obj/frame802154.o
LOAD build/zoul/remote-revb/obj/ff.o
LOAD build/zoul/remote-revb/obj/syscall.o
LOAD build/zoul/remote-revb/obj/unicode.o
LOAD build/zoul/remote-revb/obj/diskio.o
LOAD build/zoul/remote-revb/obj/syscalls.o
LOAD build/zoul/remote-revb/obj/strformat.o
LOAD build/zoul/remote-revb/obj/printf.o
LOAD build/zoul/remote-revb/obj/sprintf.o
LOAD build/zoul/remote-revb/obj/snprintf.o
LOAD build/zoul/remote-revb/obj/puts.o
LOAD build/zoul/remote-revb/obj/putchar.o
LOAD build/zoul/remote-revb/obj/cc1200-868-fsk-1-2kbps.o
LOAD build/zoul/remote-revb/obj/cc1200-802154g-863-870-fsk-50kbps.o
LOAD build/zoul/remote-revb/obj/cc1200.o
LOAD build/zoul/remote-revb/obj/cc1200-868-4gfsk-1000kbps.o
LOAD build/zoul/remote-revb/obj/rgb-led.o
LOAD build/zoul/remote-revb/obj/csma-security.o
LOAD build/zoul/remote-revb/obj/anti-replay.o
LOAD build/zoul/remote-revb/obj/csma.o
LOAD build/zoul/remote-revb/obj/csma-output.o
LOAD build/zoul/remote-revb/obj/ccm-star-packetbuf.o
LOAD build/zoul/remote-revb/obj/uipbuf.o
LOAD build/zoul/remote-revb/obj/uip-icmp6.o
LOAD build/zoul/remote-revb/obj/uip-sr.o
LOAD build/zoul/remote-revb/obj/uip-ds6.o
LOAD build/zoul/remote-revb/obj/uip-packetqueue.o
LOAD build/zoul/remote-revb/obj/tcp-socket.o
LOAD build/zoul/remote-revb/obj/ip64-addr.o
LOAD build/zoul/remote-revb/obj/uip-udp-packet.o
LOAD build/zoul/remote-revb/obj/uip-ds6-route.o
LOAD build/zoul/remote-revb/obj/psock.o
LOAD build/zoul/remote-revb/obj/tcpip.o
LOAD build/zoul/remote-revb/obj/uip6.o
LOAD build/zoul/remote-revb/obj/uip-ds6-nbr.o
LOAD build/zoul/remote-revb/obj/uip-nameserver.o
LOAD build/zoul/remote-revb/obj/uip-nd6.o
LOAD build/zoul/remote-revb/obj/udp-socket.o
LOAD build/zoul/remote-revb/obj/simple-udp.o
LOAD build/zoul/remote-revb/obj/sicslowpan.o
LOAD build/zoul/remote-revb/obj/uiplib.o
LOAD build/zoul/remote-revb/obj/rpl-nbr-policy.o
LOAD build/zoul/remote-revb/obj/rpl-of0.o
LOAD build/zoul/remote-revb/obj/rpl-neighbor.o
LOAD build/zoul/remote-revb/obj/rpl-dag.o
LOAD build/zoul/remote-revb/obj/rpl-timers.o
LOAD build/zoul/remote-revb/obj/rpl-ext-header.o
LOAD build/zoul/remote-revb/obj/rpl.o
LOAD build/zoul/remote-revb/obj/rpl-mrhof.o
LOAD build/zoul/remote-revb/obj/rpl-icmp6.o
LOAD build/zoul/remote-revb/obj/rpl-dag-root.o
LOAD pingpong.o
START GROUP
LOAD /usr/lib/gcc/arm-none-eabi/9.2.1/../../../arm-none-eabi/lib/thumb/v7-m/nofp/libm.a
END GROUP
START GROUP
LOAD /usr/lib/gcc/arm-none-eabi/9.2.1/thumb/v7-m/nofp/libgcc.a
LOAD /usr/lib/gcc/arm-none-eabi/9.2.1/../../../arm-none-eabi/lib/thumb/v7-m/nofp/libc.a
END GROUP

.text           0x0000000000202000    0x118ac
                0x0000000000202000                _text = .
 *(SORT_BY_ALIGNMENT(.vectors))
 .vectors       0x0000000000202000      0x28c build/zoul/remote-revb/obj/startup-gcc.o
                0x0000000000202000                vectors
 *(SORT_BY_ALIGNMENT(.text*))
 .text.reset_handler
                0x000000000020228c       0x40 build/zoul/remote-revb/obj/startup-gcc.o
                0x000000000020228c                reset_handler
 .text.platform_init_stage_two
                0x00000000002022cc       0x4c build/zoul/remote-revb/obj/platform.o
                0x00000000002022cc                platform_init_stage_two
 .text.platform_init_stage_three
                0x0000000000202318       0x94 build/zoul/remote-revb/obj/platform.o
                0x0000000000202318                platform_init_stage_three
 .text.leds_on  0x00000000002023ac       0x50 build/zoul/remote-revb/obj/leds.o
                0x00000000002023ac                leds_on
 .text.leds_off
                0x00000000002023fc       0x48 build/zoul/remote-revb/obj/leds.o
                0x00000000002023fc                leds_off
 .text.leds_init
                0x0000000000202444       0x48 build/zoul/remote-revb/obj/leds.o
                0x0000000000202444                leds_init
 .text.antenna_sw_config
                0x000000000020248c       0x30 build/zoul/remote-revb/obj/antenna-sw.o
                0x000000000020248c                antenna_sw_config
 .text.soc_get_rev
                0x00000000002024bc       0x18 build/zoul/remote-revb/obj/soc.o
                0x00000000002024bc                soc_get_rev
 .text.soc_print_info
                0x00000000002024d4       0x10 build/zoul/remote-revb/obj/soc.o
                0x00000000002024d4                soc_print_info
 .text.update_ticks
                0x00000000002024e4       0x54 build/zoul/remote-revb/obj/clock.o
 .text.clock_init
                0x0000000000202538       0x4c build/zoul/remote-revb/obj/clock.o
                0x0000000000202538                clock_init
 .text.clock_time
                0x0000000000202584       0x14 build/zoul/remote-revb/obj/clock.o
                0x0000000000202584                clock_time
 .text.clock_seconds
                0x0000000000202598       0x14 build/zoul/remote-revb/obj/clock.o
                0x0000000000202598                clock_seconds
 .text.clock_delay_usec
                0x00000000002025ac       0x1c build/zoul/remote-revb/obj/clock.o
                0x00000000002025ac                clock_delay_usec
 .text.clock_adjust
                0x00000000002025c8       0x20 build/zoul/remote-revb/obj/clock.o
                0x00000000002025c8                clock_adjust
 .text.rtimer_arch_next_trigger
                0x00000000002025e8        0xc build/zoul/remote-revb/obj/rtimer-arch.o
                0x00000000002025e8                rtimer_arch_next_trigger
 .text.rtimer_arch_now
                0x00000000002025f4       0x24 build/zoul/remote-revb/obj/rtimer-arch.o
                0x00000000002025f4                rtimer_arch_now
 .text.rtimer_arch_schedule
                0x0000000000202618       0x58 build/zoul/remote-revb/obj/rtimer-arch.o
                0x0000000000202618                rtimer_arch_schedule
 .text.rtimer_isr
                0x0000000000202670       0x34 build/zoul/remote-revb/obj/rtimer-arch.o
                0x0000000000202670                rtimer_isr
 .text.permit_pm1
                0x00000000002026a4       0x24 build/zoul/remote-revb/obj/uart.o
 .text.uart_isr
                0x00000000002026c8       0x60 build/zoul/remote-revb/obj/uart.o
 .text.uart_init
                0x0000000000202728      0x198 build/zoul/remote-revb/obj/uart.o
                0x0000000000202728                uart_init
 .text.uart_set_input
                0x00000000002028c0       0x10 build/zoul/remote-revb/obj/uart.o
                0x00000000002028c0                uart_set_input
 .text.uart_write_byte
                0x00000000002028d0       0x1c build/zoul/remote-revb/obj/uart.o
                0x00000000002028d0                uart_write_byte
 .text.watchdog_init
                0x00000000002028ec        0xc build/zoul/remote-revb/obj/watchdog.o
                0x00000000002028ec                watchdog_init
 .text.watchdog_start
                0x00000000002028f8        0xc build/zoul/remote-revb/obj/watchdog.o
                0x00000000002028f8                watchdog_start
 .text.watchdog_periodic
                0x0000000000202904       0x10 build/zoul/remote-revb/obj/watchdog.o
                0x0000000000202904                watchdog_periodic
 .text.nvic_init
                0x0000000000202914       0x10 build/zoul/remote-revb/obj/nvic.o
                0x0000000000202914                nvic_init
 .text.sys_ctrl_init
                0x0000000000202924       0x74 build/zoul/remote-revb/obj/sys-ctrl.o
                0x0000000000202924                sys_ctrl_init
 .text.gpio_port_isr
                0x0000000000202998       0x48 build/zoul/remote-revb/obj/gpio.o
 .text.ioc_init
                0x00000000002029e0       0x1c build/zoul/remote-revb/obj/ioc.o
                0x00000000002029e0                ioc_init
 .text.ioc_set_over
                0x00000000002029fc       0x14 build/zoul/remote-revb/obj/ioc.o
                0x00000000002029fc                ioc_set_over
 .text.ioc_set_sel
                0x0000000000202a10       0x14 build/zoul/remote-revb/obj/ioc.o
                0x0000000000202a10                ioc_set_sel
 .text.adc_get  0x0000000000202a24       0x70 build/zoul/remote-revb/obj/adc.o
                0x0000000000202a24                adc_get
 .text.permit_pm1
                0x0000000000202a94       0x10 build/zoul/remote-revb/obj/crypto.o
 .text.crypto_isr
                0x0000000000202aa4       0x30 build/zoul/remote-revb/obj/crypto.o
                0x0000000000202aa4                crypto_isr
 .text.crypto_enable
                0x0000000000202ad4       0x20 build/zoul/remote-revb/obj/crypto.o
                0x0000000000202ad4                crypto_enable
 .text.crypto_init
                0x0000000000202af4       0x3c build/zoul/remote-revb/obj/crypto.o
                0x0000000000202af4                crypto_init
 .text.crypto_disable
                0x0000000000202b30       0x20 build/zoul/remote-revb/obj/crypto.o
                0x0000000000202b30                crypto_disable
 .text.gpio_hal_arch_no_port_pin_cfg_set
                0x0000000000202b50       0xc8 build/zoul/remote-revb/obj/gpio-hal-arch.o
                0x0000000000202b50                gpio_hal_arch_no_port_pin_cfg_set
 .text.off      0x0000000000202c18       0x40 build/zoul/remote-revb/obj/cc2538-rf.o
 .text.receiving_packet
                0x0000000000202c58       0x18 build/zoul/remote-revb/obj/cc2538-rf.o
 .text.pending_packet
                0x0000000000202c70       0x10 build/zoul/remote-revb/obj/cc2538-rf.o
 .text.on       0x0000000000202c80       0x28 build/zoul/remote-revb/obj/cc2538-rf.o
 .text.set_channel
                0x0000000000202ca8       0x38 build/zoul/remote-revb/obj/cc2538-rf.o
 .text.get_value
                0x0000000000202ce0      0x17c build/zoul/remote-revb/obj/cc2538-rf.o
 .text.channel_clear
                0x0000000000202e5c       0x3c build/zoul/remote-revb/obj/cc2538-rf.o
 .text.set_object
                0x0000000000202e98       0x30 build/zoul/remote-revb/obj/cc2538-rf.o
 .text.read     0x0000000000202ec8       0xdc build/zoul/remote-revb/obj/cc2538-rf.o
 .text.prepare  0x0000000000202fa4       0x68 build/zoul/remote-revb/obj/cc2538-rf.o
 .text.get_object
                0x000000000020300c      0x130 build/zoul/remote-revb/obj/cc2538-rf.o
 .text.transmit
                0x000000000020313c       0xa4 build/zoul/remote-revb/obj/cc2538-rf.o
 .text.set_poll_mode
                0x00000000002031e0       0xa0 build/zoul/remote-revb/obj/cc2538-rf.o
 .text.init     0x0000000000203280       0xe8 build/zoul/remote-revb/obj/cc2538-rf.o
 .text.process_thread_cc2538_rf_process
                0x0000000000203368       0x90 build/zoul/remote-revb/obj/cc2538-rf.o
 .text.set_value
                0x00000000002033f8      0x18c build/zoul/remote-revb/obj/cc2538-rf.o
 .text.cc2538_rf_rx_tx_isr
                0x0000000000203584       0x24 build/zoul/remote-revb/obj/cc2538-rf.o
                0x0000000000203584                cc2538_rf_rx_tx_isr
 .text.cc2538_rf_err_isr
                0x00000000002035a8       0x28 build/zoul/remote-revb/obj/cc2538-rf.o
                0x00000000002035a8                cc2538_rf_err_isr
 .text.udma_init
                0x00000000002035d0       0x34 build/zoul/remote-revb/obj/udma.o
                0x00000000002035d0                udma_init
 .text.udma_set_channel_src
                0x0000000000203604       0x10 build/zoul/remote-revb/obj/udma.o
                0x0000000000203604                udma_set_channel_src
 .text.udma_set_channel_dst
                0x0000000000203614       0x14 build/zoul/remote-revb/obj/udma.o
                0x0000000000203614                udma_set_channel_dst
 .text.udma_set_channel_control_word
                0x0000000000203628       0x14 build/zoul/remote-revb/obj/udma.o
                0x0000000000203628                udma_set_channel_control_word
 .text.udma_channel_enable
                0x000000000020363c       0x18 build/zoul/remote-revb/obj/udma.o
                0x000000000020363c                udma_channel_enable
 .text.udma_channel_mask_set
                0x0000000000203654       0x18 build/zoul/remote-revb/obj/udma.o
                0x0000000000203654                udma_channel_mask_set
 .text.udma_channel_sw_request
                0x000000000020366c       0x18 build/zoul/remote-revb/obj/udma.o
                0x000000000020366c                udma_channel_sw_request
 .text.udma_channel_get_mode
                0x0000000000203684       0x1c build/zoul/remote-revb/obj/udma.o
                0x0000000000203684                udma_channel_get_mode
 .text.udma_isr
                0x00000000002036a0       0x10 build/zoul/remote-revb/obj/udma.o
                0x00000000002036a0                udma_isr
 .text.udma_err_isr
                0x00000000002036b0        0xc build/zoul/remote-revb/obj/udma.o
                0x00000000002036b0                udma_err_isr
 .text.select_32_mhz_xosc
                0x00000000002036bc       0x2c build/zoul/remote-revb/obj/lpm.o
 .text.lpm_exit
                0x00000000002036e8       0x34 build/zoul/remote-revb/obj/lpm.o
                0x00000000002036e8                lpm_exit
 .text.lpm_enter
                0x000000000020371c       0xb4 build/zoul/remote-revb/obj/lpm.o
                0x000000000020371c                lpm_enter
 .text.lpm_register_peripheral
                0x00000000002037d0       0x24 build/zoul/remote-revb/obj/lpm.o
                0x00000000002037d0                lpm_register_peripheral
 .text.lpm_init
                0x00000000002037f4       0x24 build/zoul/remote-revb/obj/lpm.o
                0x00000000002037f4                lpm_init
 .text.pka_isr  0x0000000000203818       0x30 build/zoul/remote-revb/obj/pka.o
                0x0000000000203818                pka_isr
 .text.dbg_putchar
                0x0000000000203848       0x40 build/zoul/remote-revb/obj/dbg.o
                0x0000000000203848                dbg_putchar
 .text.ieee_addr_cpy_to
                0x0000000000203888       0x60 build/zoul/remote-revb/obj/ieee-addr.o
                0x0000000000203888                ieee_addr_cpy_to
 .text.process_thread_loramac_process
                0x00000000002038e8      0x104 build/zoul/remote-revb/obj/interface.o
 .text.init     0x00000000002039ec       0x58 build/zoul/remote-revb/obj/interface.o
 .text.loramac_input_callback
                0x0000000000203a44      0x168 build/zoul/remote-revb/obj/interface.o
 .text.ipv62lora
                0x0000000000203bac       0x44 build/zoul/remote-revb/obj/interface.o
                0x0000000000203bac                ipv62lora
 .text.output   0x0000000000203bf0       0x80 build/zoul/remote-revb/obj/interface.o
 .text.mutex_cortex_try_lock.constprop.0
                0x0000000000203c70       0x28 build/zoul/remote-revb/obj/loramac.o
 .text.forDag   0x0000000000203c98       0x20 build/zoul/remote-revb/obj/loramac.o
                0x0000000000203c98                forDag
 .text.forRoot  0x0000000000203cb8       0x20 build/zoul/remote-revb/obj/loramac.o
                0x0000000000203cb8                forRoot
 .text.setState
                0x0000000000203cd8       0x1c build/zoul/remote-revb/obj/loramac.o
                0x0000000000203cd8                setState
 .text.process_thread_mac_tx
                0x0000000000203cf4      0x210 build/zoul/remote-revb/obj/loramac.o
 .text.retransmit_timeout
                0x0000000000203f04      0x11c build/zoul/remote-revb/obj/loramac.o
                0x0000000000203f04                retransmit_timeout
 .text.enqueue_packet
                0x0000000000204020      0x190 build/zoul/remote-revb/obj/loramac.o
                0x0000000000204020                enqueue_packet
 .text.query_timeout
                0x00000000002041b0       0xb8 build/zoul/remote-revb/obj/loramac.o
                0x00000000002041b0                query_timeout
 .text.send_ack
                0x0000000000204268       0x90 build/zoul/remote-revb/obj/loramac.o
                0x0000000000204268                send_ack
 .text.on_join_response
                0x00000000002042f8      0x188 build/zoul/remote-revb/obj/loramac.o
                0x00000000002042f8                on_join_response
 .text.on_data  0x0000000000204480      0x15c build/zoul/remote-revb/obj/loramac.o
                0x0000000000204480                on_data
 .text.on_ack   0x00000000002045dc       0xa0 build/zoul/remote-revb/obj/loramac.o
                0x00000000002045dc                on_ack
 .text.lora_rx  0x000000000020467c       0xb8 build/zoul/remote-revb/obj/loramac.o
                0x000000000020467c                lora_rx
 .text.mac_root_start
                0x0000000000204734      0x154 build/zoul/remote-revb/obj/loramac.o
                0x0000000000204734                mac_root_start
 .text.loramac_set_input_callback
                0x0000000000204888        0xc build/zoul/remote-revb/obj/loramac.o
                0x0000000000204888                loramac_set_input_callback
 .text.process_thread_ph_rx
                0x0000000000204894       0x24 build/zoul/remote-revb/obj/rn2483radio.o
 .text.print_lora_addr
                0x00000000002048b8       0x10 build/zoul/remote-revb/obj/rn2483radio.o
                0x00000000002048b8                print_lora_addr
 .text.print_lora_frame
                0x00000000002048c8       0x40 build/zoul/remote-revb/obj/rn2483radio.o
                0x00000000002048c8                print_lora_frame
 .text.to_frame
                0x0000000000204908       0xbc build/zoul/remote-revb/obj/rn2483radio.o
                0x0000000000204908                to_frame
 .text.write_uart
                0x00000000002049c4       0x50 build/zoul/remote-revb/obj/rn2483radio.o
                0x00000000002049c4                write_uart
 .text.phy_register_listener
                0x0000000000204a14        0xc build/zoul/remote-revb/obj/rn2483radio.o
                0x0000000000204a14                phy_register_listener
 .text.process_command
                0x0000000000204a20       0xb0 build/zoul/remote-revb/obj/rn2483radio.o
                0x0000000000204a20                process_command
 .text.uart_rx  0x0000000000204ad0       0x60 build/zoul/remote-revb/obj/rn2483radio.o
                0x0000000000204ad0                uart_rx
 .text.uart_tx  0x0000000000204b30       0x90 build/zoul/remote-revb/obj/rn2483radio.o
                0x0000000000204b30                uart_tx
 .text.phy_init
                0x0000000000204bc0       0xc0 build/zoul/remote-revb/obj/rn2483radio.o
                0x0000000000204bc0                phy_init
 .text.phy_rx   0x0000000000204c80       0x40 build/zoul/remote-revb/obj/rn2483radio.o
                0x0000000000204c80                phy_rx
 .text.buf_empty
                0x0000000000204cc0       0x2c build/zoul/remote-revb/obj/rn2483radio.o
                0x0000000000204cc0                buf_empty
 .text.process_thread_ph_tx
                0x0000000000204cec      0x194 build/zoul/remote-revb/obj/rn2483radio.o
 .text.startup.main
                0x0000000000204e80      0x220 build/zoul/remote-revb/obj/contiki-main.o
                0x0000000000204e80                main
 .text.update_time
                0x00000000002050a0       0x40 build/zoul/remote-revb/obj/etimer.o
 .text.etimer_request_poll
                0x00000000002050e0        0xc build/zoul/remote-revb/obj/etimer.o
                0x00000000002050e0                etimer_request_poll
 .text.process_thread_etimer_process
                0x00000000002050ec       0xac build/zoul/remote-revb/obj/etimer.o
 .text.add_timer
                0x0000000000205198       0x40 build/zoul/remote-revb/obj/etimer.o
 .text.etimer_pending
                0x00000000002051d8       0x10 build/zoul/remote-revb/obj/etimer.o
                0x00000000002051d8                etimer_pending
 .text.etimer_stop
                0x00000000002051e8       0x34 build/zoul/remote-revb/obj/etimer.o
                0x00000000002051e8                etimer_stop
 .text.log_6addr
                0x000000000020521c       0x20 build/zoul/remote-revb/obj/log.o
                0x000000000020521c                log_6addr
 .text.log_lladdr
                0x000000000020523c       0x40 build/zoul/remote-revb/obj/log.o
                0x000000000020523c                log_lladdr
 .text.process_thread_ctimer_process
                0x000000000020527c       0x7c build/zoul/remote-revb/obj/ctimer.o
 .text.ctimer_init
                0x00000000002052f8       0x28 build/zoul/remote-revb/obj/ctimer.o
                0x00000000002052f8                ctimer_init
 .text.ctimer_set_with_process
                0x0000000000205320       0x44 build/zoul/remote-revb/obj/ctimer.o
                0x0000000000205320                ctimer_set_with_process
 .text.ctimer_set
                0x0000000000205364       0x14 build/zoul/remote-revb/obj/ctimer.o
                0x0000000000205364                ctimer_set
 .text.ctimer_reset
                0x0000000000205378       0x38 build/zoul/remote-revb/obj/ctimer.o
                0x0000000000205378                ctimer_reset
 .text.ctimer_restart
                0x00000000002053b0       0x38 build/zoul/remote-revb/obj/ctimer.o
                0x00000000002053b0                ctimer_restart
 .text.ctimer_stop
                0x00000000002053e8       0x2c build/zoul/remote-revb/obj/ctimer.o
                0x00000000002053e8                ctimer_stop
 .text.ctimer_expired
                0x0000000000205414       0x34 build/zoul/remote-revb/obj/ctimer.o
                0x0000000000205414                ctimer_expired
 .text.call_process.part.0
                0x0000000000205448       0x38 build/zoul/remote-revb/obj/process.o
 .text.exit_process
                0x0000000000205480       0x80 build/zoul/remote-revb/obj/process.o
 .text.do_poll  0x0000000000205500       0x30 build/zoul/remote-revb/obj/process.o
 .text.process_alloc_event
                0x0000000000205530       0x10 build/zoul/remote-revb/obj/process.o
                0x0000000000205530                process_alloc_event
 .text.process_init
                0x0000000000205540       0x30 build/zoul/remote-revb/obj/process.o
                0x0000000000205540                process_init
 .text.process_run
                0x0000000000205570       0x84 build/zoul/remote-revb/obj/process.o
                0x0000000000205570                process_run
 .text.process_nevents
                0x00000000002055f4       0x14 build/zoul/remote-revb/obj/process.o
                0x00000000002055f4                process_nevents
 .text.process_post
                0x0000000000205608       0x3c build/zoul/remote-revb/obj/process.o
                0x0000000000205608                process_post
 .text.process_post_synch
                0x0000000000205644       0x14 build/zoul/remote-revb/obj/process.o
                0x0000000000205644                process_post_synch
 .text.process_start
                0x0000000000205658       0x30 build/zoul/remote-revb/obj/process.o
                0x0000000000205658                process_start
 .text.process_poll
                0x0000000000205688       0x18 build/zoul/remote-revb/obj/process.o
                0x0000000000205688                process_poll
 .text.rtimer_run_next
                0x00000000002056a0       0x28 build/zoul/remote-revb/obj/rtimer.o
                0x00000000002056a0                rtimer_run_next
 .text.node_id_init
                0x00000000002056c8       0x18 build/zoul/remote-revb/obj/node-id.o
                0x00000000002056c8                node_id_init
 .text.stack_check_init
                0x00000000002056e0       0x24 build/zoul/remote-revb/obj/stack-check.o
                0x00000000002056e0                stack_check_init
 .text.stack_check_get_usage
                0x0000000000205704       0x40 build/zoul/remote-revb/obj/stack-check.o
                0x0000000000205704                stack_check_get_usage
 .text.process_thread_stack_check_process
                0x0000000000205744       0xb4 build/zoul/remote-revb/obj/stack-check.o
 .text.process_thread_sensors_process
                0x00000000002057f8       0xd4 build/zoul/remote-revb/obj/sensors.o
 .text.random_rand
                0x00000000002058cc       0x24 build/zoul/remote-revb/obj/random.o
                0x00000000002058cc                random_rand
 .text.random_init
                0x00000000002058f0       0x78 build/zoul/remote-revb/obj/random.o
                0x00000000002058f0                random_init
 .text.duration_exceeded_callback
                0x0000000000205968       0x34 build/zoul/remote-revb/obj/button-hal.o
 .text.process_thread_button_hal_process
                0x000000000020599c       0x78 build/zoul/remote-revb/obj/button-hal.o
 .text.press_release_handler
                0x0000000000205a14       0x18 build/zoul/remote-revb/obj/button-hal.o
 .text.debounce_handler
                0x0000000000205a2c       0x64 build/zoul/remote-revb/obj/button-hal.o
 .text.button_hal_init
                0x0000000000205a90      0x104 build/zoul/remote-revb/obj/button-hal.o
                0x0000000000205a90                button_hal_init
 .text.process_thread_serial_line_process
                0x0000000000205b94       0x9c build/zoul/remote-revb/obj/serial-line.o
 .text.serial_line_input_byte
                0x0000000000205c30       0x48 build/zoul/remote-revb/obj/serial-line.o
                0x0000000000205c30                serial_line_input_byte
 .text.serial_line_init
                0x0000000000205c78       0x24 build/zoul/remote-revb/obj/serial-line.o
                0x0000000000205c78                serial_line_init
 .text.gpio_hal_register_handler
                0x0000000000205c9c        0xc build/zoul/remote-revb/obj/gpio-hal.o
                0x0000000000205c9c                gpio_hal_register_handler
 .text.gpio_hal_event_handler
                0x0000000000205ca8       0x24 build/zoul/remote-revb/obj/gpio-hal.o
                0x0000000000205ca8                gpio_hal_event_handler
 .text.gpio_hal_init
                0x0000000000205ccc        0xc build/zoul/remote-revb/obj/gpio-hal.o
                0x0000000000205ccc                gpio_hal_init
 .text.queuebuf_init
                0x0000000000205cd8       0x1c build/zoul/remote-revb/obj/queuebuf.o
                0x0000000000205cd8                queuebuf_init
 .text.queuebuf_numfree
                0x0000000000205cf4        0xc build/zoul/remote-revb/obj/queuebuf.o
                0x0000000000205cf4                queuebuf_numfree
 .text.queuebuf_new_from_packetbuf
                0x0000000000205d00       0x44 build/zoul/remote-revb/obj/queuebuf.o
                0x0000000000205d00                queuebuf_new_from_packetbuf
 .text.queuebuf_free
                0x0000000000205d44       0x2c build/zoul/remote-revb/obj/queuebuf.o
                0x0000000000205d44                queuebuf_free
 .text.queuebuf_to_packetbuf
                0x0000000000205d70       0x30 build/zoul/remote-revb/obj/queuebuf.o
                0x0000000000205d70                queuebuf_to_packetbuf
 .text.index_from_key
                0x0000000000205da0       0x20 build/zoul/remote-revb/obj/nbr-table.o
 .text.index_from_lladdr
                0x0000000000205dc0       0x40 build/zoul/remote-revb/obj/nbr-table.o
 .text.nbr_get_bit.constprop.0
                0x0000000000205e00       0x24 build/zoul/remote-revb/obj/nbr-table.o
 .text.remove_key
                0x0000000000205e24       0x88 build/zoul/remote-revb/obj/nbr-table.o
 .text.nbr_table_is_registered
                0x0000000000205eac       0x20 build/zoul/remote-revb/obj/nbr-table.o
                0x0000000000205eac                nbr_table_is_registered
 .text.nbr_table_register
                0x0000000000205ecc       0x30 build/zoul/remote-revb/obj/nbr-table.o
                0x0000000000205ecc                nbr_table_register
 .text.nbr_table_next
                0x0000000000205efc       0x48 build/zoul/remote-revb/obj/nbr-table.o
                0x0000000000205efc                nbr_table_next
 .text.nbr_table_head
                0x0000000000205f44       0x38 build/zoul/remote-revb/obj/nbr-table.o
                0x0000000000205f44                nbr_table_head
 .text.entry_is_allowed.isra.0
                0x0000000000205f7c       0x70 build/zoul/remote-revb/obj/nbr-table.o
 .text.nbr_table_add_lladdr
                0x0000000000205fec       0xb4 build/zoul/remote-revb/obj/nbr-table.o
                0x0000000000205fec                nbr_table_add_lladdr
 .text.nbr_table_remove
                0x00000000002060a0       0x2c build/zoul/remote-revb/obj/nbr-table.o
                0x00000000002060a0                nbr_table_remove
 .text.nbr_table_lock
                0x00000000002060cc       0x10 build/zoul/remote-revb/obj/nbr-table.o
                0x00000000002060cc                nbr_table_lock
 .text.nbr_table_unlock
                0x00000000002060dc       0x10 build/zoul/remote-revb/obj/nbr-table.o
                0x00000000002060dc                nbr_table_unlock
 .text.nbr_table_get_lladdr
                0x00000000002060ec       0x24 build/zoul/remote-revb/obj/nbr-table.o
                0x00000000002060ec                nbr_table_get_lladdr
 .text.packetbuf_hdrreduce
                0x0000000000206110       0x28 build/zoul/remote-revb/obj/packetbuf.o
                0x0000000000206110                packetbuf_hdrreduce
 .text.packetbuf_set_datalen
                0x0000000000206138        0xc build/zoul/remote-revb/obj/packetbuf.o
                0x0000000000206138                packetbuf_set_datalen
 .text.packetbuf_hdrptr
                0x0000000000206144        0x8 build/zoul/remote-revb/obj/packetbuf.o
                0x0000000000206144                packetbuf_hdrptr
 .text.packetbuf_datalen
                0x000000000020614c        0xc build/zoul/remote-revb/obj/packetbuf.o
                0x000000000020614c                packetbuf_datalen
 .text.packetbuf_hdrlen
                0x0000000000206158       0x18 build/zoul/remote-revb/obj/packetbuf.o
                0x0000000000206158                packetbuf_hdrlen
 .text.packetbuf_dataptr
                0x0000000000206170       0x10 build/zoul/remote-revb/obj/packetbuf.o
                0x0000000000206170                packetbuf_dataptr
 .text.packetbuf_copyto
                0x0000000000206180       0x44 build/zoul/remote-revb/obj/packetbuf.o
                0x0000000000206180                packetbuf_copyto
 .text.packetbuf_totlen
                0x00000000002061c4       0x14 build/zoul/remote-revb/obj/packetbuf.o
                0x00000000002061c4                packetbuf_totlen
 .text.packetbuf_hdralloc
                0x00000000002061d8       0x40 build/zoul/remote-revb/obj/packetbuf.o
                0x00000000002061d8                packetbuf_hdralloc
 .text.packetbuf_attr_clear
                0x0000000000206218       0x34 build/zoul/remote-revb/obj/packetbuf.o
                0x0000000000206218                packetbuf_attr_clear
 .text.packetbuf_clear
                0x000000000020624c       0x20 build/zoul/remote-revb/obj/packetbuf.o
                0x000000000020624c                packetbuf_clear
 .text.packetbuf_copyfrom
                0x000000000020626c       0x2c build/zoul/remote-revb/obj/packetbuf.o
                0x000000000020626c                packetbuf_copyfrom
 .text.packetbuf_attr_copyto
                0x0000000000206298       0x24 build/zoul/remote-revb/obj/packetbuf.o
                0x0000000000206298                packetbuf_attr_copyto
 .text.packetbuf_attr_copyfrom
                0x00000000002062bc       0x24 build/zoul/remote-revb/obj/packetbuf.o
                0x00000000002062bc                packetbuf_attr_copyfrom
 .text.packetbuf_set_attr
                0x00000000002062e0       0x10 build/zoul/remote-revb/obj/packetbuf.o
                0x00000000002062e0                packetbuf_set_attr
 .text.packetbuf_attr
                0x00000000002062f0        0xc build/zoul/remote-revb/obj/packetbuf.o
                0x00000000002062f0                packetbuf_attr
 .text.packetbuf_set_addr
                0x00000000002062fc       0x18 build/zoul/remote-revb/obj/packetbuf.o
                0x00000000002062fc                packetbuf_set_addr
 .text.packetbuf_addr
                0x0000000000206314       0x10 build/zoul/remote-revb/obj/packetbuf.o
                0x0000000000206314                packetbuf_addr
 .text.packetbuf_holds_broadcast
                0x0000000000206324       0x10 build/zoul/remote-revb/obj/packetbuf.o
                0x0000000000206324                packetbuf_holds_broadcast
 .text.netstack_process_ip_callback
                0x0000000000206334       0x40 build/zoul/remote-revb/obj/netstack.o
                0x0000000000206334                netstack_process_ip_callback
 .text.netstack_init
                0x0000000000206374       0x24 build/zoul/remote-revb/obj/netstack.o
                0x0000000000206374                netstack_init
 .text.periodic
                0x0000000000206398       0x30 build/zoul/remote-revb/obj/link-stats.o
 .text.link_stats_from_lladdr
                0x00000000002063c8        0xc build/zoul/remote-revb/obj/link-stats.o
                0x00000000002063c8                link_stats_from_lladdr
 .text.link_stats_packet_sent
                0x00000000002063d4       0x80 build/zoul/remote-revb/obj/link-stats.o
                0x00000000002063d4                link_stats_packet_sent
 .text.link_stats_input_callback
                0x0000000000206454       0x4c build/zoul/remote-revb/obj/link-stats.o
                0x0000000000206454                link_stats_input_callback
 .text.link_stats_reset
                0x00000000002064a0       0x28 build/zoul/remote-revb/obj/link-stats.o
                0x00000000002064a0                link_stats_reset
 .text.link_stats_init
                0x00000000002064c8       0x28 build/zoul/remote-revb/obj/link-stats.o
                0x00000000002064c8                link_stats_init
 .text.mac_sequence_is_duplicate
                0x00000000002064f0       0x50 build/zoul/remote-revb/obj/mac-sequence.o
                0x00000000002064f0                mac_sequence_is_duplicate
 .text.mac_sequence_register_seqno
                0x0000000000206540       0x60 build/zoul/remote-revb/obj/mac-sequence.o
                0x0000000000206540                mac_sequence_register_seqno
 .text.create_frame
                0x00000000002065a0       0xd0 build/zoul/remote-revb/obj/framer-802154.o
 .text.frame802154_get_pan_id
                0x0000000000206670        0xc build/zoul/remote-revb/obj/frame802154.o
                0x0000000000206670                frame802154_get_pan_id
 .text.frame802154_parse
                0x000000000020667c      0x130 build/zoul/remote-revb/obj/frame802154.o
                0x000000000020667c                frame802154_parse
 .text.fill_space
                0x00000000002067ac       0x34 build/zoul/remote-revb/obj/strformat.o
 .text.format_str_v
                0x00000000002067e0      0x770 build/zoul/remote-revb/obj/strformat.o
                0x00000000002067e0                format_str_v
 .text.printf   0x0000000000206f50       0x20 build/zoul/remote-revb/obj/printf.o
                0x0000000000206f50                printf
 .text.sprintf  0x0000000000206f70       0x30 build/zoul/remote-revb/obj/sprintf.o
                0x0000000000206f70                sprintf
 .text.vsnprintf
                0x0000000000206fa0       0x28 build/zoul/remote-revb/obj/snprintf.o
                0x0000000000206fa0                vsnprintf
 .text.csma_security_create_frame
                0x0000000000206fc8       0x18 build/zoul/remote-revb/obj/csma-security.o
                0x0000000000206fc8                csma_security_create_frame
 .text.csma_security_parse_frame
                0x0000000000206fe0        0xc build/zoul/remote-revb/obj/csma-security.o
                0x0000000000206fe0                csma_security_parse_frame
 .text.on       0x0000000000206fec        0xc build/zoul/remote-revb/obj/csma.o
 .text.off      0x0000000000206ff8        0xc build/zoul/remote-revb/obj/csma.o
 .text.max_payload
                0x0000000000207004       0x3c build/zoul/remote-revb/obj/csma.o
 .text.init     0x0000000000207040       0x20 build/zoul/remote-revb/obj/csma.o
 .text.input_packet
                0x0000000000207060       0x5c build/zoul/remote-revb/obj/csma.o
 .text.schedule_transmission
                0x00000000002070bc       0x38 build/zoul/remote-revb/obj/csma-output.o
 .text.tx_done  0x00000000002070f4       0x7c build/zoul/remote-revb/obj/csma-output.o
 .text.transmit_from_queue
                0x0000000000207170      0x198 build/zoul/remote-revb/obj/csma-output.o
 .text.csma_output_packet
                0x0000000000207308      0x144 build/zoul/remote-revb/obj/csma-output.o
                0x0000000000207308                csma_output_packet
 .text.csma_output_init
                0x000000000020744c       0x24 build/zoul/remote-revb/obj/csma-output.o
                0x000000000020744c                csma_output_init
 .text.uipbuf_add_ext_hdr
                0x0000000000207470       0x30 build/zoul/remote-revb/obj/uipbuf.o
                0x0000000000207470                uipbuf_add_ext_hdr
 .text.uipbuf_set_len
                0x00000000002074a0       0x14 build/zoul/remote-revb/obj/uipbuf.o
                0x00000000002074a0                uipbuf_set_len
 .text.uipbuf_get_attr
                0x00000000002074b4       0x14 build/zoul/remote-revb/obj/uipbuf.o
                0x00000000002074b4                uipbuf_get_attr
 .text.uipbuf_set_attr
                0x00000000002074c8       0x14 build/zoul/remote-revb/obj/uipbuf.o
                0x00000000002074c8                uipbuf_set_attr
 .text.uipbuf_clear_attr
                0x00000000002074dc       0x14 build/zoul/remote-revb/obj/uipbuf.o
                0x00000000002074dc                uipbuf_clear_attr
 .text.uipbuf_clear
                0x00000000002074f0       0x20 build/zoul/remote-revb/obj/uipbuf.o
                0x00000000002074f0                uipbuf_clear
 .text.uipbuf_init
                0x0000000000207510       0x20 build/zoul/remote-revb/obj/uipbuf.o
                0x0000000000207510                uipbuf_init
 .text.echo_reply_input
                0x0000000000207530       0xdc build/zoul/remote-revb/obj/uip-icmp6.o
 .text.echo_request_input
                0x000000000020760c      0x16c build/zoul/remote-revb/obj/uip-icmp6.o
 .text.uip_icmp6_input
                0x0000000000207778       0x38 build/zoul/remote-revb/obj/uip-icmp6.o
                0x0000000000207778                uip_icmp6_input
 .text.uip_icmp6_register_input_handler
                0x00000000002077b0        0xc build/zoul/remote-revb/obj/uip-icmp6.o
                0x00000000002077b0                uip_icmp6_register_input_handler
 .text.uip_icmp6_error_output
                0x00000000002077bc      0x1e0 build/zoul/remote-revb/obj/uip-icmp6.o
                0x00000000002077bc                uip_icmp6_error_output
 .text.uip_icmp6_send
                0x000000000020799c      0x11c build/zoul/remote-revb/obj/uip-icmp6.o
                0x000000000020799c                uip_icmp6_send
 .text.uip_icmp6_init
                0x0000000000207ab8       0x1c build/zoul/remote-revb/obj/uip-icmp6.o
                0x0000000000207ab8                uip_icmp6_init
 .text.node_matches_address.part.0
                0x0000000000207ad4       0x28 build/zoul/remote-revb/obj/uip-sr.o
 .text.uip_sr_num_nodes
                0x0000000000207afc        0xc build/zoul/remote-revb/obj/uip-sr.o
                0x0000000000207afc                uip_sr_num_nodes
 .text.uip_sr_get_node
                0x0000000000207b08       0x38 build/zoul/remote-revb/obj/uip-sr.o
                0x0000000000207b08                uip_sr_get_node
 .text.uip_sr_is_addr_reachable
                0x0000000000207b40       0x44 build/zoul/remote-revb/obj/uip-sr.o
                0x0000000000207b40                uip_sr_is_addr_reachable
 .text.uip_sr_update_node
                0x0000000000207b84      0x174 build/zoul/remote-revb/obj/uip-sr.o
                0x0000000000207b84                uip_sr_update_node
 .text.uip_sr_init
                0x0000000000207cf8       0x24 build/zoul/remote-revb/obj/uip-sr.o
                0x0000000000207cf8                uip_sr_init
 .text.uip_sr_node_head
                0x0000000000207d1c        0xc build/zoul/remote-revb/obj/uip-sr.o
                0x0000000000207d1c                uip_sr_node_head
 .text.uip_sr_periodic
                0x0000000000207d28       0xdc build/zoul/remote-revb/obj/uip-sr.o
                0x0000000000207d28                uip_sr_periodic
 .text.uip_sr_free_all
                0x0000000000207e04       0x48 build/zoul/remote-revb/obj/uip-sr.o
                0x0000000000207e04                uip_sr_free_all
 .text.uip_sr_link_snprint
                0x0000000000207e4c       0x8c build/zoul/remote-revb/obj/uip-sr.o
                0x0000000000207e4c                uip_sr_link_snprint
 .text.uip_ds6_default_prefix
                0x0000000000207ed8        0x8 build/zoul/remote-revb/obj/uip-ds6.o
                0x0000000000207ed8                uip_ds6_default_prefix
 .text.uip_ds6_prefix_add
                0x0000000000207ee0       0xe0 build/zoul/remote-revb/obj/uip-ds6.o
                0x0000000000207ee0                uip_ds6_prefix_add
 .text.uip_ds6_is_addr_onlink
                0x0000000000207fc0       0x40 build/zoul/remote-revb/obj/uip-ds6.o
                0x0000000000207fc0                uip_ds6_is_addr_onlink
 .text.uip_ds6_addr_lookup
                0x0000000000208000       0x2c build/zoul/remote-revb/obj/uip-ds6.o
                0x0000000000208000                uip_ds6_addr_lookup
 .text.uip_ds6_get_link_local
                0x000000000020802c       0x3c build/zoul/remote-revb/obj/uip-ds6.o
                0x000000000020802c                uip_ds6_get_link_local
 .text.uip_ds6_maddr_add
                0x0000000000208068       0x4c build/zoul/remote-revb/obj/uip-ds6.o
                0x0000000000208068                uip_ds6_maddr_add
 .text.uip_ds6_addr_add
                0x00000000002080b4       0x98 build/zoul/remote-revb/obj/uip-ds6.o
                0x00000000002080b4                uip_ds6_addr_add
 .text.uip_ds6_maddr_lookup
                0x000000000020814c       0x2c build/zoul/remote-revb/obj/uip-ds6.o
                0x000000000020814c                uip_ds6_maddr_lookup
 .text.uip_ds6_addr_rm
                0x0000000000208178       0x44 build/zoul/remote-revb/obj/uip-ds6.o
                0x0000000000208178                uip_ds6_addr_rm
 .text.uip_ds6_periodic
                0x00000000002081bc       0x48 build/zoul/remote-revb/obj/uip-ds6.o
                0x00000000002081bc                uip_ds6_periodic
 .text.uip_ds6_select_src
                0x0000000000208204       0x90 build/zoul/remote-revb/obj/uip-ds6.o
                0x0000000000208204                uip_ds6_select_src
 .text.uip_ds6_compute_reachable_time
                0x0000000000208294       0x2c build/zoul/remote-revb/obj/uip-ds6.o
                0x0000000000208294                uip_ds6_compute_reachable_time
 .text.uip_ds6_init
                0x00000000002082c0      0x21c build/zoul/remote-revb/obj/uip-ds6.o
                0x00000000002082c0                uip_ds6_init
 .text.uip_udp_packet_send
                0x00000000002084dc       0x34 build/zoul/remote-revb/obj/uip-udp-packet.o
                0x00000000002084dc                uip_udp_packet_send
 .text.uip_ds6_route_init
                0x0000000000208510       0x1c build/zoul/remote-revb/obj/uip-ds6-route.o
                0x0000000000208510                uip_ds6_route_init
 .text.uip_ds6_defrt_rm
                0x000000000020852c       0x68 build/zoul/remote-revb/obj/uip-ds6-route.o
                0x000000000020852c                uip_ds6_defrt_rm
 .text.uip_ds6_defrt_lookup
                0x0000000000208594       0x34 build/zoul/remote-revb/obj/uip-ds6-route.o
                0x0000000000208594                uip_ds6_defrt_lookup
 .text.uip_ds6_defrt_add
                0x00000000002085c8      0x114 build/zoul/remote-revb/obj/uip-ds6-route.o
                0x00000000002085c8                uip_ds6_defrt_add
 .text.uip_ds6_defrt_choose
                0x00000000002086dc       0xf0 build/zoul/remote-revb/obj/uip-ds6-route.o
                0x00000000002086dc                uip_ds6_defrt_choose
 .text.uip_ds6_defrt_periodic
                0x00000000002087cc       0x70 build/zoul/remote-revb/obj/uip-ds6-route.o
                0x00000000002087cc                uip_ds6_defrt_periodic
 .text.tcpip_output
                0x000000000020883c       0x2c build/zoul/remote-revb/obj/tcpip.o
                0x000000000020883c                tcpip_output
 .text.udp_new  0x0000000000208868       0x18 build/zoul/remote-revb/obj/tcpip.o
                0x0000000000208868                udp_new
 .text.tcpip_input
                0x0000000000208880       0x24 build/zoul/remote-revb/obj/tcpip.o
                0x0000000000208880                tcpip_input
 .text.tcpip_ipv6_output
                0x00000000002088a4      0x3ec build/zoul/remote-revb/obj/tcpip.o
                0x00000000002088a4                tcpip_ipv6_output
 .text.packet_input.part.0
                0x0000000000208c90       0x50 build/zoul/remote-revb/obj/tcpip.o
 .text.process_thread_tcpip_process
                0x0000000000208ce0       0xd4 build/zoul/remote-revb/obj/tcpip.o
 .text.tcpip_uipcall
                0x0000000000208db4       0x2c build/zoul/remote-revb/obj/tcpip.o
                0x0000000000208db4                tcpip_uipcall
 .text.upper_layer_chksum
                0x0000000000208de0       0x94 build/zoul/remote-revb/obj/uip6.o
 .text.ext_hdr_options_process
                0x0000000000208e74      0x170 build/zoul/remote-revb/obj/uip6.o
 .text.uip_update_ttl
                0x0000000000208fe4       0x24 build/zoul/remote-revb/obj/uip6.o
 .text.uip_init
                0x0000000000209008       0x44 build/zoul/remote-revb/obj/uip6.o
                0x0000000000209008                uip_init
 .text.uip_remove_ext_hdr
                0x000000000020904c       0xc8 build/zoul/remote-revb/obj/uip6.o
                0x000000000020904c                uip_remove_ext_hdr
 .text.uip_udp_new
                0x0000000000209114       0x94 build/zoul/remote-revb/obj/uip6.o
                0x0000000000209114                uip_udp_new
 .text.uip_process
                0x00000000002091a8      0x86c build/zoul/remote-revb/obj/uip6.o
                0x00000000002091a8                uip_process
 .text.uip_htonl
                0x0000000000209a14       0x1c build/zoul/remote-revb/obj/uip6.o
                0x0000000000209a14                uip_htonl
 .text.uip_ds6_nbr_rm
                0x0000000000209a30       0x24 build/zoul/remote-revb/obj/uip-ds6-nbr.o
                0x0000000000209a30                uip_ds6_nbr_rm
 .text.uip_ds6_neighbors_init
                0x0000000000209a54       0x1c build/zoul/remote-revb/obj/uip-ds6-nbr.o
                0x0000000000209a54                uip_ds6_neighbors_init
 .text.uip_ds6_nbr_add
                0x0000000000209a70      0x110 build/zoul/remote-revb/obj/uip-ds6-nbr.o
                0x0000000000209a70                uip_ds6_nbr_add
 .text.uip_ds6_nbr_get_ll
                0x0000000000209b80        0xc build/zoul/remote-revb/obj/uip-ds6-nbr.o
                0x0000000000209b80                uip_ds6_nbr_get_ll
 .text.uip_ds6_nbr_head
                0x0000000000209b8c        0xc build/zoul/remote-revb/obj/uip-ds6-nbr.o
                0x0000000000209b8c                uip_ds6_nbr_head
 .text.uip_ds6_nbr_next
                0x0000000000209b98        0xc build/zoul/remote-revb/obj/uip-ds6-nbr.o
                0x0000000000209b98                uip_ds6_nbr_next
 .text.uip_ds6_nbr_ll_lookup
                0x0000000000209ba4        0xc build/zoul/remote-revb/obj/uip-ds6-nbr.o
                0x0000000000209ba4                uip_ds6_nbr_ll_lookup
 .text.uip_ds6_nbr_update_ll
                0x0000000000209bb0      0x114 build/zoul/remote-revb/obj/uip-ds6-nbr.o
                0x0000000000209bb0                uip_ds6_nbr_update_ll
 .text.ns_input
                0x0000000000209cc4      0x3d8 build/zoul/remote-revb/obj/uip-nd6.o
 .text.uip_nd6_init
                0x000000000020a09c        0xc build/zoul/remote-revb/obj/uip-nd6.o
                0x000000000020a09c                uip_nd6_init
 .text.process_thread_simple_udp_process
                0x000000000020a0a8       0xb8 build/zoul/remote-revb/obj/simple-udp.o
 .text.simple_udp_register
                0x000000000020a160       0x88 build/zoul/remote-revb/obj/simple-udp.o
                0x000000000020a160                simple_udp_register
 .text.clear_fragments
                0x000000000020a1e8       0x38 build/zoul/remote-revb/obj/sicslowpan.o
 .text.sicslowpan_init
                0x000000000020a220       0x18 build/zoul/remote-revb/obj/sicslowpan.o
                0x000000000020a220                sicslowpan_init
 .text.set_packet_attrs
                0x000000000020a238       0x58 build/zoul/remote-revb/obj/sicslowpan.o
 .text.compress_addr_64
                0x000000000020a290       0x90 build/zoul/remote-revb/obj/sicslowpan.o
 .text.addr_context_lookup_by_prefix
                0x000000000020a320       0x24 build/zoul/remote-revb/obj/sicslowpan.o
 .text.send_packet
                0x000000000020a344       0x24 build/zoul/remote-revb/obj/sicslowpan.o
 .text.fragment_copy_payload_and_send
                0x000000000020a368       0x68 build/zoul/remote-revb/obj/sicslowpan.o
 .text.output   0x000000000020a3d0      0x744 build/zoul/remote-revb/obj/sicslowpan.o
 .text.packet_sent
                0x000000000020ab14       0x5c build/zoul/remote-revb/obj/sicslowpan.o
 .text.store_fragment
                0x000000000020ab70       0x5c build/zoul/remote-revb/obj/sicslowpan.o
 .text.uncompress_addr
                0x000000000020abcc       0x70 build/zoul/remote-revb/obj/sicslowpan.o
 .text.add_fragment
                0x000000000020ac3c      0x14c build/zoul/remote-revb/obj/sicslowpan.o
 .text.input    0x000000000020ad88      0x82c build/zoul/remote-revb/obj/sicslowpan.o
 .text.uiplib_ipaddr_snprint
                0x000000000020b5b4       0xfc build/zoul/remote-revb/obj/uiplib.o
                0x000000000020b5b4                uiplib_ipaddr_snprint
 .text.get_rank
                0x000000000020b6b0       0x20 build/zoul/remote-revb/obj/rpl-nbr-policy.o
 .text.max_acceptable_rank
                0x000000000020b6d0       0x20 build/zoul/remote-revb/obj/rpl-neighbor.o
 .text.remove_neighbor
                0x000000000020b6f0       0x3c build/zoul/remote-revb/obj/rpl-neighbor.o
 .text.rpl_neighbor_count
                0x000000000020b72c       0x2c build/zoul/remote-revb/obj/rpl-neighbor.o
                0x000000000020b72c                rpl_neighbor_count
 .text.rpl_neighbor_get_from_lladdr
                0x000000000020b758       0x10 build/zoul/remote-revb/obj/rpl-neighbor.o
                0x000000000020b758                rpl_neighbor_get_from_lladdr
 .text.rpl_neighbor_is_acceptable_parent
                0x000000000020b768       0x18 build/zoul/remote-revb/obj/rpl-neighbor.o
                0x000000000020b768                rpl_neighbor_is_acceptable_parent
 .text.rpl_neighbor_get_link_metric
                0x000000000020b780       0x18 build/zoul/remote-revb/obj/rpl-neighbor.o
                0x000000000020b780                rpl_neighbor_get_link_metric
 .text.rpl_neighbor_rank_via_nbr
                0x000000000020b798       0x18 build/zoul/remote-revb/obj/rpl-neighbor.o
                0x000000000020b798                rpl_neighbor_rank_via_nbr
 .text.rpl_neighbor_get_lladdr
                0x000000000020b7b0       0x10 build/zoul/remote-revb/obj/rpl-neighbor.o
                0x000000000020b7b0                rpl_neighbor_get_lladdr
 .text.best_parent
                0x000000000020b7c0       0x80 build/zoul/remote-revb/obj/rpl-neighbor.o
 .text.rpl_neighbor_snprint
                0x000000000020b840      0x170 build/zoul/remote-revb/obj/rpl-neighbor.o
                0x000000000020b840                rpl_neighbor_snprint
 .text.rpl_neighbor_print_list
                0x000000000020b9b0      0x114 build/zoul/remote-revb/obj/rpl-neighbor.o
                0x000000000020b9b0                rpl_neighbor_print_list
 .text.rpl_neighbor_set_preferred_parent
                0x000000000020bac4       0xbc build/zoul/remote-revb/obj/rpl-neighbor.o
                0x000000000020bac4                rpl_neighbor_set_preferred_parent
 .text.rpl_neighbor_remove_all
                0x000000000020bb80       0x64 build/zoul/remote-revb/obj/rpl-neighbor.o
                0x000000000020bb80                rpl_neighbor_remove_all
 .text.rpl_neighbor_get_from_ipaddr
                0x000000000020bbe4       0x1c build/zoul/remote-revb/obj/rpl-neighbor.o
                0x000000000020bbe4                rpl_neighbor_get_from_ipaddr
 .text.rpl_neighbor_select_best
                0x000000000020bc00       0xa8 build/zoul/remote-revb/obj/rpl-neighbor.o
                0x000000000020bc00                rpl_neighbor_select_best
 .text.rpl_neighbor_init
                0x000000000020bca8       0x14 build/zoul/remote-revb/obj/rpl-neighbor.o
                0x000000000020bca8                rpl_neighbor_init
 .text.init_dag
                0x000000000020bcbc       0xd0 build/zoul/remote-revb/obj/rpl-dag.o
 .text.process_dio_init_dag
                0x000000000020bd8c      0x16c build/zoul/remote-revb/obj/rpl-dag.o
 .text.rpl_dag_state_to_str
                0x000000000020bef8       0x18 build/zoul/remote-revb/obj/rpl-dag.o
                0x000000000020bef8                rpl_dag_state_to_str
 .text.rpl_dag_get_root_ipaddr
                0x000000000020bf10       0x30 build/zoul/remote-revb/obj/rpl-dag.o
                0x000000000020bf10                rpl_dag_get_root_ipaddr
 .text.rpl_dag_leave
                0x000000000020bf40       0xa4 build/zoul/remote-revb/obj/rpl-dag.o
                0x000000000020bf40                rpl_dag_leave
 .text.rpl_dag_poison_and_leave
                0x000000000020bfe4       0x10 build/zoul/remote-revb/obj/rpl-dag.o
                0x000000000020bfe4                rpl_dag_poison_and_leave
 .text.rpl_dag_periodic
                0x000000000020bff4       0xa0 build/zoul/remote-revb/obj/rpl-dag.o
                0x000000000020bff4                rpl_dag_periodic
 .text.rpl_is_addr_in_our_dag
                0x000000000020c094       0x24 build/zoul/remote-revb/obj/rpl-dag.o
                0x000000000020c094                rpl_is_addr_in_our_dag
 .text.rpl_local_repair
                0x000000000020c0b8       0x6c build/zoul/remote-revb/obj/rpl-dag.o
                0x000000000020c0b8                rpl_local_repair
 .text.rpl_global_repair
                0x000000000020c124       0x84 build/zoul/remote-revb/obj/rpl-dag.o
                0x000000000020c124                rpl_global_repair
 .text.rpl_dag_ready_to_advertise
                0x000000000020c1a8       0x24 build/zoul/remote-revb/obj/rpl-dag.o
                0x000000000020c1a8                rpl_dag_ready_to_advertise
 .text.rpl_dag_update_state
                0x000000000020c1cc      0x200 build/zoul/remote-revb/obj/rpl-dag.o
                0x000000000020c1cc                rpl_dag_update_state
 .text.rpl_process_dio
                0x000000000020c3cc      0x2e0 build/zoul/remote-revb/obj/rpl-dag.o
                0x000000000020c3cc                rpl_process_dio
 .text.rpl_process_dis
                0x000000000020c6ac       0x5c build/zoul/remote-revb/obj/rpl-dag.o
                0x000000000020c6ac                rpl_process_dis
 .text.rpl_process_dao
                0x000000000020c708       0x84 build/zoul/remote-revb/obj/rpl-dag.o
                0x000000000020c708                rpl_process_dao
 .text.rpl_process_dao_ack
                0x000000000020c78c       0x88 build/zoul/remote-revb/obj/rpl-dag.o
                0x000000000020c78c                rpl_process_dao_ack
 .text.rpl_dag_init_root
                0x000000000020c814      0x100 build/zoul/remote-revb/obj/rpl-dag.o
                0x000000000020c814                rpl_dag_init_root
 .text.rpl_dag_init
                0x000000000020c914       0x10 build/zoul/remote-revb/obj/rpl-dag.o
                0x000000000020c914                rpl_dag_init
 .text.new_dio_interval
                0x000000000020c924       0x54 build/zoul/remote-revb/obj/rpl-timers.o
 .text.schedule_dao_retransmission
                0x000000000020c978       0x30 build/zoul/remote-revb/obj/rpl-timers.o
 .text.handle_unicast_dio_timer
                0x000000000020c9a8       0x1c build/zoul/remote-revb/obj/rpl-timers.o
 .text.send_new_dao
                0x000000000020c9c4       0x34 build/zoul/remote-revb/obj/rpl-timers.o
 .text.resend_dao
                0x000000000020c9f8       0x38 build/zoul/remote-revb/obj/rpl-timers.o
 .text.handle_dao_ack_timer
                0x000000000020ca30       0x14 build/zoul/remote-revb/obj/rpl-timers.o
 .text.handle_leaving_timer
                0x000000000020ca44       0x10 build/zoul/remote-revb/obj/rpl-timers.o
 .text.handle_dio_timer
                0x000000000020ca54       0x70 build/zoul/remote-revb/obj/rpl-timers.o
 .text.rpl_timers_schedule_periodic_dis
                0x000000000020cac4       0x38 build/zoul/remote-revb/obj/rpl-timers.o
                0x000000000020cac4                rpl_timers_schedule_periodic_dis
 .text.handle_dis_timer
                0x000000000020cafc       0x34 build/zoul/remote-revb/obj/rpl-timers.o
 .text.handle_periodic_timer
                0x000000000020cb30       0x64 build/zoul/remote-revb/obj/rpl-timers.o
 .text.rpl_timers_dio_reset
                0x000000000020cb94       0x6c build/zoul/remote-revb/obj/rpl-timers.o
                0x000000000020cb94                rpl_timers_dio_reset
 .text.rpl_timers_schedule_unicast_dio
                0x000000000020cc00       0x28 build/zoul/remote-revb/obj/rpl-timers.o
                0x000000000020cc00                rpl_timers_schedule_unicast_dio
 .text.rpl_timers_schedule_dao
                0x000000000020cc28       0x34 build/zoul/remote-revb/obj/rpl-timers.o
                0x000000000020cc28                rpl_timers_schedule_dao
 .text.rpl_timers_schedule_dao_ack
                0x000000000020cc5c       0x48 build/zoul/remote-revb/obj/rpl-timers.o
                0x000000000020cc5c                rpl_timers_schedule_dao_ack
 .text.rpl_timers_notify_dao_ack
                0x000000000020cca4       0x50 build/zoul/remote-revb/obj/rpl-timers.o
                0x000000000020cca4                rpl_timers_notify_dao_ack
 .text.get_probing_target
                0x000000000020ccf4       0xb0 build/zoul/remote-revb/obj/rpl-timers.o
                0x000000000020ccf4                get_probing_target
 .text.rpl_schedule_probing
                0x000000000020cda4       0x28 build/zoul/remote-revb/obj/rpl-timers.o
                0x000000000020cda4                rpl_schedule_probing
 .text.handle_probing_timer
                0x000000000020cdcc       0xcc build/zoul/remote-revb/obj/rpl-timers.o
 .text.rpl_schedule_probing_now
                0x000000000020ce98       0x2c build/zoul/remote-revb/obj/rpl-timers.o
                0x000000000020ce98                rpl_schedule_probing_now
 .text.rpl_timers_unschedule_leaving
                0x000000000020cec4       0x24 build/zoul/remote-revb/obj/rpl-timers.o
                0x000000000020cec4                rpl_timers_unschedule_leaving
 .text.rpl_timers_schedule_leaving
                0x000000000020cee8       0x30 build/zoul/remote-revb/obj/rpl-timers.o
                0x000000000020cee8                rpl_timers_schedule_leaving
 .text.rpl_timers_init
                0x000000000020cf18       0x20 build/zoul/remote-revb/obj/rpl-timers.o
                0x000000000020cf18                rpl_timers_init
 .text.rpl_timers_stop_dag_timers
                0x000000000020cf38       0x44 build/zoul/remote-revb/obj/rpl-timers.o
                0x000000000020cf38                rpl_timers_stop_dag_timers
 .text.rpl_timers_unschedule_state_update
                0x000000000020cf7c       0x14 build/zoul/remote-revb/obj/rpl-timers.o
                0x000000000020cf7c                rpl_timers_unschedule_state_update
 .text.rpl_timers_schedule_state_update
                0x000000000020cf90       0x1c build/zoul/remote-revb/obj/rpl-timers.o
                0x000000000020cf90                rpl_timers_schedule_state_update
 .text.update_hbh_header
                0x000000000020cfac       0xac build/zoul/remote-revb/obj/rpl-ext-header.o
 .text.rpl_ext_header_srh_get_next_hop
                0x000000000020d058       0x84 build/zoul/remote-revb/obj/rpl-ext-header.o
                0x000000000020d058                rpl_ext_header_srh_get_next_hop
 .text.rpl_ext_header_srh_update
                0x000000000020d0dc      0x1c0 build/zoul/remote-revb/obj/rpl-ext-header.o
                0x000000000020d0dc                rpl_ext_header_srh_update
 .text.rpl_ext_header_hbh_update
                0x000000000020d29c      0x1b0 build/zoul/remote-revb/obj/rpl-ext-header.o
                0x000000000020d29c                rpl_ext_header_hbh_update
 .text.rpl_ext_header_remove
                0x000000000020d44c       0xb0 build/zoul/remote-revb/obj/rpl-ext-header.o
                0x000000000020d44c                rpl_ext_header_remove
 .text.rpl_ext_header_update
                0x000000000020d4fc      0x400 build/zoul/remote-revb/obj/rpl-ext-header.o
                0x000000000020d4fc                rpl_ext_header_update
 .text.rpl_has_joined
                0x000000000020d8fc       0x18 build/zoul/remote-revb/obj/rpl.o
                0x000000000020d8fc                rpl_has_joined
 .text.rpl_is_reachable
                0x000000000020d914       0x18 build/zoul/remote-revb/obj/rpl.o
                0x000000000020d914                rpl_is_reachable
 .text.rpl_get_leaf_only
                0x000000000020d92c        0xc build/zoul/remote-revb/obj/rpl.o
                0x000000000020d92c                rpl_get_leaf_only
 .text.set_ip_from_prefix
                0x000000000020d938       0x2c build/zoul/remote-revb/obj/rpl.o
 .text.init     0x000000000020d964       0x70 build/zoul/remote-revb/obj/rpl.o
 .text.rpl_link_callback
                0x000000000020d9d4       0x94 build/zoul/remote-revb/obj/rpl.o
                0x000000000020d9d4                rpl_link_callback
 .text.get_sr_node_ipaddr
                0x000000000020da68       0x2c build/zoul/remote-revb/obj/rpl.o
 .text.rpl_get_global_address
                0x000000000020da94       0x68 build/zoul/remote-revb/obj/rpl.o
                0x000000000020da94                rpl_get_global_address
 .text.rpl_reset_prefix
                0x000000000020dafc       0x7c build/zoul/remote-revb/obj/rpl.o
                0x000000000020dafc                rpl_reset_prefix
 .text.rpl_set_prefix_from_addr
                0x000000000020db78       0xdc build/zoul/remote-revb/obj/rpl.o
                0x000000000020db78                rpl_set_prefix_from_addr
 .text.update_metric_container
                0x000000000020dc54        0xc build/zoul/remote-revb/obj/rpl-mrhof.o
 .text.within_hysteresis
                0x000000000020dc60       0x3c build/zoul/remote-revb/obj/rpl-mrhof.o
 .text.rank_via_nbr
                0x000000000020dc9c       0x30 build/zoul/remote-revb/obj/rpl-mrhof.o
 .text.best_parent
                0x000000000020dccc       0x68 build/zoul/remote-revb/obj/rpl-mrhof.o
 .text.reset    0x000000000020dd34       0x3c build/zoul/remote-revb/obj/rpl-mrhof.o
 .text.dao_ack_input
                0x000000000020dd70       0xd4 build/zoul/remote-revb/obj/rpl-icmp6.o
 .text.dao_input
                0x000000000020de44      0x224 build/zoul/remote-revb/obj/rpl-icmp6.o
 .text.dio_input
                0x000000000020e068      0x3d4 build/zoul/remote-revb/obj/rpl-icmp6.o
 .text.dis_input
                0x000000000020e43c       0xa0 build/zoul/remote-revb/obj/rpl-icmp6.o
 .text.rpl_icmp6_update_nbr_table
                0x000000000020e4dc       0xa0 build/zoul/remote-revb/obj/rpl-icmp6.o
                0x000000000020e4dc                rpl_icmp6_update_nbr_table
 .text.rpl_icmp6_dis_output
                0x000000000020e57c       0x8c build/zoul/remote-revb/obj/rpl-icmp6.o
                0x000000000020e57c                rpl_icmp6_dis_output
 .text.rpl_icmp6_dio_output
                0x000000000020e608      0x274 build/zoul/remote-revb/obj/rpl-icmp6.o
                0x000000000020e608                rpl_icmp6_dio_output
 .text.rpl_icmp6_dao_output
                0x000000000020e87c      0x1f0 build/zoul/remote-revb/obj/rpl-icmp6.o
                0x000000000020e87c                rpl_icmp6_dao_output
 .text.rpl_icmp6_dao_ack_output
                0x000000000020ea6c       0xa8 build/zoul/remote-revb/obj/rpl-icmp6.o
                0x000000000020ea6c                rpl_icmp6_dao_ack_output
 .text.rpl_icmp6_init
                0x000000000020eb14       0x30 build/zoul/remote-revb/obj/rpl-icmp6.o
                0x000000000020eb14                rpl_icmp6_init
 .text.rpl_dag_root_set_prefix
                0x000000000020eb44      0x10c build/zoul/remote-revb/obj/rpl-dag-root.o
                0x000000000020eb44                rpl_dag_root_set_prefix
 .text.rpl_dag_root_start
                0x000000000020ec50       0xbc build/zoul/remote-revb/obj/rpl-dag-root.o
                0x000000000020ec50                rpl_dag_root_start
 .text.rpl_dag_root_is_root
                0x000000000020ed0c       0x18 build/zoul/remote-revb/obj/rpl-dag-root.o
                0x000000000020ed0c                rpl_dag_root_is_root
 .text.rpl_dag_root_print_links
                0x000000000020ed24       0xd8 build/zoul/remote-revb/obj/rpl-dag-root.o
                0x000000000020ed24                rpl_dag_root_print_links
 .text.process_thread_udp_process
                0x000000000020edfc      0x104 pingpong.o
 .text.udp_rx   0x000000000020ef00       0x98 pingpong.o
 .text          0x000000000020ef98       0x30 /usr/lib/gcc/arm-none-eabi/9.2.1/thumb/v7-m/nofp/libgcc.a(_aeabi_uldivmod.o)
                0x000000000020ef98                __aeabi_uldivmod
 .text          0x000000000020efc8      0x2c4 /usr/lib/gcc/arm-none-eabi/9.2.1/thumb/v7-m/nofp/libgcc.a(_udivmoddi4.o)
                0x000000000020efc8                __udivmoddi4
 .text          0x000000000020f28c        0x4 /usr/lib/gcc/arm-none-eabi/9.2.1/thumb/v7-m/nofp/libgcc.a(_dvmd_tls.o)
                0x000000000020f28c                __aeabi_ldiv0
                0x000000000020f28c                __aeabi_idiv0
 .text          0x000000000020f290       0x60 /usr/lib/gcc/arm-none-eabi/9.2.1/../../../arm-none-eabi/lib/thumb/v7-m/nofp/libc.a(lib_a-memcmp.o)
                0x000000000020f290                memcmp
 .text          0x000000000020f2f0       0xec /usr/lib/gcc/arm-none-eabi/9.2.1/../../../arm-none-eabi/lib/thumb/v7-m/nofp/libc.a(lib_a-memcpy.o)
                0x000000000020f2f0                memcpy
 .text          0x000000000020f3dc       0xcc /usr/lib/gcc/arm-none-eabi/9.2.1/../../../arm-none-eabi/lib/thumb/v7-m/nofp/libc.a(lib_a-memmove.o)
                0x000000000020f3dc                memmove
 .text          0x000000000020f4a8       0xa0 /usr/lib/gcc/arm-none-eabi/9.2.1/../../../arm-none-eabi/lib/thumb/v7-m/nofp/libc.a(lib_a-memset.o)
                0x000000000020f4a8                memset
 .text          0x000000000020f548       0x40 /usr/lib/gcc/arm-none-eabi/9.2.1/../../../arm-none-eabi/lib/thumb/v7-m/nofp/libc.a(lib_a-strcat.o)
                0x000000000020f548                strcat
 .text          0x000000000020f588       0xbc /usr/lib/gcc/arm-none-eabi/9.2.1/../../../arm-none-eabi/lib/thumb/v7-m/nofp/libc.a(lib_a-strcpy.o)
                0x000000000020f588                strcpy
 .text          0x000000000020f644       0x5c /usr/lib/gcc/arm-none-eabi/9.2.1/../../../arm-none-eabi/lib/thumb/v7-m/nofp/libc.a(lib_a-strlen-stub.o)
                0x000000000020f644                strlen
 .text          0x000000000020f6a0      0x458 /usr/lib/gcc/arm-none-eabi/9.2.1/../../../arm-none-eabi/lib/thumb/v7-m/nofp/libc.a(lib_a-strstr.o)
                0x000000000020f978                strstr
 .text          0x000000000020faf8      0x164 /usr/lib/gcc/arm-none-eabi/9.2.1/../../../arm-none-eabi/lib/thumb/v7-m/nofp/libc.a(lib_a-strtol.o)
                0x000000000020fc30                _strtol_r
                0x000000000020fc34                strtol_l
                0x000000000020fc48                strtol
 .text          0x000000000020fc5c        0xc /usr/lib/gcc/arm-none-eabi/9.2.1/../../../arm-none-eabi/lib/thumb/v7-m/nofp/libc.a(lib_a-errno.o)
                0x000000000020fc5c                __errno
 .text          0x000000000020fc68       0xc8 /usr/lib/gcc/arm-none-eabi/9.2.1/../../../arm-none-eabi/lib/thumb/v7-m/nofp/libc.a(lib_a-strchr.o)
                0x000000000020fc68                strchr
 .text          0x000000000020fd30       0x40 /usr/lib/gcc/arm-none-eabi/9.2.1/../../../arm-none-eabi/lib/thumb/v7-m/nofp/libc.a(lib_a-strnlen.o)
                0x000000000020fd30                strnlen
 .text.default_handler
                0x000000000020fd70        0x2 build/zoul/remote-revb/obj/startup-gcc.o
                0x000000000020fd70                default_handler
 .text.nmi_handler
                0x000000000020fd72        0x6 build/zoul/remote-revb/obj/startup-gcc.o
                0x000000000020fd72                nmi_handler
 .text.fade     0x000000000020fd78       0x58 build/zoul/remote-revb/obj/platform.o
 .text.platform_init_stage_one
                0x000000000020fdd0       0x14 build/zoul/remote-revb/obj/platform.o
                0x000000000020fdd0                platform_init_stage_one
 .text.platform_idle
                0x000000000020fde4        0x4 build/zoul/remote-revb/obj/platform.o
                0x000000000020fde4                platform_idle
 .text.board_init
                0x000000000020fde8        0x4 build/zoul/remote-revb/obj/board.o
                0x000000000020fde8                board_init
 .text.soc_init
                0x000000000020fdec       0x22 build/zoul/remote-revb/obj/soc.o
                0x000000000020fdec                soc_init
 .text.clock_isr
                0x000000000020fe0e        0x4 build/zoul/remote-revb/obj/clock.o
                0x000000000020fe0e                clock_isr
 .text.rtimer_arch_init
                0x000000000020fe12        0x2 build/zoul/remote-revb/obj/rtimer-arch.o
                0x000000000020fe12                rtimer_arch_init
 .text.uart0_isr
                0x000000000020fe14        0x6 build/zoul/remote-revb/obj/uart.o
                0x000000000020fe14                uart0_isr
 .text.uart1_isr
                0x000000000020fe1a        0x6 build/zoul/remote-revb/obj/uart.o
                0x000000000020fe1a                uart1_isr
 .text.gpio_port_a_isr
                0x000000000020fe20        0x6 build/zoul/remote-revb/obj/gpio.o
                0x000000000020fe20                gpio_port_a_isr
 .text.gpio_port_b_isr
                0x000000000020fe26        0x6 build/zoul/remote-revb/obj/gpio.o
                0x000000000020fe26                gpio_port_b_isr
 .text.gpio_port_c_isr
                0x000000000020fe2c        0x6 build/zoul/remote-revb/obj/gpio.o
                0x000000000020fe2c                gpio_port_c_isr
 .text.gpio_port_d_isr
                0x000000000020fe32        0x6 build/zoul/remote-revb/obj/gpio.o
                0x000000000020fe32                gpio_port_d_isr
 .text.send     0x000000000020fe38       0x12 build/zoul/remote-revb/obj/cc2538-rf.o
 .text.int_master_read_and_disable
                0x000000000020fe4a        0x8 build/zoul/remote-revb/obj/int-master.o
                0x000000000020fe4a                int_master_read_and_disable
 .text.int_master_status_set
                0x000000000020fe52        0x6 build/zoul/remote-revb/obj/int-master.o
                0x000000000020fe52                int_master_status_set
 .text.dbg_send_bytes
                0x000000000020fe58       0x22 build/zoul/remote-revb/obj/dbg.o
                0x000000000020fe58                dbg_send_bytes
 .text.configure
                0x000000000020fe7a        0x4 build/zoul/remote-revb/obj/cc2538-temp-sensor.o
 .text.status   0x000000000020fe7e        0x4 build/zoul/remote-revb/obj/cc2538-temp-sensor.o
 .text.value    0x000000000020fe82       0x34 build/zoul/remote-revb/obj/cc2538-temp-sensor.o
 .text.configure
                0x000000000020feb6        0x4 build/zoul/remote-revb/obj/vdd3-sensor.o
 .text.status   0x000000000020feba        0x4 build/zoul/remote-revb/obj/vdd3-sensor.o
 .text.value    0x000000000020febe       0x2a build/zoul/remote-revb/obj/vdd3-sensor.o
 .text.lora2ipv6
                0x000000000020fee8       0x2c build/zoul/remote-revb/obj/interface.o
                0x000000000020fee8                lora2ipv6
 .text.send_to_phy
                0x000000000020ff14       0x1c build/zoul/remote-revb/obj/loramac.o
                0x000000000020ff14                send_to_phy
 .text.mac_send_packet
                0x000000000020ff30       0x30 build/zoul/remote-revb/obj/loramac.o
                0x000000000020ff30                mac_send_packet
 .text.mutex_cortex_try_lock
                0x000000000020ff60       0x20 build/zoul/remote-revb/obj/rn2483radio.o
 .text.parse    0x000000000020ff80       0xda build/zoul/remote-revb/obj/rn2483radio.o
                0x000000000020ff80                parse
 .text.phy_tx   0x000000000021005a       0x3c build/zoul/remote-revb/obj/rn2483radio.o
                0x000000000021005a                phy_tx
 .text.phy_timeout
                0x0000000000210096       0x40 build/zoul/remote-revb/obj/rn2483radio.o
                0x0000000000210096                phy_timeout
 .text.stimer_set
                0x00000000002100d6        0xe build/zoul/remote-revb/obj/stimer.o
                0x00000000002100d6                stimer_set
 .text.stimer_expired
                0x00000000002100e4       0x1e build/zoul/remote-revb/obj/stimer.o
                0x00000000002100e4                stimer_expired
 .text.autostart_start
                0x0000000000210102       0x14 build/zoul/remote-revb/obj/autostart.o
                0x0000000000210102                autostart_start
 .text.energest_init
                0x0000000000210116        0x2 build/zoul/remote-revb/obj/energest.o
                0x0000000000210116                energest_init
 .text.etimer_set
                0x0000000000210118       0x12 build/zoul/remote-revb/obj/etimer.o
                0x0000000000210118                etimer_set
 .text.etimer_reset
                0x000000000021012a       0x12 build/zoul/remote-revb/obj/etimer.o
                0x000000000021012a                etimer_reset
 .text.etimer_restart
                0x000000000021013c       0x12 build/zoul/remote-revb/obj/etimer.o
                0x000000000021013c                etimer_restart
 .text.etimer_expired
                0x000000000021014e        0xa build/zoul/remote-revb/obj/etimer.o
                0x000000000021014e                etimer_expired
 .text.call_process
                0x0000000000210158        0xc build/zoul/remote-revb/obj/process.o
 .text.rtimer_init
                0x0000000000210164        0x4 build/zoul/remote-revb/obj/rtimer.o
                0x0000000000210164                rtimer_init
 .text.timer_set
                0x0000000000210168        0xe build/zoul/remote-revb/obj/timer.o
                0x0000000000210168                timer_set
 .text.timer_restart
                0x0000000000210176        0xc build/zoul/remote-revb/obj/timer.o
                0x0000000000210176                timer_restart
 .text.timer_expired
                0x0000000000210182       0x1c build/zoul/remote-revb/obj/timer.o
                0x0000000000210182                timer_expired
 .text.timer_reset
                0x000000000021019e       0x14 build/zoul/remote-revb/obj/timer.o
                0x000000000021019e                timer_reset
 .text.ringbuf_init
                0x00000000002101b2        0xe build/zoul/remote-revb/obj/ringbuf.o
                0x00000000002101b2                ringbuf_init
 .text.ringbuf_put
                0x00000000002101c0       0x26 build/zoul/remote-revb/obj/ringbuf.o
                0x00000000002101c0                ringbuf_put
 .text.ringbuf_get
                0x00000000002101e6       0x20 build/zoul/remote-revb/obj/ringbuf.o
                0x00000000002101e6                ringbuf_get
 .text.list_init
                0x0000000000210206        0x6 build/zoul/remote-revb/obj/list.o
                0x0000000000210206                list_init
 .text.list_head
                0x000000000021020c        0x4 build/zoul/remote-revb/obj/list.o
                0x000000000021020c                list_head
 .text.list_tail
                0x0000000000210210       0x10 build/zoul/remote-revb/obj/list.o
                0x0000000000210210                list_tail
 .text.list_remove
                0x0000000000210220       0x26 build/zoul/remote-revb/obj/list.o
                0x0000000000210220                list_remove
 .text.list_add
                0x0000000000210246       0x1a build/zoul/remote-revb/obj/list.o
                0x0000000000210246                list_add
 .text.list_push
                0x0000000000210260        0xe build/zoul/remote-revb/obj/list.o
                0x0000000000210260                list_push
 .text.list_length
                0x000000000021026e        0xe build/zoul/remote-revb/obj/list.o
                0x000000000021026e                list_length
 .text.list_item_next
                0x000000000021027c        0x6 build/zoul/remote-revb/obj/list.o
                0x000000000021027c                list_item_next
 .text.memb_init
                0x0000000000210282       0x20 build/zoul/remote-revb/obj/memb.o
                0x0000000000210282                memb_init
 .text.memb_alloc
                0x00000000002102a2       0x28 build/zoul/remote-revb/obj/memb.o
                0x00000000002102a2                memb_alloc
 .text.memb_free
                0x00000000002102ca       0x2c build/zoul/remote-revb/obj/memb.o
                0x00000000002102ca                memb_free
 .text.memb_inmemb
                0x00000000002102f6       0x1c build/zoul/remote-revb/obj/memb.o
                0x00000000002102f6                memb_inmemb
 .text.memb_numfree
                0x0000000000210312       0x1c build/zoul/remote-revb/obj/memb.o
                0x0000000000210312                memb_numfree
 .text.button_hal_get_state
                0x000000000021032e       0x28 build/zoul/remote-revb/obj/button-hal.o
                0x000000000021032e                button_hal_get_state
 .text.queuebuf_update_attr_from_packetbuf
                0x0000000000210356        0xc build/zoul/remote-revb/obj/queuebuf.o
                0x0000000000210356                queuebuf_update_attr_from_packetbuf
 .text.item_from_index
                0x0000000000210362       0x14 build/zoul/remote-revb/obj/nbr-table.o
 .text.index_from_item
                0x0000000000210376       0x16 build/zoul/remote-revb/obj/nbr-table.o
 .text.nbr_set_bit
                0x000000000021038c       0x3a build/zoul/remote-revb/obj/nbr-table.o
 .text.nbr_table_get_from_lladdr
                0x00000000002103c6       0x26 build/zoul/remote-revb/obj/nbr-table.o
                0x00000000002103c6                nbr_table_get_from_lladdr
 .text.linkaddr_copy
                0x00000000002103ec        0x6 build/zoul/remote-revb/obj/linkaddr.o
                0x00000000002103ec                linkaddr_copy
 .text.linkaddr_cmp
                0x00000000002103f2       0x10 build/zoul/remote-revb/obj/linkaddr.o
                0x00000000002103f2                linkaddr_cmp
 .text.link_stats_is_fresh
                0x0000000000210402       0x24 build/zoul/remote-revb/obj/link-stats.o
                0x0000000000210402                link_stats_is_fresh
 .text.guess_etx_from_rssi
                0x0000000000210426       0x3e build/zoul/remote-revb/obj/link-stats.o
                0x0000000000210426                guess_etx_from_rssi
 .text.mac_call_sent_callback
                0x0000000000210464       0x16 build/zoul/remote-revb/obj/mac.o
                0x0000000000210464                mac_call_sent_callback
 .text.parse    0x000000000021047a       0x94 build/zoul/remote-revb/obj/framer-802154.o
 .text.framer_802154_setup_params.part.0
                0x000000000021050e       0x7c build/zoul/remote-revb/obj/framer-802154.o
 .text.create   0x000000000021058a        0x6 build/zoul/remote-revb/obj/framer-802154.o
 .text.hdr_length
                0x0000000000210590        0x6 build/zoul/remote-revb/obj/framer-802154.o
 .text.frame802154_has_panid
                0x0000000000210596       0xb6 build/zoul/remote-revb/obj/frame802154.o
                0x0000000000210596                frame802154_has_panid
 .text.field_len
                0x000000000021064c       0x84 build/zoul/remote-revb/obj/frame802154.o
 .text.frame802154_is_broadcast_addr
                0x00000000002106d0       0x1e build/zoul/remote-revb/obj/frame802154.o
                0x00000000002106d0                frame802154_is_broadcast_addr
 .text.frame802154_hdrlen
                0x00000000002106ee       0x32 build/zoul/remote-revb/obj/frame802154.o
                0x00000000002106ee                frame802154_hdrlen
 .text.frame802154_create_fcf
                0x0000000000210720       0x5e build/zoul/remote-revb/obj/frame802154.o
                0x0000000000210720                frame802154_create_fcf
 .text.frame802154_create
                0x000000000021077e       0x8c build/zoul/remote-revb/obj/frame802154.o
                0x000000000021077e                frame802154_create
 .text.frame802154_parse_fcf
                0x000000000021080a       0x66 build/zoul/remote-revb/obj/frame802154.o
                0x000000000021080a                frame802154_parse_fcf
 .text.write_str
                0x0000000000210870       0x10 build/zoul/remote-revb/obj/printf.o
 .text.buffer_str
                0x0000000000210880       0x16 build/zoul/remote-revb/obj/sprintf.o
 .text.buffer_str
                0x0000000000210896       0x28 build/zoul/remote-revb/obj/snprintf.o
 .text.snprintf
                0x00000000002108be       0x1a build/zoul/remote-revb/obj/snprintf.o
                0x00000000002108be                snprintf
 .text.putchar  0x00000000002108d8        0xc build/zoul/remote-revb/obj/putchar.o
                0x00000000002108d8                putchar
 .text.send_packet
                0x00000000002108e4        0x4 build/zoul/remote-revb/obj/csma.o
 .text.uipbuf_set_len_field
                0x00000000002108e8        0x6 build/zoul/remote-revb/obj/uipbuf.o
                0x00000000002108e8                uipbuf_set_len_field
 .text.uipbuf_get_len_field
                0x00000000002108ee        0xc build/zoul/remote-revb/obj/uipbuf.o
                0x00000000002108ee                uipbuf_get_len_field
 .text.uipbuf_get_next_header
                0x00000000002108fa       0x48 build/zoul/remote-revb/obj/uipbuf.o
                0x00000000002108fa                uipbuf_get_next_header
 .text.uipbuf_get_last_header
                0x0000000000210942       0x2c build/zoul/remote-revb/obj/uipbuf.o
                0x0000000000210942                uipbuf_get_last_header
 .text.uipbuf_search_header
                0x000000000021096e       0x40 build/zoul/remote-revb/obj/uipbuf.o
                0x000000000021096e                uipbuf_search_header
 .text.uip_sr_expire_parent
                0x00000000002109ae       0x28 build/zoul/remote-revb/obj/uip-sr.o
                0x00000000002109ae                uip_sr_expire_parent
 .text.uip_sr_node_next
                0x00000000002109d6        0x4 build/zoul/remote-revb/obj/uip-sr.o
                0x00000000002109d6                uip_sr_node_next
 .text.uip_ds6_list_loop
                0x00000000002109da       0x4e build/zoul/remote-revb/obj/uip-ds6.o
                0x00000000002109da                uip_ds6_list_loop
 .text.uip_ds6_maddr_rm
                0x0000000000210a28        0x8 build/zoul/remote-revb/obj/uip-ds6.o
                0x0000000000210a28                uip_ds6_maddr_rm
 .text.uip_ds6_set_addr_iid
                0x0000000000210a30       0x16 build/zoul/remote-revb/obj/uip-ds6.o
                0x0000000000210a30                uip_ds6_set_addr_iid
 .text.uip_ds6_set_lladdr_from_iid
                0x0000000000210a46       0x16 build/zoul/remote-revb/obj/uip-ds6.o
                0x0000000000210a46                uip_ds6_set_lladdr_from_iid
 .text.get_match_length
                0x0000000000210a5c       0x36 build/zoul/remote-revb/obj/uip-ds6.o
                0x0000000000210a5c                get_match_length
 .text.uip_udp_packet_sendto
                0x0000000000210a92       0x54 build/zoul/remote-revb/obj/uip-udp-packet.o
                0x0000000000210a92                uip_udp_packet_sendto
 .text.uip_ds6_route_nexthop
                0x0000000000210ae6        0x4 build/zoul/remote-revb/obj/uip-ds6-route.o
                0x0000000000210ae6                uip_ds6_route_nexthop
 .text.uip_ds6_route_lookup
                0x0000000000210aea        0x4 build/zoul/remote-revb/obj/uip-ds6-route.o
                0x0000000000210aea                uip_ds6_route_lookup
 .text.uip_ds6_route_rm
                0x0000000000210aee        0x2 build/zoul/remote-revb/obj/uip-ds6-route.o
                0x0000000000210aee                uip_ds6_route_rm
 .text.chksum   0x0000000000210af0       0x52 build/zoul/remote-revb/obj/uip6.o
 .text.uip_icmp6chksum
                0x0000000000210b42        0x6 build/zoul/remote-revb/obj/uip6.o
                0x0000000000210b42                uip_icmp6chksum
 .text.uip_udpchksum
                0x0000000000210b48        0x6 build/zoul/remote-revb/obj/uip6.o
                0x0000000000210b48                uip_udpchksum
 .text.uip_ds6_nbr_lookup
                0x0000000000210b4e       0x2c build/zoul/remote-revb/obj/uip-ds6-nbr.o
                0x0000000000210b4e                uip_ds6_nbr_lookup
 .text.uip_ds6_nbr_ipaddr_from_lladdr
                0x0000000000210b7a        0x4 build/zoul/remote-revb/obj/uip-ds6-nbr.o
                0x0000000000210b7a                uip_ds6_nbr_ipaddr_from_lladdr
 .text.uip_ds6_nbr_lladdr_from_ipaddr
                0x0000000000210b7e       0x12 build/zoul/remote-revb/obj/uip-ds6-nbr.o
                0x0000000000210b7e                uip_ds6_nbr_lladdr_from_ipaddr
 .text.uip_ds6_link_callback
                0x0000000000210b90        0x2 build/zoul/remote-revb/obj/uip-ds6-nbr.o
                0x0000000000210b90                uip_ds6_link_callback
 .text.simple_udp_sendto
                0x0000000000210b92       0x1e build/zoul/remote-revb/obj/simple-udp.o
                0x0000000000210b92                simple_udp_sendto
 .text.rpl_nbr_gc_get_worst
                0x0000000000210bb0       0x1e build/zoul/remote-revb/obj/rpl-nbr-policy.o
                0x0000000000210bb0                rpl_nbr_gc_get_worst
 .text.rpl_neighbor_get_ipaddr
                0x0000000000210bce        0xe build/zoul/remote-revb/obj/rpl-neighbor.o
                0x0000000000210bce                rpl_neighbor_get_ipaddr
 .text.rpl_neighbor_get_link_stats
                0x0000000000210bdc        0xe build/zoul/remote-revb/obj/rpl-neighbor.o
                0x0000000000210bdc                rpl_neighbor_get_link_stats
 .text.rpl_neighbor_is_fresh
                0x0000000000210bea        0xe build/zoul/remote-revb/obj/rpl-neighbor.o
                0x0000000000210bea                rpl_neighbor_is_fresh
 .text.rpl_process_hbh
                0x0000000000210bf8       0x1c build/zoul/remote-revb/obj/rpl-dag.o
                0x0000000000210bf8                rpl_process_hbh
 .text.handle_state_update
                0x0000000000210c14        0x4 build/zoul/remote-revb/obj/rpl-timers.o
 .text.get_probing_delay
                0x0000000000210c18       0x1a build/zoul/remote-revb/obj/rpl-timers.o
                0x0000000000210c18                get_probing_delay
 .text.neighbor_state_changed
                0x0000000000210c32        0x2 build/zoul/remote-revb/obj/rpl.o
 .text.drop_route
                0x0000000000210c34        0x2 build/zoul/remote-revb/obj/rpl.o
 .text.rpl_lollipop_greater_than
                0x0000000000210c36       0x34 build/zoul/remote-revb/obj/rpl.o
                0x0000000000210c36                rpl_lollipop_greater_than
 .text.nbr_link_metric
                0x0000000000210c6a       0x12 build/zoul/remote-revb/obj/rpl-mrhof.o
 .text.nbr_path_cost
                0x0000000000210c7c       0x28 build/zoul/remote-revb/obj/rpl-mrhof.o
 .text.nbr_has_usable_link
                0x0000000000210ca4       0x12 build/zoul/remote-revb/obj/rpl-mrhof.o
 .text.nbr_is_acceptable_parent